(node:99293) ExperimentalWarning: stripTypeScriptTypes is an experimental feature and might change at any time
(Use `node --trace-warnings ...` to show where the warning was created)
[conformance] START gaspra/lens-race
[conformance] PASS gaspra/lens-race (4801ms)
[conformance] START gaspra/lens-reacquire
[conformance] PASS gaspra/lens-reacquire (3211ms)
[conformance] START gaspra/lens-rejection
[conformance] PASS gaspra/lens-rejection (3236ms)
[conformance] START gaspra/lens-destroy
[conformance] PASS gaspra/lens-destroy (2972ms)
{
  "ok": true,
  "reports": [
    {
      "id": "gaspra",
      "case": "initial-shell",
      "skipped": true
    },
    {
      "id": "gaspra",
      "case": "desktop",
      "skipped": true
    },
    {
      "id": "gaspra",
      "case": "mobile",
      "skipped": true
    },
    {
      "id": "gaspra",
      "case": "pre-ready-hidden-motion-off",
      "skipped": true
    },
    {
      "id": "gaspra",
      "case": "pre-ready-visible-motion-off",
      "skipped": true
    },
    {
      "id": "gaspra",
      "case": "pre-ready-hidden-motion-on",
      "skipped": true
    },
    {
      "id": "gaspra",
      "case": "pre-ready-visible-motion-on",
      "skipped": true
    },
    {
      "id": "gaspra",
      "case": "dpr-1",
      "skipped": true
    },
    {
      "id": "gaspra",
      "case": "dpr-2",
      "skipped": true
    },
    {
      "id": "gaspra",
      "viewport": "lens-race",
      "lens": "normal",
      "slowDecodeCount": 1
    },
    {
      "id": "gaspra",
      "viewport": "lens-reacquire",
      "lens": "calibrated"
    },
    {
      "id": "gaspra",
      "viewport": "lens-rejection-retry",
      "lens": "calibrated"
    },
    {
      "id": "gaspra",
      "viewport": "lens-destroy"
    }
  ]
}
