(node:98078) ExperimentalWarning: stripTypeScriptTypes is an experimental feature and might change at any time
(Use `node --trace-warnings ...` to show where the warning was created)
[conformance] START ida/lens-race
[conformance] PASS ida/lens-race (3863ms)
[conformance] START ida/lens-reacquire
[conformance] PASS ida/lens-reacquire (3124ms)
[conformance] START ida/lens-rejection
[conformance] PASS ida/lens-rejection (3250ms)
[conformance] START ida/lens-destroy
[conformance] PASS ida/lens-destroy (3151ms)
{
  "ok": true,
  "reports": [
    {
      "id": "ida",
      "case": "initial-shell",
      "skipped": true
    },
    {
      "id": "ida",
      "case": "desktop",
      "skipped": true
    },
    {
      "id": "ida",
      "case": "mobile",
      "skipped": true
    },
    {
      "id": "ida",
      "case": "pre-ready-hidden-motion-off",
      "skipped": true
    },
    {
      "id": "ida",
      "case": "pre-ready-visible-motion-off",
      "skipped": true
    },
    {
      "id": "ida",
      "case": "pre-ready-hidden-motion-on",
      "skipped": true
    },
    {
      "id": "ida",
      "case": "pre-ready-visible-motion-on",
      "skipped": true
    },
    {
      "id": "ida",
      "case": "dpr-1",
      "skipped": true
    },
    {
      "id": "ida",
      "case": "dpr-2",
      "skipped": true
    },
    {
      "id": "ida",
      "viewport": "lens-race",
      "lens": "normal",
      "slowDecodeCount": 1
    },
    {
      "id": "ida",
      "viewport": "lens-reacquire",
      "lens": "calibrated"
    },
    {
      "id": "ida",
      "viewport": "lens-rejection-retry",
      "lens": "calibrated"
    },
    {
      "id": "ida",
      "viewport": "lens-destroy"
    }
  ]
}
