
> cssearth@0.1.0 test:shell /Users/ekrof/fed/cssEarth-pluto-small-moons
> node --test site/test/*.test.mjs

✖ every object mounts one canonical high-density image bank (13200.956583ms)
✔ the shared shell does not choose image assets by device DPR (2.312833ms)
✔ hidden charts schedule no work; visible charts batch reads, retain corrections, and retire cleanly (1.613041ms)
✔ the standard browser launch stays unchanged unless explicitly opted in (2.250958ms)
✔ the Chrome wrapper retains logs and arguments while preserving both CDP pipes (777.863375ms)
✖ capture platforms follow the selected dataset, including derived maps (19.064833ms)
✔ multi-mission composites retain each spacecraft once; other lenses do not inherit them (8.279375ms)
✔ illustrations and local models do not acquire capture provenance from an outer texture (10.128708ms)
✔ every declared capture has a catalog entry and stays tied to its pinned source (372.478ms)
✔ prepared mission artwork and three source-backed facts match the catalog (73.162958ms)
✔ missing capture metadata is not inferred from source names, and invalid identities fail (2.517625ms)
✔ records one correlated run, copies changing camera state, and is idle after stop (9.099667ms)
✔ a failed diagnostic read is captured without interrupting the application (0.692084ms)
✔ rail switches the retained About panel without storing or mounting a scene (2.656667ms)
✔ Escape restores a visible keyboard focus target (0.588167ms)
✔ settings shares the panel slot and mobile navigation returns to the top (0.651875ms)
✔ settings stays selected on repeat clicks and closes through About, Solar System, or Escape (0.400166ms)
✔ search stays visible in About and Settings and typing returns to the results (2.026792ms)
✔ destroy resets retained markup and remount does not duplicate listeners (0.935625ms)
✔ an incomplete rail fails clearly (0.62525ms)
✔ orders comparable facts before stable planet-specific facts (2.295667ms)
✔ keeps unknown facts in their authored order (0.372416ms)
✔ prioritizes a satellite's own orbit over its parent's solar orbit (0.219709ms)
✔ rejects facts without unique semantic ids (0.255167ms)
✔ analytics ignores local visits and loads on css.earth (6.211666ms)
✔ objects without lenses or extra settings retain mandatory browser proof (0.888875ms)
✔ declared content requires exact lens and setting DOM before optional checks (1.268417ms)
✔ optional controls never excuse a missing shared panel or Motion (0.244ms)
✔ declared lenses require matching race IDs, and complete retained coverage (0.201458ms)
✔ a single supplied lens keeps interaction proof without inventing a race (0.068166ms)
✖ all objects retain browser evidence for the controls they support (205.071083ms)

Interrupted while running:

⚠ site/test/navigation-preparation.test.mjs (site/test/navigation-preparation.test.mjs:1:1)
⚠ site/test/navigation-router.test.mjs (site/test/navigation-router.test.mjs:1:1)
⚠ site/test/navigation-timing.test.mjs (site/test/navigation-timing.test.mjs:1:1)
⚠ site/test/object-browser-profile.test.mjs (site/test/object-browser-profile.test.mjs:1:1)
⚠ site/test/object-navigation.test.mjs (site/test/object-navigation.test.mjs:1:1)
⚠ site/test/object-orbit-failure.test.mjs (site/test/object-orbit-failure.test.mjs:1:1)
⚠ site/test/object-package-contract.test.mjs (site/test/object-package-contract.test.mjs:1:1)
⚠ site/test/object-schema.test.mjs (site/test/object-schema.test.mjs:1:1)
⚠ site/test/object-sources.test.mjs (site/test/object-sources.test.mjs:1:1)
⚠ site/test/oracle-interaction.test.mjs (site/test/oracle-interaction.test.mjs:1:1)
⚠ site/test/overview-context.test.mjs (site/test/overview-context.test.mjs:1:1)
⚠ site/test/overview-selection.test.mjs (site/test/overview-selection.test.mjs:1:1)
⚠ site/test/planet-shell.test.mjs (site/test/planet-shell.test.mjs:1:1)
⚠ site/test/planetary-scale.test.mjs (site/test/planetary-scale.test.mjs:1:1)
⚠ site/test/prepared-factsheet-model.test.mjs (site/test/prepared-factsheet-model.test.mjs:1:1)
⚠ site/test/prepared-icons.test.mjs (site/test/prepared-icons.test.mjs:1:1)
⚠ site/test/prepared-lens-facts.test.mjs (site/test/prepared-lens-facts.test.mjs:1:1)
⚠ site/test/prepared-lens-labels.test.mjs (site/test/prepared-lens-labels.test.mjs:1:1)
⚠ site/test/prepared-lens-legends.test.mjs (site/test/prepared-lens-legends.test.mjs:1:1)
⚠ site/test/prepared-titles.test.mjs (site/test/prepared-titles.test.mjs:1:1)
⚠ site/test/prepared-world-navigation.test.mjs (site/test/prepared-world-navigation.test.mjs:1:1)
⚠ site/test/production-diagnostics.test.mjs (site/test/production-diagnostics.test.mjs:1:1)
⚠ site/test/projective-surface-seam-contract.test.mjs (site/test/projective-surface-seam-contract.test.mjs:1:1)
⚠ site/test/rendered-motion-steps.test.mjs (site/test/rendered-motion-steps.test.mjs:1:1)
⚠ site/test/root-orchestration.test.mjs (site/test/root-orchestration.test.mjs:1:1)
⚠ site/test/router-runtime.test.mjs (site/test/router-runtime.test.mjs:1:1)
⚠ site/test/runtime-policy.test.mjs (site/test/runtime-policy.test.mjs:1:1)
⚠ site/test/scene-contract.test.mjs (site/test/scene-contract.test.mjs:1:1)
⚠ site/test/scene-sources.test.mjs (site/test/scene-sources.test.mjs:1:1)
⚠ site/test/scientific-chart-order.test.mjs (site/test/scientific-chart-order.test.mjs:1:1)
⚠ site/test/scientific-chart-sources.test.mjs (site/test/scientific-chart-sources.test.mjs:1:1)
⚠ site/test/seo-discovery.test.mjs (site/test/seo-discovery.test.mjs:1:1)
⚠ site/test/shell-lifetime.test.mjs (site/test/shell-lifetime.test.mjs:1:1)
⚠ site/test/surface-minimap.test.mjs (site/test/surface-minimap.test.mjs:1:1)
⚠ site/test/view-readout.test.mjs (site/test/view-readout.test.mjs:1:1)
⚠ site/test/view-url-runtime.test.mjs (site/test/view-url-runtime.test.mjs:1:1)
✔ composes every orbiting-object marker descriptor in catalog order (285.395792ms)
✖ site/test/navigation-preparation.test.mjs (465216.748583ms)
✔ persistent world context is mounted once and follows the active physical navigation (7.624375ms)
✔ flight overlays follow the pending request through success and failure, while recentering keeps them visible (5.874375ms)
✔ asteroid label and orbit settings default off and reach the retained context independently (0.576458ms)
✔ entering overview on the current object changes selection without invoking focus or restoring the camera (0.30975ms)
✔ flight retains the source and one shell; target readiness and handoff precede history commit (1.387291ms)
✔ rapid Mercury → Venus → Mercury cancels the stale factory without replacing shell or source (1.402959ms)
✔ history back restores the departed exact view after target handoff without another push (0.797667ms)
✔ saved-view anchors preserve query and hash across objects and on the already selected object (0.759666ms)
✔ reselecting the source cancels a running flight at its painted view without another restore or mount (4.10325ms)
✔ late rejected handoff is observed after replacement and cannot publish stale readiness (0.639833ms)
✔ navigation preserves requested playback and reduced-motion policy (0.357125ms)
✔ real input interruption preserves the last painted source view and flushes it without restoring the old URL (0.286333ms)
✔ input after the detailed handoff keeps the incoming scene and its painted pose, including saved-view links (0.476125ms)
✔ navbar/search anchors and vault events share one route; modifier and unsupported links stay native (0.480208ms)
✔ a failed persistent context mount can retry when the document restores (0.281417ms)
✔ leaving the document releases its universe and a cached-page restore mounts one fresh owner (0.230666ms)
✔ selecting the current object flies the retained camera without preparing or replacing detail (1.173416ms)
✔ plain current-object anchors focus but saved-view links restore their specified view (0.639167ms)
✔ a coarse selection changes the card and scene at the current scale, then the next click focuses (0.400917ms)
✔ a second scene click can zoom while centering the current object is still in progress (0.260709ms)
✔ selection emphasis previews immediately before the next detailed owner is ready (0.504917ms)
✔ empty-space deselection previews the overview and recenters the Sun through the normal router (0.404291ms)
✔ navigation timing records phases once and bounds retained entries without clearing unrelated timing (0.814584ms)
✔ timing is optional in non-browser hosts (0.109792ms)
✖ every actual profile reads its recorded coordinates from the shared camera endpoint (223.012958ms)
✔ coordinate field selection is immutable reporting data, with no private camera implementation (0.810666ms)
✔ restoring a complete camera observation preserves yaw and the pitch alias (0.819833ms)
✔ camera reporting rejects missing, repeated and unsupported coordinates (0.218333ms)
✖ an already ready object does not depend on a redundant browser waiter (155.0555ms)
✔ a missing or loading object still requires successful readiness before returning (2.278458ms)
✔ the actual Saturn profile observes one exclusive lens and rejects the former dual selection (6.930875ms)
✔ search contains every object, including the Sun; only planets enter the scale (0.781333ms)
✔ prepared marker identity, atlas order, and presentation follow packages (327.09825ms)
✔ an unknown object loads its own marker; missing packages fail without fallback (400.857708ms)
✔ scale overrides must form a complete presentation after inheritance (0.476625ms)
✔ mercury material failure through shared wheel retires once and disables retained callbacks (28.5585ms)
✔ mercury material failure through shared drag retires once and disables retained callbacks (15.433708ms)
✔ mercury material failure through shared resize retires once and disables retained callbacks (23.370209ms)
✔ mercury material failure through shared invalidate retires once and disables retained callbacks (16.522958ms)
✔ mercury material failure through shared refresh retires once and disables retained callbacks (19.254458ms)
✔ mercury material failure through shared setState retires once and disables retained callbacks (19.370917ms)
✔ mercury material failure through shared media-change retires once and disables retained callbacks (24.688083ms)
✔ mercury initial material failure stops construction before live error reporting (16.396375ms)
✔ venus material failure through shared wheel retires once and disables retained callbacks (10.055791ms)
✔ venus material failure through shared drag retires once and disables retained callbacks (12.993125ms)
✔ venus material failure through shared resize retires once and disables retained callbacks (6.974541ms)
✔ venus material failure through shared invalidate retires once and disables retained callbacks (18.327416ms)
✔ venus material failure through shared refresh retires once and disables retained callbacks (10.7825ms)
✔ venus material failure through shared setState retires once and disables retained callbacks (5.686167ms)
✔ venus material failure through shared media-change retires once and disables retained callbacks (11.376375ms)
✔ venus initial material failure stops construction before live error reporting (7.80725ms)
✔ mars material failure through shared wheel retires once and disables retained callbacks (8.706416ms)
✔ mars material failure through shared drag retires once and disables retained callbacks (8.665542ms)
✔ mars material failure through shared resize retires once and disables retained callbacks (14.832125ms)
✔ mars material failure through shared invalidate retires once and disables retained callbacks (6.894167ms)
✔ mars material failure through shared refresh retires once and disables retained callbacks (7.663916ms)
✔ mars material failure through shared setState retires once and disables retained callbacks (17.686208ms)
✔ mars material failure through shared media-change retires once and disables retained callbacks (6.675917ms)
✔ mars initial material failure stops construction before live error reporting (14.673875ms)
✔ accepts a complete non-NASA package and still rejects corrupt or undeclared bytes (47.964417ms)
✔ derives the complete owned file contract from planet identity (0.277875ms)
✔ requires every registered object package file (452.866834ms)
✔ validates local editorial identity and provenance (1.182958ms)
✔ validates runtime asset manifest entries (0.330125ms)
✔ defines one generic renderable-object contract (0.696458ms)
✔ world-frame capability is validated and copied at the registry boundary (3.3155ms)
✔ rejects invalid object definitions and renderer-specific fields (0.32575ms)
✔ keeps one open-ended object registry with unique ids and routes (0.278333ms)
✔ derives deterministic test discovery from an authored object id (35.751375ms)
✔ derives shared preparation and external browser scripts from the descriptor (11.616833ms)
✔ shared attribution keeps Mercury’s three distinct product links and credits them once (5.571542ms)
✔ every registered body uses the same projection and keeps every consumed source identity (325.189333ms)
✔ grouping preserves every link and underlying rights while showing the shared credit once (1.610958ms)
✔ factsheet URLs and arbitrary URL-like strings cannot become source evidence (1.147709ms)
✔ oracle comparison never borrows a future pose and retains the slower tail (0.9925ms)
✔ a wheel comparison rejects a lost held button and validates the delivered Qt event (0.720125ms)
✔ native repeat alignment preserves later event and pose timing (0.127584ms)
✔ input qualification records delivery lag and rejects missing input (0.358584ms)
✔ an interruption interval ends at each renderer's next actual input receipt (0.188959ms)
✔ oracle registration rejects an independent CSS translation of the scene (0.207625ms)
✔ motion-only timing rejects reference readback overlapping the gesture (0.978167ms)
✔ natural motion reports retain the observed clock and reject hidden readback (12.923875ms)
✔ input pairing retains the final consumed release position even without a throw (40.941209ms)
✔ overview follows the prepared galaxy fade and restores correctly at maximum zoom (0.425542ms)
✔ galactic distance is measured from the Sun, independent of selected body and surface radius (0.094375ms)
✔ deselection uses physical orbital scale, not the selected body radius alone (1.15775ms)
✔ only approaching the Sun opens a card, with separate entry and exit thresholds (0.435583ms)
✔ camera sampling settles before changing selection and releases timers and subscriptions (0.753166ms)
✔ continuous outward camera updates cannot postpone the Sun overview flip (1.722708ms)
✔ keeps every implemented scene in one object registry (0.819042ms)
✔ loads every object through the single adapter (35.601667ms)
✔ rejects incomplete scene lifecycle wiring (0.13075ms)
✔ shared router owns minimal adapter shell lifecycle (1.042875ms)
✔ shared router publishes a minimal adapter error (0.227208ms)
✔ shared router contains synchronous shell bootstrap failure (0.11875ms)
✔ shared router cancels a pending adapter before publication (0.132917ms)
✖ keeps implemented routes backed by object-owned files (2.017291ms)
✔ keeps source-backed chart data in canonical order with Reflectance first (106.961541ms)
✔ keeps the shared shell planet-neutral (5.029542ms)
✔ keeps lens descriptions source-bound in the object model (10.545458ms)
✔ derives the accessible logarithmic scale from catalog distances (0.784709ms)
✔ rejects unusable scale bounds and distances (0.227208ms)
✔ keeps every planet factsheet comparable and concise (2.072167ms)
✔ uses unique semantic ids without hidden title-only content (0.41875ms)
✔ keeps Pluto concise and removes lens-presentation rows (0.152209ms)
✔ keeps object-internal identifiers out of the Moon factsheet (0.075833ms)
✔ prepares one source-bound 20px SVG family for sidebar sections (15.470375ms)
✔ authored lens facts survive preparation and runtime publication without mutating the source (33.126625ms)
✔ lens facts reject malformed rows and duplicate ids before publication (24.738209ms)
✔ existing description-only lenses keep their original content contract (24.046958ms)
✔ names arbitrary lens IDs without changing source data or assuming a fixed set of concepts (0.799ms)
✔ prepares a frozen, smoothly sampled scale legend (1.454417ms)
✔ prepares source-backed category legends from hex and RGB colors (0.432083ms)
✔ rejects invalid scale palettes (0.193833ms)
✖ every object forwards its object-owned legend through the shared shell (62.48225ms)
✔ generates all shared title assets once from checked source vectors (17.742375ms)
✖ keeps planet title rendering facts object-owned and source-bound (1.694625ms)
✖ normalizes every implemented planet title to the complete Saturn standard (1.081ms)
✔ a terminal extreme-range pose finishes without a tail of identical publications (17.363166ms)
✔ the exact final camera demand finishes before the old scene is handed off (9.445667ms)
✔ an overview starts moving before factory and assets are ready, then holds before target detail (13.566458ms)
✔ overview preserves the latest drawn camera through slow preparation, without a flight or input interception (0.457458ms)
✔ a cancelled preserved-view handoff releases its unmounted resources (0.15075ms)
✔ overview handoff uses the requested distant camera instead of flying into the Sun (13.468583ms)
✔ the same object can recenter at overview distance without resetting to its close-up (16.29275ms)
✔ handoff precedes large destination approach and continues the same numeric flight from the exact drawn checkpoint (13.376417ms)
✔ slow asset preparation holds only the distant checkpoint and resumes after readiness (14.158542ms)
✔ new selection cancellation stops painting and releases destination preparation (1.425208ms)
✔ cancellation between prepared handoff and mount releases resources and all interruption listeners (4.913292ms)
✔ an already cancelled request cannot start a frame or retain input listeners (1.966667ms)
✔ input during a delayed preparation interrupts at the last drawn checkpoint and releases late resources (8.202667ms)
✔ input after the early handoff preserves the destination owner drawn pose (6.407917ms)
✔ reduced motion waits for preparation, then mounts the exact arrival without enlarging a source proxy (0.599333ms)
✔ saved camera endpoints survive the early owner handoff unchanged (14.830958ms)
✔ refocusing the selected object paints one existing owner without reloading its prepared bank (4.501084ms)
✔ the application keeps flying while destination groups activate, then transfers the live pose without a reset (7.358875ms)
✔ cancellation during connected activation stops the application flight and releases its resources (4.0235ms)
✔ real input interrupts a same-object focus at the last painted camera (0.535125ms)
✔ replacement departure uses the retained world while its previous detail owner is retired (22.859375ms)
✔ centering changes the focus at the same range and orientation, then focus zooms in (18.593708ms)
✔ production runtime removes development observations from the executable closure (704.863875ms)
✔ all prepared planet surfaces use the measured Chrome seam contract (0.675875ms)
✔ keeps reversal and every camera-advancing present in its recorded step (1.151458ms)
✔ advances uncaptured native frames instead of skipping their camera work (0.698917ms)
✔ rejects missing frame clocks and an already moving start (0.609375ms)
✔ does not replay a preceding gesture still retained before the new press (0.206875ms)
✔ ignores a pointer point stored after a non-launching release (0.150792ms)
✔ pairs a fresh press during coast, held jitter and a second release independently (0.321208ms)
✔ binds click-only receipts without fabricating a drag launch (0.521167ms)
✔ advances an uncaptured receipt-only present (0.398125ms)
✔ binds click receipts before a later drag without treating clicks as launches (0.467959ms)
✔ pairs a source-consumed drag and following stop click (0.496417ms)
✔ derives every root planet lane from the validated catalog (659.492958ms)
✖ loads object-owned browser and audit expectations for every implementation (58.81375ms)
✔ loading remembers latest intent but cannot resume; media events never rewrite intent (2.745667ms)
✔ playback reads cannot consume a pending media notification (0.358417ms)
✔ repeated restoration has bounded subscriptions; old callbacks cannot affect the replacement (1.679708ms)
✔ malformed mounts retain cleanup handles and failure cleanup survives a destructor error (0.274166ms)
✔ malformed mounts still observe their rejected readiness promise (0.404875ms)
✔ fatal pause failure cleans once and never publishes success (0.156125ms)
✔ fatal resume failure cleans once and never publishes success (0.100833ms)
✔ fatal report failure cleans once and never publishes success (0.084667ms)
✔ an object destination can pause shared motion, and a retired object cannot change intent (0.160416ms)
✔ automatic playback has one complete readiness, intent and environment policy (0.993167ms)
✔ keeps one shared orientation-aware responsive shell boundary (0.530792ms)
✔ uses one canonical high-density image bank for every mount (0.058583ms)
✔ skybox orbit dragging is enabled by the shared input policy (0.052917ms)
✔ discrete wheels and precision scroll gestures have separate shared gains (0.049584ms)
✔ scroll input classification preserves accelerated precision gestures and permits device changes (0.130167ms)
✔ updates wheel and touch policy without replacing controls (0.298167ms)
✔ initial responsive failure removes its subscription and preserves startup rejection (0.22925ms)
✔ live responsive failure retires the subscription before reporting fatal (0.170167ms)
✖ asteroid Shadows default off in authored content and prepared runtime (2.3995ms)
✔ publishes one off-by-default Shadows control for every planet (134.737416ms)
✔ control content permits empty capabilities but rejects malformed or conflicting declarations (0.365209ms)
✔ small shell attribution records match the checked scientific provenance (6.369917ms)
✔ every shared route retains its object sources and the actual environment credits (180.409417ms)
✔ omits only the superseded ESO panorama, preserving other ESO and object OpenSpace sources (0.669792ms)
✔ merges duplicate source links without dropping full credits or changing the caller (0.1535ms)
✔ app credits and prepared body provenance have separate consumers on direct and cached routes (0.9635ms)
✔ publishes the canonical scientific chart order (0.677458ms)
✔ orders any applicable subset without inventing missing charts (0.306166ms)
✔ keeps unknown future chart types after known charts in source order (0.249542ms)
✔ binds phase charts to explicit primary-source provenance (12.95175ms)
✔ discovers objects through multiple pages and resolves relative links at their source (1.175166ms)
✔ rejects the orphaned Sun even when its inspected page retains a self-link (0.597042ms)
✔ rejects a disconnected cycle even when every object has a link from another page (0.160417ms)
✔ external links with a matching pathname do not discover a local object (0.765041ms)
✔ Asteroids Orbits starts off and retains its independent preference across body navigation (4.63775ms)
✔ Asteroid Labels starts off and retains its independent preference across body navigation (2.79875ms)
✔ shell with no optional controls keeps Motion/high contrast and accessible blocked intent (1.007042ms)
✔ failed shell construction cleans earlier controllers and their scheduled work (0.711375ms)
✔ object content replacement retains shell controls and input state without accumulating listeners (0.695625ms)
✔ Motion cannot enable Speed before the shared runtime is ready or after it retires (0.281625ms)
✔ camera scale changes retained overview content without moving the camera and search selects the matching category tab (2.888666ms)
✔ clearing search keeps the current object or overview card and permits another search (0.579917ms)
✔ flight completion and overview handoff preserve a newer active search (0.564916ms)
✔ category pills reuse search, retain the query through navigation, and dismiss with Escape (4.036875ms)
✔ the overview preview changes immediately and survives a same-scene commit (0.519ms)
✔ an empty search survives dismissal, overview resets, and object commits (0.497416ms)
✔ surface consumers use the published clipped viewport without measuring the scene (0.796584ms)
✔ vendored Cesium helpers reproduce the pinned upstream methods verbatim (8.39125ms)
✔ flat map cardinal landmarks retain east-west order and north-up orientation (0.686458ms)
✔ map navigation rotates camera and eye together, retaining distance and roll (0.581375ms)
✔ opposite-side clicks and seam crossings stay finite and reach the requested point (0.194ms)
✔ minimap uses the upstream Cesium rectangle for zoom, roll, poles and horizon cases (5.049833ms)
✔ Cesium whole-globe fallback is retained and the rectangle shrinks with close zoom (0.509958ms)
✔ out-of-view globe hides the rectangle and zero-longitude bounds wrap on the texture (0.128958ms)
✔ scene date follows the numeric TT epoch across calendar days (0.435917ms)
✔ coordinates carry rounded seconds and preserve hemispheres (0.093625ms)
✔ altitude and distance scale use physical units across camera ranges (0.51025ms)
✔ surface ruler measures the front surface, not the center plane (0.473833ms)
✔ looking away supplies no invented surface coordinates or behind-camera ruler (0.123625ms)
✔ objects without prepared geographic axes still have altitude and scale (0.097291ms)
✔ galaxy distances keep a finite ruler without a spurious surface hit (0.131875ms)
✔ camera changes coalesce into replaceState while preserving the route, other queries, hash and history state (2.052417ms)
✔ incoming links restore before motion resumes without rewriting their saved playback position (1.965083ms)
✔ existing JSON links shrink on restore while preserving their exact saved time and route (0.536ms)
✔ old physical camera links migrate to one pose without resampling saved motion time (0.533333ms)
✔ invalid links leave the current scene usable and are replaced only after a camera change (0.272667ms)
✔ popstate restores the stored camera and disposal removes history listeners and scheduled work (0.3715ms)
ℹ tests 254
ℹ suites 0
ℹ pass 242
ℹ fail 11
ℹ cancelled 1
ℹ skipped 0
ℹ todo 0
ℹ duration_ms 465232.602875

✖ failing tests:

test at site/test/canonical-image-density.test.mjs:10:1
✖ every object mounts one canonical high-density image bank (13200.956583ms)
  Error: src/planets/polymele/object.json:1: ENOENT: no such file or directory, open '/Users/ekrof/fed/cssEarth-pluto-small-moons/src/planets/polymele/prepared/object.json'
  src/planets/leucus/object.json:1: ENOENT: no such file or directory, open '/Users/ekrof/fed/cssEarth-pluto-small-moons/src/planets/leucus/prepared/object.json'
  src/planets/orus/object.json:1: ENOENT: no such file or directory, open '/Users/ekrof/fed/cssEarth-pluto-small-moons/src/planets/orus/prepared/object.json'
  src/planets/eurybates/object.json:1: ENOENT: no such file or directory, open '/Users/ekrof/fed/cssEarth-pluto-small-moons/src/planets/eurybates/prepared/object.json'
  src/planets/patroclus/object.json:1: ENOENT: no such file or directory, open '/Users/ekrof/fed/cssEarth-pluto-small-moons/src/planets/patroclus/prepared/object.json'
  src/planets/hiiaka/object.json:1: Prepared JSON transport SHA-256 does not match its descriptor.
  src/planets/squannit/object.json:1: Prepared JSON transport SHA-256 does not match its descriptor.
  src/planets/romulus/object.json:1: Prepared JSON transport SHA-256 does not match its descriptor.
  src/planets/menoetius/object.json:1: Prepared JSON transport SHA-256 does not match its descriptor.
  src/planets/caliban/object.json:1: Prepared JSON transport SHA-256 does not match its descriptor.
  src/planets/sycorax/object.json:1: Prepared JSON transport SHA-256 does not match its descriptor.
  src/planets/prospero/object.json:1: Prepared JSON transport SHA-256 does not match its descriptor.
  src/planets/setebos/object.json:1: Prepared JSON transport SHA-256 does not match its descriptor.
  src/planets/paaliaq/object.json:1: Prepared JSON transport SHA-256 does not match its descriptor.
  src/planets/tarvos/object.json:1: Prepared JSON transport SHA-256 does not match its descriptor.
  src/planets/ijiraq/object.json:1: Prepared JSON transport SHA-256 does not match its descriptor.
  src/planets/suttungr/object.json:1: Prepared JSON transport SHA-256 does not match its descriptor.
  src/planets/mundilfari/object.json:1: Prepared JSON transport SHA-256 does not match its descriptor.
  src/planets/skathi/object.json:1: Prepared JSON transport SHA-256 does not match its descriptor.
  src/planets/erriapus/object.json:1: Prepared JSON transport SHA-256 does not match its descriptor.
  src/planets/thrymr/object.json:1: Prepared JSON transport SHA-256 does not match its descriptor.
  src/planets/bebhionn/object.json:1: Prepared JSON transport SHA-256 does not match its descriptor.
  src/planets/bergelmir/object.json:1: Prepared JSON transport SHA-256 does not match its descriptor.
  src/planets/bestla/object.json:1: Prepared JSON transport SHA-256 does not match its descriptor.
  src/planets/fornjot/object.json:1: Prepared JSON transport SHA-256 does not match its descriptor.
  src/planets/hati/object.json:1: Prepared JSON transport SHA-256 does not match its descriptor.
  src/planets/hyrrokkin/object.json:1: Prepared JSON transport SHA-256 does not match its descriptor.
  src/planets/loge/object.json:1: Prepared JSON transport SHA-256 does not match its descriptor.
  src/planets/skoll/object.json:1: Prepared JSON transport SHA-256 does not match its descriptor.
  src/planets/greip/object.json:1: Prepared JSON transport SHA-256 does not match its descriptor.
  src/planets/tarqeq/object.json:1: Prepared JSON transport SHA-256 does not match its descriptor.
  src/planets/albiorix/object.json:1: Prepared JSON transport SHA-256 does not match its descriptor.
  src/planets/kiviuq/object.json:1: Prepared JSON transport SHA-256 does not match its descriptor.
  src/planets/comet-1p/object.json:1: Prepared JSON transport SHA-256 does not match its descriptor.
  src/planets/comet-81p/object.json:1: Prepared JSON transport SHA-256 does not match its descriptor.
  src/planets/comet-103p/object.json:1: Prepared JSON transport SHA-256 does not match its descriptor.
  src/planets/comet-9p/object.json:1: Prepared JSON transport SHA-256 does not match its descriptor.
  src/planets/comet-67p/object.json:1: Prepared JSON transport SHA-256 does not match its descriptor.
  src/planets/ymir/object.json:1: Prepared JSON transport SHA-256 does not match its descriptor.
  src/planets/siarnaq/object.json:1: Prepared JSON transport SHA-256 does not match its descriptor.
  src/planets/himalia/object.json:1: Prepared JSON transport SHA-256 does not match its descriptor.
  src/planets/nereid/object.json:1: Prepared JSON transport SHA-256 does not match its descriptor.
  src/planets/aegaeon/object.json:1: Prepared JSON transport SHA-256 does not match its descriptor.
  src/planets/anthe/object.json:1: Prepared JSON transport SHA-256 does not match its descriptor.
  src/planets/polydeuces/object.json:1: Prepared JSON transport SHA-256 does not match its descriptor.
  src/planets/rosalind/object.json:1: Prepared JSON transport SHA-256 does not match its descriptor.
  src/planets/desdemona/object.json:1: Prepared JSON transport SHA-256 does not match its descriptor.
  src/planets/cressida/object.json:1: Prepared JSON transport SHA-256 does not match its descriptor.
  src/planets/bianca/object.json:1: Prepared JSON transport SHA-256 does not match its descriptor.
  src/planets/ophelia/object.json:1: Prepared JSON transport SHA-256 does not match its descriptor.
  src/planets/cordelia/object.json:1: Prepared JSON transport SHA-256 does not match its descriptor.
  src/planets/belinda/object.json:1: Prepared JSON transport SHA-256 does not match its descriptor.
  src/planets/juliet/object.json:1: Prepared JSON transport SHA-256 does not match its descriptor.
  src/planets/portia/object.json:1: Prepared JSON transport SHA-256 does not match its descriptor.
  src/planets/pallene/object.json:1: Prepared JSON transport SHA-256 does not match its descriptor.
  src/planets/methone/object.json:1: Prepared JSON transport SHA-256 does not match its descriptor.
  src/planets/puck/object.json:1: Prepared JSON transport SHA-256 does not match its descriptor.
  src/planets/amalthea/object.json:1: Prepared JSON transport SHA-256 does not match its descriptor.
  src/planets/thebe/object.json:1: Prepared JSON transport SHA-256 does not match its descriptor.
  src/planets/metis/object.json:1: Prepared JSON transport SHA-256 does not match its descriptor.
  src/planets/adrastea/object.json:1: Prepared JSON transport SHA-256 does not match its descriptor.
  src/planets/naiad/object.json:1: Prepared JSON transport SHA-256 does not match its descriptor.
  src/planets/thalassa/object.json:1: Prepared JSON transport SHA-256 does not match its descriptor.
  src/planets/despina/object.json:1: Prepared JSON transport SHA-256 does not match its descriptor.
  src/planets/galatea/object.json:1: Prepared JSON transport SHA-256 does not match its descriptor.
  src/planets/proteus/object.json:1: Prepared JSON transport SHA-256 does not match its descriptor.
  src/planets/larissa/object.json:1: Prepared JSON transport SHA-256 does not match its descriptor.
  src/planets/daphnis/object.json:1: Prepared JSON transport SHA-256 does not match its descriptor.
  src/planets/calypso/object.json:1: Prepared JSON transport SHA-256 does not match its descriptor.
  src/planets/telesto/object.json:1: Prepared JSON transport SHA-256 does not match its descriptor.
  src/planets/helene/object.json:1: Prepared JSON transport SHA-256 does not match its descriptor.
  src/planets/sun/object.json:1: Prepared JSON transport SHA-256 does not match its descriptor.
  src/planets/mercury/object.json:1: Prepared JSON transport SHA-256 does not match its descriptor.
  src/planets/venus/object.json:1: Prepared JSON transport SHA-256 does not match its descriptor.
  src/planets/earth/object.json:1: Prepared JSON transport SHA-256 does not match its descriptor.
  src/planets/moon/object.json:1: Authored physical frame receipt differs from its authored source pins or descriptor.
  src/planets/mars/object.json:1: Prepared JSON transport SHA-256 does not match its descriptor.
  src/planets/ryugu/object.json:1: Prepared JSON transport SHA-256 does not match its descriptor.
  src/planets/bennu/object.json:1: Prepared JSON transport SHA-256 does not match its descriptor.
  src/planets/itokawa/object.json:1: Prepared JSON transport SHA-256 does not match its descriptor.
  src/planets/eros/object.json:1: Prepared JSON transport SHA-256 does not match its descriptor.
  src/planets/ida/object.json:1: Prepared JSON transport SHA-256 does not match its descriptor.
  src/planets/gaspra/object.json:1: Prepared JSON transport SHA-256 does not match its descriptor.
  src/planets/mathilde/object.json:1: Prepared JSON transport SHA-256 does not match its descriptor.
  src/planets/lutetia/object.json:1: Prepared JSON transport SHA-256 does not match its descriptor.
  src/planets/steins/object.json:1: Prepared JSON transport SHA-256 does not match its descriptor.
  src/planets/didymos/object.json:1: Prepared JSON transport SHA-256 does not match its descriptor.
  src/planets/kleopatra/object.json:1: Prepared JSON transport SHA-256 does not match its descriptor.
  src/planets/toutatis/object.json:1: Prepared JSON transport SHA-256 does not match its descriptor.
  src/planets/pallas/object.json:1: Prepared JSON transport SHA-256 does not match its descriptor.
  src/planets/hygiea/object.json:1: Prepared JSON transport SHA-256 does not match its descriptor.
  src/planets/juno/object.json:1: Prepared JSON transport SHA-256 does not match its descriptor.
  src/planets/psyche/object.json:1: Prepared JSON transport SHA-256 does not match its descriptor.
  src/planets/interamnia/object.json:1: Prepared JSON transport SHA-256 does not match its descriptor.
  src/planets/davida/object.json:1: Prepared JSON transport SHA-256 does not match its descriptor.
  src/planets/sylvia/object.json:1: Prepared JSON transport SHA-256 does not match its descriptor.
  src/planets/eunomia/object.json:1: Prepared JSON transport SHA-256 does not match its descriptor.
  src/planets/euphrosyne/object.json:1: Prepared JSON transport SHA-256 does not match its descriptor.
  src/planets/bamberga/object.json:1: Prepared JSON transport SHA-256 does not match its descriptor.
  src/planets/fortuna/object.json:1: Prepared JSON transport SHA-256 does not match its descriptor.
  src/planets/themis/object.json:1: Prepared JSON transport SHA-256 does not match its descriptor.
  src/planets/amphitrite/object.json:1: Prepared JSON transport SHA-256 does not match its descriptor.
  src/planets/egeria/object.json:1: Prepared JSON transport SHA-256 does not match its descriptor.
  src/planets/elektra/object.json:1: Prepared JSON transport SHA-256 does not match its descriptor.
  src/planets/iris/object.json:1: Prepared JSON transport SHA-256 does not match its descriptor.
  src/planets/hebe/object.json:1: Prepared JSON transport SHA-256 does not match its descriptor.
  src/planets/eugenia/object.json:1: Prepared JSON transport SHA-256 does not match its descriptor.
  src/planets/daphne/object.json:1: Prepared JSON transport SHA-256 does not match its descriptor.
  src/planets/eleonora/object.json:1: Prepared JSON transport SHA-256 does not match its descriptor.
  src/planets/nemesis/object.json:1: Prepared JSON transport SHA-256 does not match its descriptor.
  src/planets/kalliope/object.json:1: Prepared JSON transport SHA-256 does not match its descriptor.
  src/planets/nemausa/object.json:1: Prepared JSON transport SHA-256 does not match its descriptor.
  src/planets/parthenope/object.json:1: Prepared JSON transport SHA-256 does not match its descriptor.
  src/planets/melpomene/object.json:1: Prepared JSON transport SHA-256 does not match its descriptor.
  src/planets/julia/object.json:1: Prepared JSON transport SHA-256 does not match its descriptor.
  src/planets/victoria/object.json:1: Prepared JSON transport SHA-256 does not match its descriptor.
  src/planets/urania/object.json:1: Prepared JSON transport SHA-256 does not match its descriptor.
  src/planets/flora/object.json:1: Prepared JSON transport SHA-256 does not match its descriptor.
  src/planets/europa-52/object.json:1: Prepared JSON transport SHA-256 does not match its descriptor.
  src/planets/metis-9/object.json:1: Prepared JSON transport SHA-256 does not match its descriptor.
  src/planets/camilla/object.json:1: Prepared JSON transport SHA-256 does not match its descriptor.
  src/planets/thisbe/object.json:1: Prepared JSON transport SHA-256 does not match its descriptor.
  src/planets/doris/object.json:1: Prepared JSON transport SHA-256 does not match its descriptor.
  src/planets/hermione/object.json:1: Prepared JSON transport SHA-256 does not match its descriptor.
  src/planets/diotima/object.json:1: Prepared JSON transport SHA-256 does not match its descriptor.
  src/planets/herculina/object.json:1: Prepared JSON transport SHA-256 does not match its descriptor.
  src/planets/nausikaa/object.json:1: Prepared JSON transport SHA-256 does not match its descriptor.
  src/planets/astraea/object.json:1: Prepared JSON transport SHA-256 does not match its descriptor.
  src/planets/irene/object.json:1: Prepared JSON transport SHA-256 does not match its descriptor.
  src/planets/nysa/object.json:1: Prepared JSON transport SHA-256 does not match its descriptor.
  src/planets/sappho/object.json:1: Prepared JSON transport SHA-256 does not match its descriptor.
  src/planets/betulia/object.json:1: Prepared JSON transport SHA-256 does not match its descriptor.
  src/planets/castalia/object.json:1: Prepared JSON transport SHA-256 does not match its descriptor.
  src/planets/asteroid-1998-wt24/object.json:1: Prepared JSON transport SHA-256 does not match its descriptor.
  src/planets/asteroid-1994-cc/object.json:1: Prepared JSON transport SHA-256 does not match its descriptor.
  src/planets/fides/object.json:1: Prepared JSON transport SHA-256 does not match its descriptor.
  src/planets/penelope/object.json:1: Prepared JSON transport SHA-256 does not match its descriptor.
  src/planets/alphonsina/object.json:1: Prepared JSON transport SHA-256 does not match its descriptor.
  src/planets/angelina/object.json:1: Prepared JSON transport SHA-256 does not match its descriptor.
  src/planets/ganymed/object.json:1: Prepared JSON transport SHA-256 does not match its descriptor.
  src/planets/moshup/object.json:1: Prepared JSON transport SHA-256 does not match its descriptor.
  src/planets/cybele/object.json:1: Prepared JSON transport SHA-256 does not match its descriptor.
  src/planets/aurora/object.json:1: Prepared JSON transport SHA-256 does not match its descriptor.
  src/planets/palma/object.json:1: Prepared JSON transport SHA-256 does not match its descriptor.
  src/planets/thule/object.json:1: Prepared JSON transport SHA-256 does not match its descriptor.
  src/planets/hektor/object.json:1: Prepared JSON transport SHA-256 does not match its descriptor.
  src/planets/hekate/object.json:1: Prepared JSON transport SHA-256 does not match its descriptor.
  src/planets/phaethon/object.json:1: Prepared JSON transport SHA-256 does not match its descriptor.
  src/planets/harmonia/object.json:1: Prepared JSON transport SHA-256 does not match its descriptor.
  src/planets/panopaea/object.json:1: Prepared JSON transport SHA-256 does not match its descriptor.
  src/planets/desdemona-666/object.json:1: Prepared JSON transport SHA-256 does not match its descriptor.
  src/planets/asteroid-1950-da/object.json:1: Prepared JSON transport SHA-256 does not match its descriptor.
  src/planets/apophis/object.json:1: Prepared JSON transport SHA-256 does not match its descriptor.
  src/planets/donaldjohanson/object.json:1: Prepared JSON transport SHA-256 does not match its descriptor.
  src/planets/geographos/object.json:1: Prepared JSON transport SHA-256 does not match its descriptor.
  src/planets/bacchus/object.json:1: Prepared JSON transport SHA-256 does not match its descriptor.
  src/planets/mithra/object.json:1: Prepared JSON transport SHA-256 does not match its descriptor.
  src/planets/nereus/object.json:1: Prepared JSON transport SHA-256 does not match its descriptor.
  src/planets/golevka/object.json:1: Prepared JSON transport SHA-256 does not match its descriptor.
  src/planets/yorp/object.json:1: Prepared JSON transport SHA-256 does not match its descriptor.
  src/planets/asteroid-1996-hw1/object.json:1: Prepared JSON transport SHA-256 does not match its descriptor.
  src/planets/asteroid-2008-ev5/object.json:1: Prepared JSON transport SHA-256 does not match its descriptor.
  src/planets/ra-shalom/object.json:1: Prepared JSON transport SHA-256 does not match its descriptor.
  src/planets/asteroid-1992-sk/object.json:1: Prepared JSON transport SHA-256 does not match its descriptor.
  src/planets/asteroid-1998-ml14/object.json:1: Prepared JSON transport SHA-256 does not match its descriptor.
  src/planets/asteroid-2002-ce26/object.json:1: Prepared JSON transport SHA-256 does not match its descriptor.
  src/planets/dike/object.json:1: Prepared JSON transport SHA-256 does not match its descriptor.
  src/planets/massalia/object.json:1: Prepared JSON transport SHA-256 does not match its descriptor.
  src/planets/proserpina/object.json:1: Prepared JSON transport SHA-256 does not match its descriptor.
  src/planets/polyhymnia/object.json:1: Prepared JSON transport SHA-256 does not match its descriptor.
  src/planets/leukothea/object.json:1: Prepared JSON transport SHA-256 does not match its descriptor.
  src/planets/virginia/object.json:1: Prepared JSON transport SHA-256 does not match its descriptor.
  src/planets/echo/object.json:1: Prepared JSON transport SHA-256 does not match its descriptor.
  src/planets/maja/object.json:1: Prepared JSON transport SHA-256 does not match its descriptor.
  src/planets/juewa/object.json:1: Prepared JSON transport SHA-256 does not match its descriptor.
  src/planets/bertha/object.json:1: Prepared JSON transport SHA-256 does not match its descriptor.
  src/planets/lucia/object.json:1: Prepared JSON transport SHA-256 does not match its descriptor.
  src/planets/brucia/object.json:1: Prepared JSON transport SHA-256 does not match its descriptor.
  src/planets/badenia/object.json:1: Prepared JSON transport SHA-256 does not match its descriptor.
  src/planets/ducrosa/object.json:1: Prepared JSON transport SHA-256 does not match its descriptor.
  src/planets/gyptis/object.json:1: Prepared JSON transport SHA-256 does not match its descriptor.
  src/planets/petrina/object.json:1: Prepared JSON transport SHA-256 does not match its descriptor.
  src/planets/veritas/object.json:1: Prepared JSON transport SHA-256 does not match its descriptor.
  src/planets/gryphia/object.json:1: Prepared JSON transport SHA-256 does not match its descriptor.
  src/planets/selinur/object.json:1: Prepared JSON transport SHA-256 does not match its descriptor.
  src/planets/achilles/object.json:1: Prepared JSON transport SHA-256 does not match its descriptor.
  src/planets/musa/object.json:1: Prepared JSON transport SHA-256 does not match its descriptor.
  src/planets/auravictrix/object.json:1: Prepared JSON transport SHA-256 does not match its descriptor.
  src/planets/transvaalia/object.json:1: Prepared JSON transport SHA-256 does not match its descriptor.
  src/planets/moskva/object.json:1: Prepared JSON transport SHA-256 does not match its descriptor.
  src/planets/kressmannia/object.json:1: Prepared JSON transport SHA-256 does not match its descriptor.
  src/planets/parysatis/object.json:1: Prepared JSON transport SHA-256 does not match its descriptor.
  src/planets/rosalinde/object.json:1: Prepared JSON transport SHA-256 does not match its descriptor.
  src/planets/susi/object.json:1: Prepared JSON transport SHA-256 does not match its descriptor.
  src/planets/hidalgo/object.json:1: Prepared JSON transport SHA-256 does not match its descriptor.
  src/planets/zachia/object.json:1: Prepared JSON transport SHA-256 does not match its descriptor.
  src/planets/piazzia/object.json:1: Prepared JSON transport SHA-256 does not match its descriptor.
  src/planets/tulipa/object.json:1: Prepared JSON transport SHA-256 does not match its descriptor.
  src/planets/reinmuthia/object.json:1: Prepared JSON transport SHA-256 does not match its descriptor.
  src/planets/china/object.json:1: Prepared JSON transport SHA-256 does not match its descriptor.
  src/planets/crimea/object.json:1: Prepared JSON transport SHA-256 does not match its descriptor.
  src/planets/rusthawelia/object.json:1: Prepared JSON transport SHA-256 does not match its descriptor.
  src/planets/schorria/object.json:1: Prepared JSON transport SHA-256 does not match its descriptor.
  src/planets/silvretta/object.json:1: Prepared JSON transport SHA-256 does not match its descriptor.
  src/planets/virtanen/object.json:1: Prepared JSON transport SHA-256 does not match its descriptor.
  src/planets/mr-spock/object.json:1: Prepared JSON transport SHA-256 does not match its descriptor.
  src/planets/educatio/object.json:1: Prepared JSON transport SHA-256 does not match its descriptor.
  src/planets/hopi/object.json:1: Prepared JSON transport SHA-256 does not match its descriptor.
  src/planets/schaber/object.json:1: Prepared JSON transport SHA-256 does not match its descriptor.
  src/planets/iau/object.json:1: Prepared JSON transport SHA-256 does not match its descriptor.
  src/planets/united-nations/object.json:1: Prepared JSON transport SHA-256 does not match its descriptor.
  src/planets/tartaglia/object.json:1: Prepared JSON transport SHA-256 does not match its descriptor.
  src/planets/raup/object.json:1: Prepared JSON transport SHA-256 does not match its descriptor.
  src/planets/asteroid-2001-qw16/object.json:1: Prepared JSON transport SHA-256 does not match its descriptor.
  src/planets/asteroid-1999-fr33/object.json:1: Prepared JSON transport SHA-256 does not match its descriptor.
  src/planets/vesta/object.json:1: Prepared JSON transport SHA-256 does not match its descriptor.
  src/planets/ceres/object.json:1: Prepared JSON transport SHA-256 does not match its descriptor.
  src/planets/jupiter/object.json:1: Prepared JSON transport SHA-256 does not match its descriptor.
  src/planets/io/object.json:1: Authored physical frame receipt differs from its authored source pins or descriptor.
  src/planets/europa/object.json:1: Authored physical frame receipt differs from its authored source pins or descriptor.
  src/planets/ganymede/object.json:1: Authored physical frame receipt differs from its authored source pins or descriptor.
  src/planets/callisto/object.json:1: Prepared JSON transport SHA-256 does not match its descriptor.
  src/planets/saturn/object.json:1: Prepared JSON transport SHA-256 does not match its descriptor.
  src/planets/pan/object.json:1: Prepared JSON transport SHA-256 does not match its descriptor.
  src/planets/atlas/object.json:1: Prepared JSON transport SHA-256 does not match its descriptor.
  src/planets/prometheus/object.json:1: Prepared JSON transport SHA-256 does not match its descriptor.
  src/planets/pandora/object.json:1: Prepared JSON transport SHA-256 does not match its descriptor.
  src/planets/janus/object.json:1: Prepared JSON transport SHA-256 does not match its descriptor.
  src/planets/epimetheus/object.json:1: Prepared JSON transport SHA-256 does not match its descriptor.
  src/planets/hyperion/object.json:1: Prepared JSON transport SHA-256 does not match its descriptor.
  src/planets/mimas/object.json:1: Prepared JSON transport SHA-256 does not match its descriptor.
  src/planets/iapetus/object.json:1: Prepared JSON transport SHA-256 does not match its descriptor.
  src/planets/phoebe/object.json:1: Prepared JSON transport SHA-256 does not match its descriptor.
  src/planets/uranus/object.json:1: Prepared JSON transport SHA-256 does not match its descriptor.
  src/planets/miranda/object.json:1: Prepared JSON transport SHA-256 does not match its descriptor.
  src/planets/ariel/object.json:1: Prepared JSON transport SHA-256 does not match its descriptor.
  src/planets/umbriel/object.json:1: Prepared JSON transport SHA-256 does not match its descriptor.
  src/planets/titania/object.json:1: Prepared JSON transport SHA-256 does not match its descriptor.
  src/planets/oberon/object.json:1: Prepared JSON transport SHA-256 does not match its descriptor.
  src/planets/neptune/object.json:1: Prepared JSON transport SHA-256 does not match its descriptor.
  src/planets/triton/object.json:1: Prepared JSON transport SHA-256 does not match its descriptor.
  src/planets/pluto/object.json:1: Prepared JSON transport SHA-256 does not match its descriptor.
  src/planets/styx/object.json:1: Prepared JSON transport SHA-256 does not match its descriptor.
  src/planets/nix/object.json:1: Prepared JSON transport SHA-256 does not match its descriptor.
  src/planets/kerberos/object.json:1: Prepared JSON transport SHA-256 does not match its descriptor.
  src/planets/hydra/object.json:1: Prepared JSON transport SHA-256 does not match its descriptor.
  src/planets/haumea/object.json:1: Prepared JSON transport SHA-256 does not match its descriptor.
  src/planets/makemake/object.json:1: Prepared JSON transport SHA-256 does not match its descriptor.
  src/planets/eris/object.json:1: Prepared JSON transport SHA-256 does not match its descriptor.
      at auditObjectRuntimeOwnership (file:///Users/ekrof/fed/cssEarth-pluto-small-moons/tools/check-object-runtime-ownership.mjs:727:11)
      at async TestContext.<anonymous> (file:///Users/ekrof/fed/cssEarth-pluto-small-moons/site/test/canonical-image-density.test.mjs:12:21)
      at async Test.run (node:internal/test_runner/test:1389:7)
      at async startSubtestAfterBootstrap (node:internal/test_runner/harness:387:3)

test at site/test/dataset-spacecraft.test.mjs:15:1
✖ capture platforms follow the selected dataset, including derived maps (19.064833ms)
  AssertionError [ERR_ASSERTION]: Expected values to be strictly deep-equal:
  + actual - expected
  
  + []
  - [
  -   'lro'
  - ]
  
      at TestContext.<anonymous> (file:///Users/ekrof/fed/cssEarth-pluto-small-moons/site/test/dataset-spacecraft.test.mjs:19:10)
      at async Test.run (node:internal/test_runner/test:1389:7)
      at async startSubtestAfterBootstrap (node:internal/test_runner/harness:387:3) {
    generatedMessage: true,
    code: 'ERR_ASSERTION',
    actual: [],
    expected: [ 'lro' ],
    operator: 'deepStrictEqual',
    diff: 'simple'
  }

test at site/test/load-browser-profile.test.mjs:96:1
✖ all objects retain browser evidence for the controls they support (205.071083ms)
  AssertionError [ERR_ASSERTION]: itokawa: browser profile must provide lens race evidence inputs
      at validatePlanetBrowserProfile (file:///Users/ekrof/fed/cssEarth-pluto-small-moons/site/test/load-browser-profile.mjs:41:34)
      at loadPlanetBrowserProfile (file:///Users/ekrof/fed/cssEarth-pluto-small-moons/site/test/load-browser-profile.mjs:11:12)
      at async TestContext.<anonymous> (file:///Users/ekrof/fed/cssEarth-pluto-small-moons/site/test/load-browser-profile.test.mjs:98:21)
      at async Test.run (node:internal/test_runner/test:1389:7)
      at async Test.processPendingSubtests (node:internal/test_runner/test:960:7) {
    generatedMessage: false,
    code: 'ERR_ASSERTION',
    actual: undefined,
    expected: true,
    operator: '==',
    diff: 'simple'
  }

test at site/test/navigation-preparation.test.mjs:1:1
✖ site/test/navigation-preparation.test.mjs (465216.748583ms)
  'Promise resolution is still pending but the event loop has already resolved'

test at site/test/object-browser-profile.test.mjs:19:1
✖ every actual profile reads its recorded coordinates from the shared camera endpoint (223.012958ms)
  AssertionError [ERR_ASSERTION]: itokawa: browser profile must provide lens race evidence inputs
      at validatePlanetBrowserProfile (file:///Users/ekrof/fed/cssEarth-pluto-small-moons/site/test/load-browser-profile.mjs:41:34)
      at loadPlanetBrowserProfile (file:///Users/ekrof/fed/cssEarth-pluto-small-moons/site/test/load-browser-profile.mjs:11:12)
      at async TestContext.<anonymous> (file:///Users/ekrof/fed/cssEarth-pluto-small-moons/site/test/object-browser-profile.test.mjs:21:21)
      at async Test.run (node:internal/test_runner/test:1389:7)
      at async startSubtestAfterBootstrap (node:internal/test_runner/harness:387:3) {
    generatedMessage: false,
    code: 'ERR_ASSERTION',
    actual: undefined,
    expected: true,
    operator: '==',
    diff: 'simple'
  }

test at site/test/object-browser-profile.test.mjs:52:1
✖ an already ready object does not depend on a redundant browser waiter (155.0555ms)
  AssertionError [ERR_ASSERTION]: itokawa: browser profile must provide lens race evidence inputs
      at validatePlanetBrowserProfile (file:///Users/ekrof/fed/cssEarth-pluto-small-moons/site/test/load-browser-profile.mjs:41:34)
      at loadPlanetBrowserProfile (file:///Users/ekrof/fed/cssEarth-pluto-small-moons/site/test/load-browser-profile.mjs:11:12)
      at async TestContext.<anonymous> (file:///Users/ekrof/fed/cssEarth-pluto-small-moons/site/test/object-browser-profile.test.mjs:54:21)
      at async Test.run (node:internal/test_runner/test:1389:7)
      at async Test.processPendingSubtests (node:internal/test_runner/test:960:7) {
    generatedMessage: false,
    code: 'ERR_ASSERTION',
    actual: undefined,
    expected: true,
    operator: '==',
    diff: 'simple'
  }

test at site/test/planet-shell.test.mjs:237:1
✖ keeps implemented routes backed by object-owned files (2.017291ms)
  Error: ENOENT: no such file or directory, access '/Users/ekrof/fed/cssEarth-pluto-small-moons/src/planets/polymele/prepared/object.json'
      at async access (node:internal/fs/promises:664:10)
      at async Promise.all (index 4)
      at async TestContext.<anonymous> (file:///Users/ekrof/fed/cssEarth-pluto-small-moons/site/test/planet-shell.test.mjs:249:5)
      at async Test.run (node:internal/test_runner/test:1389:7)
      at async Test.processPendingSubtests (node:internal/test_runner/test:960:7) {
    errno: -2,
    code: 'ENOENT',
    syscall: 'access',
    path: '/Users/ekrof/fed/cssEarth-pluto-small-moons/src/planets/polymele/prepared/object.json'
  }

test at site/test/prepared-lens-legends.test.mjs:59:1
✖ every object forwards its object-owned legend through the shared shell (62.48225ms)
  Error: ENOENT: no such file or directory, open '/Users/ekrof/fed/cssEarth-pluto-small-moons/src/planets/polymele/prepared/object.json'
      at async open (node:internal/fs/promises:697:25)
      at async readFile (node:internal/fs/promises:1348:14)
      at async readJson (file:///Users/ekrof/fed/cssEarth-pluto-small-moons/site/test/load-object-content.mjs:8:45)
      at async loadObjectContent (file:///Users/ekrof/fed/cssEarth-pluto-small-moons/site/test/load-object-content.mjs:19:13)
      at async file:///Users/ekrof/fed/cssEarth-pluto-small-moons/site/test/prepared-lens-legends.test.mjs:61:20
      at async Promise.all (index 0)
      at async TestContext.<anonymous> (file:///Users/ekrof/fed/cssEarth-pluto-small-moons/site/test/prepared-lens-legends.test.mjs:60:3)
      at async Test.run (node:internal/test_runner/test:1389:7)
      at async Test.processPendingSubtests (node:internal/test_runner/test:960:7) {
    errno: -2,
    code: 'ENOENT',
    syscall: 'open',
    path: '/Users/ekrof/fed/cssEarth-pluto-small-moons/src/planets/polymele/prepared/object.json'
  }

test at site/test/prepared-titles.test.mjs:51:1
✖ keeps planet title rendering facts object-owned and source-bound (1.694625ms)
  Error: ENOENT: no such file or directory, open '/Users/ekrof/fed/cssEarth-pluto-small-moons/src/planets/polymele/prepared/object.json'
      at async open (node:internal/fs/promises:697:25)
      at async readFile (node:internal/fs/promises:1348:14)
      at async readJson (file:///Users/ekrof/fed/cssEarth-pluto-small-moons/site/test/load-object-content.mjs:8:45)
      at async loadObjectContent (file:///Users/ekrof/fed/cssEarth-pluto-small-moons/site/test/load-object-content.mjs:19:13)
      at async TestContext.<anonymous> (file:///Users/ekrof/fed/cssEarth-pluto-small-moons/site/test/prepared-titles.test.mjs:53:20)
      at async Test.run (node:internal/test_runner/test:1389:7)
      at async Test.processPendingSubtests (node:internal/test_runner/test:960:7) {
    errno: -2,
    code: 'ENOENT',
    syscall: 'open',
    path: '/Users/ekrof/fed/cssEarth-pluto-small-moons/src/planets/polymele/prepared/object.json'
  }

test at site/test/prepared-titles.test.mjs:64:1
✖ normalizes every implemented planet title to the complete Saturn standard (1.081ms)
  Error: ENOENT: no such file or directory, open '/Users/ekrof/fed/cssEarth-pluto-small-moons/src/planets/polymele/prepared/object.json'
      at async open (node:internal/fs/promises:697:25)
      at async readFile (node:internal/fs/promises:1348:14)
      at async readJson (file:///Users/ekrof/fed/cssEarth-pluto-small-moons/site/test/load-object-content.mjs:8:45)
      at async loadObjectContent (file:///Users/ekrof/fed/cssEarth-pluto-small-moons/site/test/load-object-content.mjs:19:13)
      at async TestContext.<anonymous> (file:///Users/ekrof/fed/cssEarth-pluto-small-moons/site/test/prepared-titles.test.mjs:66:35)
      at async Test.run (node:internal/test_runner/test:1389:7)
      at async Test.processPendingSubtests (node:internal/test_runner/test:960:7) {
    errno: -2,
    code: 'ENOENT',
    syscall: 'open',
    path: '/Users/ekrof/fed/cssEarth-pluto-small-moons/src/planets/polymele/prepared/object.json'
  }

test at site/test/root-orchestration.test.mjs:36:1
✖ loads object-owned browser and audit expectations for every implementation (58.81375ms)
  AssertionError [ERR_ASSERTION]: itokawa: browser profile must provide lens race evidence inputs
      at validatePlanetBrowserProfile (file:///Users/ekrof/fed/cssEarth-pluto-small-moons/site/test/load-browser-profile.mjs:41:34)
      at loadPlanetBrowserProfile (file:///Users/ekrof/fed/cssEarth-pluto-small-moons/site/test/load-browser-profile.mjs:11:12)
      at async Promise.all (index 79)
      at async TestContext.<anonymous> (file:///Users/ekrof/fed/cssEarth-pluto-small-moons/site/test/root-orchestration.test.mjs:38:20)
      at async Test.run (node:internal/test_runner/test:1389:7)
      at async Test.processPendingSubtests (node:internal/test_runner/test:960:7) {
    generatedMessage: false,
    code: 'ERR_ASSERTION',
    actual: undefined,
    expected: true,
    operator: '==',
    diff: 'simple'
  }

test at site/test/scene-contract.test.mjs:9:1
✖ asteroid Shadows default off in authored content and prepared runtime (2.3995ms)
  Error: ENOENT: no such file or directory, open '/Users/ekrof/fed/cssEarth-pluto-small-moons/src/planets/polymele/prepared/object.json'
      at async open (node:internal/fs/promises:697:25)
      at async readFile (node:internal/fs/promises:1348:14)
      at async loadObjectTestDefinition (file:///Users/ekrof/fed/cssEarth-pluto-small-moons/tools/object-test-data.mjs:5:21)
      at async TestContext.<anonymous> (file:///Users/ekrof/fed/cssEarth-pluto-small-moons/site/test/scene-contract.test.mjs:12:23)
      at async Test.run (node:internal/test_runner/test:1389:7)
      at async startSubtestAfterBootstrap (node:internal/test_runner/harness:387:3) {
    errno: -2,
    code: 'ENOENT',
    syscall: 'open',
    path: '/Users/ekrof/fed/cssEarth-pluto-small-moons/src/planets/polymele/prepared/object.json'
  }
 ELIFECYCLE  Command failed with exit code 1.
