Scope: 4 of 5 workspace projects

> @cssearth/astronomy@0.0.0 build /Users/ekrof/fed/cssEarth-moons-mapped-science/packages/astronomy
> tsup

CLI Building entry: src/index.ts
CLI Using tsconfig: tsconfig.json
CLI tsup v8.5.1
CLI Using tsup config: /Users/ekrof/fed/cssEarth-moons-mapped-science/packages/astronomy/tsup.config.ts
CLI Target: es2022
CLI Cleaning output folder
ESM Build start
CJS Build start
ESM dist/index.js 1.55 MB
ESM ⚡️ Build success in 68ms
CJS dist/index.cjs 1.55 MB
CJS ⚡️ Build success in 69ms
DTS Build start
DTS ⚡️ Build success in 718ms
DTS dist/index.d.ts  63.15 KB
DTS dist/index.d.cts 63.15 KB

> @cssearth/catalog@0.0.0 build /Users/ekrof/fed/cssEarth-moons-mapped-science/packages/catalog
> tsup

CLI Building entry: src/index.ts
CLI Using tsconfig: tsconfig.json
CLI tsup v8.5.1
CLI Using tsup config: /Users/ekrof/fed/cssEarth-moons-mapped-science/packages/catalog/tsup.config.ts
CLI Target: es2022
CLI Cleaning output folder
ESM Build start
CJS Build start
ESM dist/index.js 5.78 KB
ESM ⚡️ Build success in 7ms
CJS dist/index.cjs 7.02 KB
CJS ⚡️ Build success in 7ms
DTS Build start
DTS ⚡️ Build success in 291ms
DTS dist/index.d.ts  3.95 KB
DTS dist/index.d.cts 3.95 KB

> @cssearth/objects@0.0.0 build /Users/ekrof/fed/cssEarth-moons-mapped-science/packages/objects
> tsup

CLI Building entry: src/index.ts
CLI Using tsconfig: tsconfig.json
CLI tsup v8.5.1
CLI Using tsup config: /Users/ekrof/fed/cssEarth-moons-mapped-science/packages/objects/tsup.config.ts
CLI Target: es2022
CLI Cleaning output folder
ESM Build start
CJS Build start
ESM dist/index.js 62.80 KB
ESM ⚡️ Build success in 11ms
CJS dist/index.cjs 65.15 KB
CJS ⚡️ Build success in 11ms
DTS Build start
DTS ⚡️ Build success in 315ms
DTS dist/index.d.ts  15.41 KB
DTS dist/index.d.cts 15.41 KB

> @cssearth/engine@0.0.0 build /Users/ekrof/fed/cssEarth-moons-mapped-science/packages/engine
> tsup

CLI Building entry: src/index.ts
CLI Using tsconfig: tsconfig.json
CLI tsup v8.5.1
CLI Using tsup config: /Users/ekrof/fed/cssEarth-moons-mapped-science/packages/engine/tsup.config.ts
CLI Target: es2022
CLI Cleaning output folder
ESM Build start
CJS Build start
CJS dist/index.cjs 65.18 KB
CJS ⚡️ Build success in 11ms
ESM dist/index.js 60.35 KB
ESM ⚡️ Build success in 11ms
DTS Build start
DTS ⚡️ Build success in 332ms
DTS dist/index.d.ts  24.62 KB
DTS dist/index.d.cts 24.62 KB
