(node:40008) ExperimentalWarning: stripTypeScriptTypes is an experimental feature and might change at any time
(Use `node --trace-warnings ...` to show where the warning was created)
[conformance] START comet-1p/initial-shell
[conformance] PASS comet-1p/initial-shell (672ms)
[conformance] START comet-1p/desktop
[conformance] PASS comet-1p/desktop (11759ms)
[conformance] START comet-1p/mobile
[conformance] PASS comet-1p/mobile (3994ms)
[conformance] START comet-1p/dataset-interactions
[conformance] PASS comet-1p/dataset-interactions (7541ms)
[conformance] START comet-1p/dataset-interactions-dpr-2
[conformance] PASS comet-1p/dataset-interactions-dpr-2 (7808ms)
[conformance] START comet-1p/dpr-1
comet-1p DPR 1: interactions passed
[conformance] PASS comet-1p/dpr-1 (21504ms)
[conformance] START comet-1p/dpr-2
comet-1p DPR 2: interactions passed
[conformance] PASS comet-1p/dpr-2 (21499ms)
[conformance] START comet-1p/lens-race
[conformance] PASS comet-1p/lens-race (3943ms)
[conformance] START comet-1p/lens-reacquire
[conformance] PASS comet-1p/lens-reacquire (4112ms)
{
  "ok": true,
  "reports": [
    {
      "id": "comet-1p",
      "viewport": "initial-shell",
      "speedDisabled": false
    },
    {
      "id": "comet-1p",
      "viewport": "desktop",
      "motionActivation": "retained-input",
      "surfaceFlyTo": {
        "pitchDelta": -20.548700128629577,
        "zoomRatio": 2.811031261313924
      },
      "zoomPublication": {
        "skyCube": 0,
        "skyOrientation": 0
      },
      "projectiveTextureReport": {
        "texturedLeafCount": 1000,
        "nestedProjectiveTextureCount": 0,
        "finiteTextureBounds": true
      },
      "mountedPlanets": 1,
      "stageCount": 1,
      "cameraCount": 1,
      "canvasCount": 0,
      "sceneSvgCount": 0,
      "stageChildren": 6,
      "stageElements": 124436,
      "stable": true,
      "retainedProof": {
        "initialNodeCount": 124436,
        "currentNodeCount": 124436,
        "maximumNodeCount": 124436,
        "initialNodesIntact": true,
        "shellTextNodesIntact": true,
        "undeclaredAddedRoots": [],
        "undeclaredRemovedRoots": [],
        "allowedMounts": []
      }
    },
    {
      "id": "comet-1p",
      "viewport": "mobile",
      "mountedPlanets": 1,
      "stageCount": 1,
      "cameraCount": 1,
      "canvasCount": 0,
      "sceneSvgCount": 0,
      "stageChildren": 6,
      "stageElements": 124436,
      "stable": true
    },
    {
      "id": "comet-1p",
      "case": "dataset-interactions",
      "deviceScaleFactor": 1,
      "datasets": [
        {
          "id": "model",
          "interior": false,
          "geometryDisplacement": 145.02841124714678,
          "shadowPixels": null
        },
        {
          "id": "giotto",
          "interior": false,
          "geometryDisplacement": 111.85859345463999,
          "shadowPixels": null
        }
      ]
    },
    {
      "id": "comet-1p",
      "case": "dataset-interactions",
      "deviceScaleFactor": 2,
      "datasets": [
        {
          "id": "model",
          "interior": false,
          "geometryDisplacement": 145.02841124714678,
          "shadowPixels": null
        },
        {
          "id": "giotto",
          "interior": false,
          "geometryDisplacement": 127.86268194655018,
          "shadowPixels": null
        }
      ]
    },
    {
      "id": "comet-1p",
      "case": "pre-ready-hidden-motion-off",
      "skipped": true
    },
    {
      "id": "comet-1p",
      "case": "pre-ready-visible-motion-off",
      "skipped": true
    },
    {
      "id": "comet-1p",
      "case": "pre-ready-hidden-motion-on",
      "skipped": true
    },
    {
      "id": "comet-1p",
      "case": "pre-ready-visible-motion-on",
      "skipped": true
    },
    {
      "id": "comet-1p",
      "viewport": "dpr-1",
      "selectedDensity": 2,
      "requestedCanonicalAssets": [
        "/scenes/comet-1p/comet-1p-lighting.webp",
        "/scenes/comet-1p/comet-1p-model-surface@2x.webp"
      ],
      "replacedPrivateCelestialAssets": [
        "/scenes/comet-1p/comet-1p-directional-sun.webp",
        "/scenes/comet-1p/comet-1p-directional-sun@2x.webp",
        "/scenes/comet-1p/comet-1p-starfield-back-standard.webp",
        "/scenes/comet-1p/comet-1p-starfield-back-standard@2x.webp",
        "/scenes/comet-1p/comet-1p-starfield-back.webp",
        "/scenes/comet-1p/comet-1p-starfield-back@2x.webp",
        "/scenes/comet-1p/comet-1p-starfield-bottom-standard.webp",
        "/scenes/comet-1p/comet-1p-starfield-bottom-standard@2x.webp",
        "/scenes/comet-1p/comet-1p-starfield-bottom.webp",
        "/scenes/comet-1p/comet-1p-starfield-bottom@2x.webp",
        "/scenes/comet-1p/comet-1p-starfield-front-standard.webp",
        "/scenes/comet-1p/comet-1p-starfield-front-standard@2x.webp",
        "/scenes/comet-1p/comet-1p-starfield-front.webp",
        "/scenes/comet-1p/comet-1p-starfield-front@2x.webp",
        "/scenes/comet-1p/comet-1p-starfield-left-standard.webp",
        "/scenes/comet-1p/comet-1p-starfield-left-standard@2x.webp",
        "/scenes/comet-1p/comet-1p-starfield-left.webp",
        "/scenes/comet-1p/comet-1p-starfield-left@2x.webp",
        "/scenes/comet-1p/comet-1p-starfield-right-standard.webp",
        "/scenes/comet-1p/comet-1p-starfield-right-standard@2x.webp",
        "/scenes/comet-1p/comet-1p-starfield-right.webp",
        "/scenes/comet-1p/comet-1p-starfield-right@2x.webp",
        "/scenes/comet-1p/comet-1p-starfield-top-standard.webp",
        "/scenes/comet-1p/comet-1p-starfield-top-standard@2x.webp",
        "/scenes/comet-1p/comet-1p-starfield-top.webp",
        "/scenes/comet-1p/comet-1p-starfield-top@2x.webp"
      ],
      "warmedPrivateCelestialAssets": [
        "/scenes/comet-1p/comet-1p-directional-sun@2x.webp"
      ],
      "sharedSky": [
        {
          "id": "px",
          "bytes": 52116,
          "sha256": "136d8ab4b013ba6f4e4b0f4cdc62b3a421df9eaabc83d48aa0385481b859fed4"
        },
        {
          "id": "nx",
          "bytes": 45762,
          "sha256": "90e64eb3a6efef26d9187c57d58f7c3a4619a3ea58a023d054dcc69cc832ea34"
        },
        {
          "id": "py",
          "bytes": 55020,
          "sha256": "8333bfd18cfa37ffee58a248359fc658ecfaececcbb77acf45a927ab77266572"
        },
        {
          "id": "ny",
          "bytes": 48376,
          "sha256": "fa8315fc7dbfd9b48b391884953c316f114555e2505976ff3f978113f2d89dac"
        },
        {
          "id": "pz",
          "bytes": 52212,
          "sha256": "d1e2900e423cff11bfee6456ab866c84c8b90db43394ececbc32eefbdf714c62"
        },
        {
          "id": "nz",
          "bytes": 64558,
          "sha256": "5772dbef53c537f81f5dcd9016cf1b3afe6ab8ad61fcac26395ca5c841a0f912"
        }
      ],
      "skyboxPointerBoundary": [
        {
          "zoom": 0.7231304347826086,
          "sky": {
            "x": 1168,
            "y": 96
          },
          "clickSky": {
            "x": 1168,
            "y": 96
          },
          "body": {
            "x": 600,
            "y": 400
          },
          "passed": true
        },
        {
          "zoom": 0.47003478260869563,
          "sky": {
            "x": 1168,
            "y": 96
          },
          "clickSky": {
            "x": 1168,
            "y": 96
          },
          "body": {
            "x": 600,
            "y": 400
          },
          "passed": true
        }
      ],
      "interactionInterruptions": {
        "wheelInterruptedInertia": true,
        "wheelZoomRatio": 1.2908752418181817,
        "wheelAnchorRotationApplied": true,
        "pointerStoppedInertia": true,
        "captureLossStoppedDrag": true,
        "wheelCoexistedWithFlyTo": true,
        "dragInterruptedFlyTo": true,
        "repeatedDoubleClickRestartedFlyTo": true,
        "flyToCompletedAndRested": true,
        "activeMotionCount": 0
      },
      "wheelTakeover": {
        "bodyPressStopsWheel": true,
        "skyPressStopsWheel": true,
        "resetStopsWheel": true,
        "heldWheelCancelsGrab": true
      },
      "releasePosition": {
        "nonLaunchingReleaseRetainsDragPose": true,
        "pausedReleaseCannotRestartMotion": true
      },
      "video": "comet-1p-dpr-1.webm"
    },
    {
      "id": "comet-1p",
      "viewport": "dpr-2",
      "selectedDensity": 2,
      "requestedCanonicalAssets": [
        "/scenes/comet-1p/comet-1p-lighting.webp",
        "/scenes/comet-1p/comet-1p-model-surface@2x.webp"
      ],
      "replacedPrivateCelestialAssets": [
        "/scenes/comet-1p/comet-1p-directional-sun.webp",
        "/scenes/comet-1p/comet-1p-directional-sun@2x.webp",
        "/scenes/comet-1p/comet-1p-starfield-back-standard.webp",
        "/scenes/comet-1p/comet-1p-starfield-back-standard@2x.webp",
        "/scenes/comet-1p/comet-1p-starfield-back.webp",
        "/scenes/comet-1p/comet-1p-starfield-back@2x.webp",
        "/scenes/comet-1p/comet-1p-starfield-bottom-standard.webp",
        "/scenes/comet-1p/comet-1p-starfield-bottom-standard@2x.webp",
        "/scenes/comet-1p/comet-1p-starfield-bottom.webp",
        "/scenes/comet-1p/comet-1p-starfield-bottom@2x.webp",
        "/scenes/comet-1p/comet-1p-starfield-front-standard.webp",
        "/scenes/comet-1p/comet-1p-starfield-front-standard@2x.webp",
        "/scenes/comet-1p/comet-1p-starfield-front.webp",
        "/scenes/comet-1p/comet-1p-starfield-front@2x.webp",
        "/scenes/comet-1p/comet-1p-starfield-left-standard.webp",
        "/scenes/comet-1p/comet-1p-starfield-left-standard@2x.webp",
        "/scenes/comet-1p/comet-1p-starfield-left.webp",
        "/scenes/comet-1p/comet-1p-starfield-left@2x.webp",
        "/scenes/comet-1p/comet-1p-starfield-right-standard.webp",
        "/scenes/comet-1p/comet-1p-starfield-right-standard@2x.webp",
        "/scenes/comet-1p/comet-1p-starfield-right.webp",
        "/scenes/comet-1p/comet-1p-starfield-right@2x.webp",
        "/scenes/comet-1p/comet-1p-starfield-top-standard.webp",
        "/scenes/comet-1p/comet-1p-starfield-top-standard@2x.webp",
        "/scenes/comet-1p/comet-1p-starfield-top.webp",
        "/scenes/comet-1p/comet-1p-starfield-top@2x.webp"
      ],
      "warmedPrivateCelestialAssets": [
        "/scenes/comet-1p/comet-1p-directional-sun@2x.webp"
      ],
      "sharedSky": [
        {
          "id": "px",
          "bytes": 52116,
          "sha256": "136d8ab4b013ba6f4e4b0f4cdc62b3a421df9eaabc83d48aa0385481b859fed4"
        },
        {
          "id": "nx",
          "bytes": 45762,
          "sha256": "90e64eb3a6efef26d9187c57d58f7c3a4619a3ea58a023d054dcc69cc832ea34"
        },
        {
          "id": "py",
          "bytes": 55020,
          "sha256": "8333bfd18cfa37ffee58a248359fc658ecfaececcbb77acf45a927ab77266572"
        },
        {
          "id": "ny",
          "bytes": 48376,
          "sha256": "fa8315fc7dbfd9b48b391884953c316f114555e2505976ff3f978113f2d89dac"
        },
        {
          "id": "pz",
          "bytes": 52212,
          "sha256": "d1e2900e423cff11bfee6456ab866c84c8b90db43394ececbc32eefbdf714c62"
        },
        {
          "id": "nz",
          "bytes": 64558,
          "sha256": "5772dbef53c537f81f5dcd9016cf1b3afe6ab8ad61fcac26395ca5c841a0f912"
        }
      ],
      "skyboxPointerBoundary": [
        {
          "zoom": 0.7231304347826086,
          "sky": {
            "x": 1168,
            "y": 96
          },
          "clickSky": {
            "x": 1168,
            "y": 96
          },
          "body": {
            "x": 600,
            "y": 400
          },
          "passed": true
        },
        {
          "zoom": 0.47003478260869563,
          "sky": {
            "x": 1168,
            "y": 96
          },
          "clickSky": {
            "x": 1168,
            "y": 96
          },
          "body": {
            "x": 600,
            "y": 400
          },
          "passed": true
        }
      ],
      "interactionInterruptions": {
        "wheelInterruptedInertia": true,
        "wheelZoomRatio": 1.6839073054545455,
        "wheelAnchorRotationApplied": true,
        "pointerStoppedInertia": true,
        "captureLossStoppedDrag": true,
        "wheelCoexistedWithFlyTo": true,
        "dragInterruptedFlyTo": true,
        "repeatedDoubleClickRestartedFlyTo": true,
        "flyToCompletedAndRested": true,
        "activeMotionCount": 0
      },
      "wheelTakeover": {
        "bodyPressStopsWheel": true,
        "skyPressStopsWheel": true,
        "resetStopsWheel": true,
        "heldWheelCancelsGrab": true
      },
      "releasePosition": {
        "nonLaunchingReleaseRetainsDragPose": true,
        "pausedReleaseCannotRestartMotion": true
      },
      "video": "comet-1p-dpr-2.webm"
    },
    {
      "id": "comet-1p",
      "viewport": "lens-race",
      "lens": "model",
      "slowDecodeCount": 1
    },
    {
      "id": "comet-1p",
      "viewport": "lens-reacquire",
      "lens": "giotto"
    },
    {
      "id": "comet-1p",
      "case": "lens-rejection",
      "skipped": true
    },
    {
      "id": "comet-1p",
      "case": "lens-destroy",
      "skipped": true
    }
  ]
}
