hyb2_onc_20180801_141045_tvf
hyb2_onc_20180801_141058_twf
hyb2_onc_20180801_141117_txf
hyb2_onc_20180801_141130_tnf
hyb2_onc_20180801_141150_tpf
hyb2_onc_20180801_141202_tbf
hyb2_onc_20180801_141222_tuf
hyb2_onc_20180801_144909_tvf
hyb2_onc_20180801_144922_twf
hyb2_onc_20180801_144941_txf
hyb2_onc_20180801_144954_tnf
hyb2_onc_20180801_145014_tpf
hyb2_onc_20180801_145026_tbf
hyb2_onc_20180801_145046_tuf
hyb2_onc_20180801_152733_tvf
hyb2_onc_20180801_152746_twf
hyb2_onc_20180801_152805_txf
hyb2_onc_20180801_152818_tnf
hyb2_onc_20180801_152837_tpf
hyb2_onc_20180801_152850_tbf
hyb2_onc_20180801_152909_tuf
hyb2_onc_20180801_160557_tvf
hyb2_onc_20180801_160610_twf
hyb2_onc_20180801_160629_txf
hyb2_onc_20180801_160642_tnf
hyb2_onc_20180801_160701_tpf
hyb2_onc_20180801_160714_tbf
hyb2_onc_20180801_160733_tuf
hyb2_onc_20180801_164421_tvf
hyb2_onc_20180801_164434_twf
hyb2_onc_20180801_164453_txf
hyb2_onc_20180801_164506_tnf
hyb2_onc_20180801_164525_tpf
hyb2_onc_20180801_164538_tbf
hyb2_onc_20180801_164557_tuf
hyb2_onc_20180801_172245_tvf
hyb2_onc_20180801_172258_twf
hyb2_onc_20180801_172317_txf
hyb2_onc_20180801_172330_tnf
hyb2_onc_20180801_172349_tpf
hyb2_onc_20180801_172402_tbf
hyb2_onc_20180801_172421_tuf
hyb2_onc_20180801_180109_tvf
hyb2_onc_20180801_180122_twf
hyb2_onc_20180801_180141_txf
hyb2_onc_20180801_180154_tnf
hyb2_onc_20180801_180213_tpf
hyb2_onc_20180801_180226_tbf
hyb2_onc_20180801_180245_tuf
hyb2_onc_20180801_183933_tvf
hyb2_onc_20180801_183946_twf
hyb2_onc_20180801_184005_txf
hyb2_onc_20180801_184018_tnf
hyb2_onc_20180801_184037_tpf
hyb2_onc_20180801_184050_tbf
hyb2_onc_20180801_184109_tuf
hyb2_onc_20180801_191757_tvf
hyb2_onc_20180801_191810_twf
hyb2_onc_20180801_191829_txf
hyb2_onc_20180801_191842_tnf
hyb2_onc_20180801_191901_tpf
hyb2_onc_20180801_191914_tbf
hyb2_onc_20180801_191933_tuf
hyb2_onc_20180801_195621_tvf
hyb2_onc_20180801_195634_twf
hyb2_onc_20180801_195653_txf
hyb2_onc_20180801_195706_tnf
hyb2_onc_20180801_195725_tpf
hyb2_onc_20180801_195738_tbf
hyb2_onc_20180801_195757_tuf
hyb2_onc_20180801_203445_tvf
hyb2_onc_20180801_203458_twf
hyb2_onc_20180801_203517_txf
hyb2_onc_20180801_203530_tnf
hyb2_onc_20180801_203549_tpf
hyb2_onc_20180801_203602_tbf
hyb2_onc_20180801_203621_tuf
hyb2_onc_20180801_211309_tvf
hyb2_onc_20180801_211322_twf
hyb2_onc_20180801_211341_txf
hyb2_onc_20180801_211354_tnf
hyb2_onc_20180801_211413_tpf
hyb2_onc_20180801_211426_tbf
hyb2_onc_20180801_211445_tuf
hyb2_onc_20180801_215133_tvf
hyb2_onc_20180801_215146_twf
hyb2_onc_20180801_215205_txf
hyb2_onc_20180801_215218_tnf
hyb2_onc_20180801_215237_tpf
hyb2_onc_20180801_215250_tbf
hyb2_onc_20180801_215309_tuf
hyb2_onc_20180801_223309_tvf
hyb2_onc_20180801_223322_twf
hyb2_onc_20180801_223341_txf
hyb2_onc_20180801_223354_tnf
hyb2_onc_20180801_223413_tpf
hyb2_onc_20180801_223426_tbf
hyb2_onc_20180801_223445_tuf
hyb2_onc_20180824_062008_tvf
hyb2_onc_20180824_062020_twf
hyb2_onc_20180824_062040_txf
hyb2_onc_20180824_062053_tnf
hyb2_onc_20180824_062112_tpf
hyb2_onc_20180824_062124_tbf
hyb2_onc_20180824_062144_tuf
hyb2_onc_20180824_065818_tvf
hyb2_onc_20180824_065830_twf
hyb2_onc_20180824_065850_txf
hyb2_onc_20180824_065903_tnf
hyb2_onc_20180824_065922_tpf
hyb2_onc_20180824_065934_tbf
hyb2_onc_20180824_065954_tuf
hyb2_onc_20180824_073628_tvf
hyb2_onc_20180824_073640_twf
hyb2_onc_20180824_073700_txf
hyb2_onc_20180824_073713_tnf
hyb2_onc_20180824_073732_tpf
hyb2_onc_20180824_073744_tbf
hyb2_onc_20180824_073804_tuf
hyb2_onc_20180824_081438_tvf
hyb2_onc_20180824_081450_twf
hyb2_onc_20180824_081510_txf
hyb2_onc_20180824_081522_tnf
hyb2_onc_20180824_081542_tpf
hyb2_onc_20180824_081554_tbf
hyb2_onc_20180824_081614_tuf
hyb2_onc_20180824_085248_tvf
hyb2_onc_20180824_085300_twf
hyb2_onc_20180824_085320_txf
hyb2_onc_20180824_085332_tnf
hyb2_onc_20180824_085352_tpf
hyb2_onc_20180824_085404_tbf
hyb2_onc_20180824_085424_tuf
hyb2_onc_20180824_093058_tvf
hyb2_onc_20180824_093110_twf
hyb2_onc_20180824_093130_txf
hyb2_onc_20180824_093142_tnf
hyb2_onc_20180824_093202_tpf
hyb2_onc_20180824_093214_tbf
hyb2_onc_20180824_093234_tuf
hyb2_onc_20180824_100908_tvf
hyb2_onc_20180824_100920_twf
hyb2_onc_20180824_100940_txf
hyb2_onc_20180824_100952_tnf
hyb2_onc_20180824_101012_tpf
hyb2_onc_20180824_101024_tbf
hyb2_onc_20180824_101044_tuf
hyb2_onc_20180824_104718_tvf
hyb2_onc_20180824_104730_twf
hyb2_onc_20180824_104750_txf
hyb2_onc_20180824_104802_tnf
hyb2_onc_20180824_104822_tpf
hyb2_onc_20180824_104834_tbf
hyb2_onc_20180824_104854_tuf
hyb2_onc_20180824_112528_tvf
hyb2_onc_20180824_112540_twf
hyb2_onc_20180824_112600_txf
hyb2_onc_20180824_112612_tnf
hyb2_onc_20180824_112632_tpf
hyb2_onc_20180824_112644_tbf
hyb2_onc_20180824_112704_tuf
hyb2_onc_20180824_120338_tvf
hyb2_onc_20180824_120350_twf
hyb2_onc_20180824_120410_txf
hyb2_onc_20180824_120422_tnf
hyb2_onc_20180824_120442_tpf
hyb2_onc_20180824_120454_tbf
hyb2_onc_20180824_120514_tuf
hyb2_onc_20180824_124148_tvf
hyb2_onc_20180824_124200_twf
hyb2_onc_20180824_124220_txf
hyb2_onc_20180824_124232_tnf
hyb2_onc_20180824_124252_tpf
hyb2_onc_20180824_124304_tbf
hyb2_onc_20180824_124324_tuf
hyb2_onc_20180824_131958_tvf
hyb2_onc_20180824_132010_twf
hyb2_onc_20180824_132030_txf
hyb2_onc_20180824_132042_tnf
hyb2_onc_20180824_132102_tpf
hyb2_onc_20180824_132114_tbf
hyb2_onc_20180824_132134_tuf
hyb2_onc_20180824_135808_tvf
hyb2_onc_20180824_135820_twf
hyb2_onc_20180824_135840_txf
hyb2_onc_20180824_135852_tnf
hyb2_onc_20180824_135912_tpf
hyb2_onc_20180824_135924_tbf
hyb2_onc_20180824_135944_tuf
hyb2_onc_20190124_052009_tvf
hyb2_onc_20190124_052021_twf
hyb2_onc_20190124_052041_txf
hyb2_onc_20190124_052053_tnf
hyb2_onc_20190124_052113_tpf
hyb2_onc_20190124_052125_tbf
hyb2_onc_20190124_052145_tuf
hyb2_onc_20190124_055819_tvf
hyb2_onc_20190124_055831_twf
hyb2_onc_20190124_055851_txf
hyb2_onc_20190124_055903_tnf
hyb2_onc_20190124_055923_tpf
hyb2_onc_20190124_055935_tbf
hyb2_onc_20190124_055955_tuf
hyb2_onc_20190124_063629_tvf
hyb2_onc_20190124_063641_twf
hyb2_onc_20190124_063701_txf
hyb2_onc_20190124_063713_tnf
hyb2_onc_20190124_063733_tpf
hyb2_onc_20190124_063745_tbf
hyb2_onc_20190124_063805_tuf
hyb2_onc_20190124_071439_tvf
hyb2_onc_20190124_071451_twf
hyb2_onc_20190124_071511_txf
hyb2_onc_20190124_071523_tnf
hyb2_onc_20190124_071543_tpf
hyb2_onc_20190124_071555_tbf
hyb2_onc_20190124_071615_tuf
hyb2_onc_20190124_075249_tvf
hyb2_onc_20190124_075301_twf
hyb2_onc_20190124_075321_txf
hyb2_onc_20190124_075333_tnf
hyb2_onc_20190124_075353_tpf
hyb2_onc_20190124_075405_tbf
hyb2_onc_20190124_075425_tuf
hyb2_onc_20190124_083059_tvf
hyb2_onc_20190124_083111_twf
hyb2_onc_20190124_083131_txf
hyb2_onc_20190124_083143_tnf
hyb2_onc_20190124_083203_tpf
hyb2_onc_20190124_083215_tbf
hyb2_onc_20190124_083235_tuf
hyb2_onc_20190124_090909_tvf
hyb2_onc_20190124_090921_twf
hyb2_onc_20190124_090941_txf
hyb2_onc_20190124_090953_tnf
hyb2_onc_20190124_091013_tpf
hyb2_onc_20190124_091025_tbf
hyb2_onc_20190124_091045_tuf
hyb2_onc_20190124_094719_tvf
hyb2_onc_20190124_094731_twf
hyb2_onc_20190124_094751_txf
hyb2_onc_20190124_094803_tnf
hyb2_onc_20190124_094823_tpf
hyb2_onc_20190124_094835_tbf
hyb2_onc_20190124_094855_tuf
hyb2_onc_20190124_102528_tvf
hyb2_onc_20190124_102541_twf
hyb2_onc_20190124_102601_txf
hyb2_onc_20190124_102613_tnf
hyb2_onc_20190124_102633_tpf
hyb2_onc_20190124_102645_tbf
hyb2_onc_20190124_102705_tuf
hyb2_onc_20190124_110338_tvf
hyb2_onc_20190124_110351_twf
hyb2_onc_20190124_110410_txf
hyb2_onc_20190124_110423_tnf
hyb2_onc_20190124_110443_tpf
hyb2_onc_20190124_110455_tbf
hyb2_onc_20190124_110515_tuf
hyb2_onc_20190124_114148_tvf
hyb2_onc_20190124_114201_twf
hyb2_onc_20190124_114220_txf
hyb2_onc_20190124_114233_tnf
hyb2_onc_20190124_114253_tpf
hyb2_onc_20190124_114305_tbf
hyb2_onc_20190124_114325_tuf
hyb2_onc_20190124_121958_tvf
hyb2_onc_20190124_122011_twf
hyb2_onc_20190124_122030_txf
hyb2_onc_20190124_122043_tnf
hyb2_onc_20190124_122103_tpf
hyb2_onc_20190124_122115_tbf
hyb2_onc_20190124_122135_tuf
hyb2_onc_20190124_125808_tvf
hyb2_onc_20190124_125821_twf
hyb2_onc_20190124_125840_txf
hyb2_onc_20190124_125853_tnf
hyb2_onc_20190124_125912_tpf
hyb2_onc_20190124_125925_tbf
hyb2_onc_20190124_125944_tuf
hyb2_onc_20190228_130608_tvf
hyb2_onc_20190228_130621_twf
hyb2_onc_20190228_130640_txf
hyb2_onc_20190228_130653_tnf
hyb2_onc_20190228_130712_tpf
hyb2_onc_20190228_130725_tbf
hyb2_onc_20190228_130744_tuf
hyb2_onc_20190228_134418_tvf
hyb2_onc_20190228_134431_twf
hyb2_onc_20190228_134450_txf
hyb2_onc_20190228_134503_tnf
hyb2_onc_20190228_134522_tpf
hyb2_onc_20190228_134535_tbf
hyb2_onc_20190228_134554_tuf
hyb2_onc_20190228_142228_tvf
hyb2_onc_20190228_142241_twf
hyb2_onc_20190228_142300_txf
hyb2_onc_20190228_142313_tnf
hyb2_onc_20190228_142332_tpf
hyb2_onc_20190228_142345_tbf
hyb2_onc_20190228_142404_tuf
hyb2_onc_20190228_150038_tvf
hyb2_onc_20190228_150051_twf
hyb2_onc_20190228_150110_txf
hyb2_onc_20190228_150123_tnf
hyb2_onc_20190228_150142_tpf
hyb2_onc_20190228_150155_tbf
hyb2_onc_20190228_150214_tuf
hyb2_onc_20190228_153848_tvf
hyb2_onc_20190228_153901_twf
hyb2_onc_20190228_153920_txf
hyb2_onc_20190228_153933_tnf
hyb2_onc_20190228_153952_tpf
hyb2_onc_20190228_154005_tbf
hyb2_onc_20190228_154024_tuf
hyb2_onc_20190228_161658_tvf
hyb2_onc_20190228_161710_twf
hyb2_onc_20190228_161730_txf
hyb2_onc_20190228_161743_tnf
hyb2_onc_20190228_161802_tpf
hyb2_onc_20190228_161814_tbf
hyb2_onc_20190228_161834_tuf
hyb2_onc_20190228_165508_tvf
hyb2_onc_20190228_165520_twf
hyb2_onc_20190228_165540_txf
hyb2_onc_20190228_165552_tnf
hyb2_onc_20190228_165612_tpf
hyb2_onc_20190228_165624_tbf
hyb2_onc_20190228_165644_tuf
hyb2_onc_20190228_173318_tvf
hyb2_onc_20190228_173330_twf
hyb2_onc_20190228_173350_txf
hyb2_onc_20190228_173402_tnf
hyb2_onc_20190228_173422_tpf
hyb2_onc_20190228_173434_tbf
hyb2_onc_20190228_173454_tuf
hyb2_onc_20190228_181128_tvf
hyb2_onc_20190228_181140_twf
hyb2_onc_20190228_181200_txf
hyb2_onc_20190228_181212_tnf
hyb2_onc_20190228_181232_tpf
hyb2_onc_20190228_181244_tbf
hyb2_onc_20190228_181304_tuf
hyb2_onc_20190228_184938_tvf
hyb2_onc_20190228_184950_twf
hyb2_onc_20190228_185010_txf
hyb2_onc_20190228_185022_tnf
hyb2_onc_20190228_185042_tpf
hyb2_onc_20190228_185054_tbf
hyb2_onc_20190228_185114_tuf
hyb2_onc_20190228_192748_tvf
hyb2_onc_20190228_192800_twf
hyb2_onc_20190228_192820_txf
hyb2_onc_20190228_192832_tnf
hyb2_onc_20190228_192852_tpf
hyb2_onc_20190228_192904_tbf
hyb2_onc_20190228_192924_tuf
hyb2_onc_20190228_200558_tvf
hyb2_onc_20190228_200610_twf
hyb2_onc_20190228_200630_txf
hyb2_onc_20190228_200642_tnf
hyb2_onc_20190228_200702_tpf
hyb2_onc_20190228_200714_tbf
hyb2_onc_20190228_200734_tuf
hyb2_onc_20190301_060828_tvf
hyb2_onc_20190301_060841_twf
hyb2_onc_20190301_060900_txf
hyb2_onc_20190301_060913_tnf
hyb2_onc_20190301_060932_tpf
hyb2_onc_20190301_060945_tbf
hyb2_onc_20190301_061004_tuf
hyb2_onc_20190301_064638_tvf
hyb2_onc_20190301_064651_twf
hyb2_onc_20190301_064710_txf
hyb2_onc_20190301_064723_tnf
hyb2_onc_20190301_064742_tpf
hyb2_onc_20190301_064755_tbf
hyb2_onc_20190301_064814_tuf
hyb2_onc_20190301_072448_tvf
hyb2_onc_20190301_072501_twf
hyb2_onc_20190301_072520_txf
hyb2_onc_20190301_072533_tnf
hyb2_onc_20190301_072552_tpf
hyb2_onc_20190301_072605_tbf
hyb2_onc_20190301_072624_tuf
hyb2_onc_20190301_080258_tvf
hyb2_onc_20190301_080311_twf
hyb2_onc_20190301_080330_txf
hyb2_onc_20190301_080343_tnf
hyb2_onc_20190301_080402_tpf
hyb2_onc_20190301_080415_tbf
hyb2_onc_20190301_080434_tuf
hyb2_onc_20190301_084108_tvf
hyb2_onc_20190301_084121_twf
hyb2_onc_20190301_084140_txf
hyb2_onc_20190301_084153_tnf
hyb2_onc_20190301_084212_tpf
hyb2_onc_20190301_084225_tbf
hyb2_onc_20190301_084244_tuf
hyb2_onc_20190301_091918_tvf
hyb2_onc_20190301_091931_twf
hyb2_onc_20190301_091950_txf
hyb2_onc_20190301_092003_tnf
hyb2_onc_20190301_092022_tpf
hyb2_onc_20190301_092035_tbf
hyb2_onc_20190301_092054_tuf
hyb2_onc_20190301_095728_tvf
hyb2_onc_20190301_095741_twf
hyb2_onc_20190301_095800_txf
hyb2_onc_20190301_095813_tnf
hyb2_onc_20190301_095832_tpf
hyb2_onc_20190301_095845_tbf
hyb2_onc_20190301_095904_tuf
hyb2_onc_20190301_103538_tvf
hyb2_onc_20190301_103550_twf
hyb2_onc_20190301_103610_txf
hyb2_onc_20190301_103623_tnf
hyb2_onc_20190301_103642_tpf
hyb2_onc_20190301_103654_tbf
hyb2_onc_20190301_103714_tuf
hyb2_onc_20190301_111348_tvf
hyb2_onc_20190301_111400_twf
hyb2_onc_20190301_111420_txf
hyb2_onc_20190301_111433_tnf
hyb2_onc_20190301_111452_tpf
hyb2_onc_20190301_111504_tbf
hyb2_onc_20190301_111524_tuf
hyb2_onc_20190301_115158_tvf
hyb2_onc_20190301_115210_twf
hyb2_onc_20190301_115230_txf
hyb2_onc_20190301_115242_tnf
hyb2_onc_20190301_115302_tpf
hyb2_onc_20190301_115314_tbf
hyb2_onc_20190301_115334_tuf
hyb2_onc_20190301_123008_tvf
hyb2_onc_20190301_123020_twf
hyb2_onc_20190301_123040_txf
hyb2_onc_20190301_123052_tnf
hyb2_onc_20190301_123112_tpf
hyb2_onc_20190301_123124_tbf
hyb2_onc_20190301_123144_tuf
hyb2_onc_20190301_130819_tvf
hyb2_onc_20190301_130831_twf
hyb2_onc_20190301_130851_txf
hyb2_onc_20190301_130903_tnf
hyb2_onc_20190301_130923_tpf
hyb2_onc_20190301_130935_tbf
hyb2_onc_20190301_130955_tuf
hyb2_onc_20191025_031508_tvf
hyb2_onc_20191025_031521_twf
hyb2_onc_20191025_031540_txf
hyb2_onc_20191025_031553_tnf
hyb2_onc_20191025_031612_tpf
hyb2_onc_20191025_031625_tbf
hyb2_onc_20191025_031644_tuf
hyb2_onc_20191025_035318_tvf
hyb2_onc_20191025_035331_twf
hyb2_onc_20191025_035350_txf
hyb2_onc_20191025_035403_tnf
hyb2_onc_20191025_035422_tpf
hyb2_onc_20191025_035435_tbf
hyb2_onc_20191025_035454_tuf
hyb2_onc_20191025_043128_tvf
hyb2_onc_20191025_043141_twf
hyb2_onc_20191025_043200_txf
hyb2_onc_20191025_043213_tnf
hyb2_onc_20191025_043232_tpf
hyb2_onc_20191025_043245_tbf
hyb2_onc_20191025_043304_tuf
hyb2_onc_20191025_050938_tvf
hyb2_onc_20191025_050951_twf
hyb2_onc_20191025_051010_txf
hyb2_onc_20191025_051023_tnf
hyb2_onc_20191025_051042_tpf
hyb2_onc_20191025_051055_tbf
hyb2_onc_20191025_051114_tuf
hyb2_onc_20191025_054748_tvf
hyb2_onc_20191025_054801_twf
hyb2_onc_20191025_054820_txf
hyb2_onc_20191025_054833_tnf
hyb2_onc_20191025_054852_tpf
hyb2_onc_20191025_054905_tbf
hyb2_onc_20191025_054924_tuf
hyb2_onc_20191025_062558_tvf
hyb2_onc_20191025_062611_twf
hyb2_onc_20191025_062630_txf
hyb2_onc_20191025_062643_tnf
hyb2_onc_20191025_062702_tpf
hyb2_onc_20191025_062715_tbf
hyb2_onc_20191025_062734_tuf
hyb2_onc_20191025_070408_tvf
hyb2_onc_20191025_070421_twf
hyb2_onc_20191025_070440_txf
hyb2_onc_20191025_070453_tnf
hyb2_onc_20191025_070512_tpf
hyb2_onc_20191025_070525_tbf
hyb2_onc_20191025_070544_tuf
hyb2_onc_20191025_074218_tvf
hyb2_onc_20191025_074231_twf
hyb2_onc_20191025_074250_txf
hyb2_onc_20191025_074303_tnf
hyb2_onc_20191025_074322_tpf
hyb2_onc_20191025_074335_tbf
hyb2_onc_20191025_074354_tuf
hyb2_onc_20191025_082028_tvf
hyb2_onc_20191025_082041_twf
hyb2_onc_20191025_082100_txf
hyb2_onc_20191025_082113_tnf
hyb2_onc_20191025_082132_tpf
hyb2_onc_20191025_082145_tbf
hyb2_onc_20191025_082204_tuf
hyb2_onc_20191025_085838_tvf
hyb2_onc_20191025_085851_twf
hyb2_onc_20191025_085910_txf
hyb2_onc_20191025_085923_tnf
hyb2_onc_20191025_085942_tpf
hyb2_onc_20191025_085955_tbf
hyb2_onc_20191025_090014_tuf
hyb2_onc_20191025_093648_tvf
hyb2_onc_20191025_093701_twf
hyb2_onc_20191025_093720_txf
hyb2_onc_20191025_093733_tnf
hyb2_onc_20191025_093752_tpf
hyb2_onc_20191025_093805_tbf
hyb2_onc_20191025_093824_tuf
hyb2_onc_20191025_101458_tvf
hyb2_onc_20191025_101510_twf
hyb2_onc_20191025_101530_txf
hyb2_onc_20191025_101543_tnf
hyb2_onc_20191025_101602_tpf
hyb2_onc_20191025_101614_tbf
hyb2_onc_20191025_101634_tuf
hyb2_onc_20191025_105308_tvf
hyb2_onc_20191025_105320_twf
hyb2_onc_20191025_105340_txf
hyb2_onc_20191025_105353_tnf
hyb2_onc_20191025_105412_tpf
hyb2_onc_20191025_105424_tbf
hyb2_onc_20191025_105444_tuf
