(node:91835) ExperimentalWarning: stripTypeScriptTypes is an experimental feature and might change at any time
(Use `node --trace-warnings ...` to show where the warning was created)
[conformance] START comet-1p/initial-shell
[conformance] PASS comet-1p/initial-shell (721ms)
[conformance] START comet-1p/desktop
[conformance] PASS comet-1p/desktop (11732ms)
[conformance] START comet-1p/mobile
[conformance] PASS comet-1p/mobile (3975ms)
[conformance] START comet-1p/dataset-interactions
[conformance] PASS comet-1p/dataset-interactions (7597ms)
[conformance] START comet-1p/dataset-interactions-dpr-2
[conformance] PASS comet-1p/dataset-interactions-dpr-2 (7882ms)
[conformance] START comet-1p/dpr-1
comet-1p DPR 1: interactions passed
[conformance] PASS comet-1p/dpr-1 (21601ms)
[conformance] START comet-1p/dpr-2
comet-1p DPR 2: interactions passed
[conformance] PASS comet-1p/dpr-2 (20569ms)
[conformance] START comet-1p/lens-race
[conformance] PASS comet-1p/lens-race (3739ms)
[conformance] START comet-1p/lens-reacquire
[conformance] PASS comet-1p/lens-reacquire (3907ms)
{
  "ok": true,
  "reports": [
    {
      "id": "comet-1p",
      "viewport": "initial-shell",
      "speedDisabled": false
    },
    {
      "id": "comet-1p",
      "viewport": "desktop",
      "motionActivation": "retained-input",
      "surfaceFlyTo": {
        "pitchDelta": -20.548702383726116,
        "zoomRatio": 2.811031255427325
      },
      "zoomPublication": {
        "skyCube": 0,
        "skyOrientation": 0
      },
      "projectiveTextureReport": {
        "texturedLeafCount": 1000,
        "nestedProjectiveTextureCount": 0,
        "finiteTextureBounds": true
      },
      "mountedPlanets": 1,
      "stageCount": 1,
      "cameraCount": 1,
      "canvasCount": 0,
      "sceneSvgCount": 0,
      "stageChildren": 6,
      "stageElements": 126686,
      "stable": true,
      "retainedProof": {
        "initialNodeCount": 126686,
        "currentNodeCount": 126686,
        "maximumNodeCount": 126686,
        "initialNodesIntact": true,
        "shellTextNodesIntact": true,
        "undeclaredAddedRoots": [],
        "undeclaredRemovedRoots": [],
        "allowedMounts": []
      }
    },
    {
      "id": "comet-1p",
      "viewport": "mobile",
      "mountedPlanets": 1,
      "stageCount": 1,
      "cameraCount": 1,
      "canvasCount": 0,
      "sceneSvgCount": 0,
      "stageChildren": 6,
      "stageElements": 126686,
      "stable": true
    },
    {
      "id": "comet-1p",
      "case": "dataset-interactions",
      "deviceScaleFactor": 1,
      "datasets": [
        {
          "id": "model",
          "interior": false,
          "geometryDisplacement": 145.02841124714678,
          "shadowPixels": null
        },
        {
          "id": "giotto",
          "interior": false,
          "geometryDisplacement": 116.40597964737046,
          "shadowPixels": null
        }
      ]
    },
    {
      "id": "comet-1p",
      "case": "dataset-interactions",
      "deviceScaleFactor": 2,
      "datasets": [
        {
          "id": "model",
          "interior": false,
          "geometryDisplacement": 145.02841124714678,
          "shadowPixels": null
        },
        {
          "id": "giotto",
          "interior": false,
          "geometryDisplacement": 127.78537391416317,
          "shadowPixels": null
        }
      ]
    },
    {
      "id": "comet-1p",
      "case": "pre-ready-hidden-motion-off",
      "skipped": true
    },
    {
      "id": "comet-1p",
      "case": "pre-ready-visible-motion-off",
      "skipped": true
    },
    {
      "id": "comet-1p",
      "case": "pre-ready-hidden-motion-on",
      "skipped": true
    },
    {
      "id": "comet-1p",
      "case": "pre-ready-visible-motion-on",
      "skipped": true
    },
    {
      "id": "comet-1p",
      "viewport": "dpr-1",
      "selectedDensity": 2,
      "requestedCanonicalAssets": [
        "/scenes/comet-1p/comet-1p-lighting.webp",
        "/scenes/comet-1p/comet-1p-model-surface@2x.webp"
      ],
      "replacedPrivateCelestialAssets": [
        "/scenes/comet-1p/comet-1p-directional-sun.webp",
        "/scenes/comet-1p/comet-1p-directional-sun@2x.webp",
        "/scenes/comet-1p/comet-1p-starfield-back-standard.webp",
        "/scenes/comet-1p/comet-1p-starfield-back-standard@2x.webp",
        "/scenes/comet-1p/comet-1p-starfield-back.webp",
        "/scenes/comet-1p/comet-1p-starfield-back@2x.webp",
        "/scenes/comet-1p/comet-1p-starfield-bottom-standard.webp",
        "/scenes/comet-1p/comet-1p-starfield-bottom-standard@2x.webp",
        "/scenes/comet-1p/comet-1p-starfield-bottom.webp",
        "/scenes/comet-1p/comet-1p-starfield-bottom@2x.webp",
        "/scenes/comet-1p/comet-1p-starfield-front-standard.webp",
        "/scenes/comet-1p/comet-1p-starfield-front-standard@2x.webp",
        "/scenes/comet-1p/comet-1p-starfield-front.webp",
        "/scenes/comet-1p/comet-1p-starfield-front@2x.webp",
        "/scenes/comet-1p/comet-1p-starfield-left-standard.webp",
        "/scenes/comet-1p/comet-1p-starfield-left-standard@2x.webp",
        "/scenes/comet-1p/comet-1p-starfield-left.webp",
        "/scenes/comet-1p/comet-1p-starfield-left@2x.webp",
        "/scenes/comet-1p/comet-1p-starfield-right-standard.webp",
        "/scenes/comet-1p/comet-1p-starfield-right-standard@2x.webp",
        "/scenes/comet-1p/comet-1p-starfield-right.webp",
        "/scenes/comet-1p/comet-1p-starfield-right@2x.webp",
        "/scenes/comet-1p/comet-1p-starfield-top-standard.webp",
        "/scenes/comet-1p/comet-1p-starfield-top-standard@2x.webp",
        "/scenes/comet-1p/comet-1p-starfield-top.webp",
        "/scenes/comet-1p/comet-1p-starfield-top@2x.webp"
      ],
      "warmedPrivateCelestialAssets": [
        "/scenes/comet-1p/comet-1p-directional-sun@2x.webp"
      ],
      "sharedSky": [
        {
          "id": "px",
          "bytes": 52116
        },
        {
          "id": "nx",
          "bytes": 45762
        },
        {
          "id": "py",
          "bytes": 55020
        },
        {
          "id": "ny",
          "bytes": 48376
        },
        {
          "id": "pz",
          "bytes": 52212
        },
        {
          "id": "nz",
          "bytes": 64558
        }
      ],
      "skyboxPointerBoundary": [
        {
          "zoom": 0.7231304347826086,
          "sky": {
            "x": 1168,
            "y": 96
          },
          "clickSky": {
            "x": 1168,
            "y": 96
          },
          "body": {
            "x": 600,
            "y": 400
          },
          "passed": true
        },
        {
          "zoom": 0.47003478260869563,
          "sky": {
            "x": 1168,
            "y": 96
          },
          "clickSky": {
            "x": 1168,
            "y": 96
          },
          "body": {
            "x": 600,
            "y": 400
          },
          "passed": true
        }
      ],
      "interactionInterruptions": {
        "wheelInterruptedInertia": true,
        "wheelZoomRatio": 1.2908752418181817,
        "wheelAnchorRotationApplied": true,
        "pointerStoppedInertia": true,
        "captureLossStoppedDrag": true,
        "wheelCoexistedWithFlyTo": true,
        "dragInterruptedFlyTo": true,
        "repeatedDoubleClickRestartedFlyTo": true,
        "flyToCompletedAndRested": true,
        "activeMotionCount": 0
      },
      "wheelTakeover": {
        "bodyPressStopsWheel": true,
        "skyPressStopsWheel": true,
        "resetStopsWheel": true,
        "heldWheelCancelsGrab": true
      },
      "releasePosition": {
        "nonLaunchingReleaseRetainsDragPose": true,
        "pausedReleaseCannotRestartMotion": true
      },
      "video": "comet-1p-dpr-1.webm"
    },
    {
      "id": "comet-1p",
      "viewport": "dpr-2",
      "selectedDensity": 2,
      "requestedCanonicalAssets": [
        "/scenes/comet-1p/comet-1p-lighting.webp",
        "/scenes/comet-1p/comet-1p-model-surface@2x.webp"
      ],
      "replacedPrivateCelestialAssets": [
        "/scenes/comet-1p/comet-1p-directional-sun.webp",
        "/scenes/comet-1p/comet-1p-directional-sun@2x.webp",
        "/scenes/comet-1p/comet-1p-starfield-back-standard.webp",
        "/scenes/comet-1p/comet-1p-starfield-back-standard@2x.webp",
        "/scenes/comet-1p/comet-1p-starfield-back.webp",
        "/scenes/comet-1p/comet-1p-starfield-back@2x.webp",
        "/scenes/comet-1p/comet-1p-starfield-bottom-standard.webp",
        "/scenes/comet-1p/comet-1p-starfield-bottom-standard@2x.webp",
        "/scenes/comet-1p/comet-1p-starfield-bottom.webp",
        "/scenes/comet-1p/comet-1p-starfield-bottom@2x.webp",
        "/scenes/comet-1p/comet-1p-starfield-front-standard.webp",
        "/scenes/comet-1p/comet-1p-starfield-front-standard@2x.webp",
        "/scenes/comet-1p/comet-1p-starfield-front.webp",
        "/scenes/comet-1p/comet-1p-starfield-front@2x.webp",
        "/scenes/comet-1p/comet-1p-starfield-left-standard.webp",
        "/scenes/comet-1p/comet-1p-starfield-left-standard@2x.webp",
        "/scenes/comet-1p/comet-1p-starfield-left.webp",
        "/scenes/comet-1p/comet-1p-starfield-left@2x.webp",
        "/scenes/comet-1p/comet-1p-starfield-right-standard.webp",
        "/scenes/comet-1p/comet-1p-starfield-right-standard@2x.webp",
        "/scenes/comet-1p/comet-1p-starfield-right.webp",
        "/scenes/comet-1p/comet-1p-starfield-right@2x.webp",
        "/scenes/comet-1p/comet-1p-starfield-top-standard.webp",
        "/scenes/comet-1p/comet-1p-starfield-top-standard@2x.webp",
        "/scenes/comet-1p/comet-1p-starfield-top.webp",
        "/scenes/comet-1p/comet-1p-starfield-top@2x.webp"
      ],
      "warmedPrivateCelestialAssets": [
        "/scenes/comet-1p/comet-1p-directional-sun@2x.webp"
      ],
      "sharedSky": [
        {
          "id": "px",
          "bytes": 52116
        },
        {
          "id": "nx",
          "bytes": 45762
        },
        {
          "id": "py",
          "bytes": 55020
        },
        {
          "id": "ny",
          "bytes": 48376
        },
        {
          "id": "pz",
          "bytes": 52212
        },
        {
          "id": "nz",
          "bytes": 64558
        }
      ],
      "skyboxPointerBoundary": [
        {
          "zoom": 0.7231304347826086,
          "sky": {
            "x": 1168,
            "y": 96
          },
          "clickSky": {
            "x": 1168,
            "y": 96
          },
          "body": {
            "x": 600,
            "y": 400
          },
          "passed": true
        },
        {
          "zoom": 0.47003478260869563,
          "sky": {
            "x": 1168,
            "y": 96
          },
          "clickSky": {
            "x": 1168,
            "y": 96
          },
          "body": {
            "x": 600,
            "y": 400
          },
          "passed": true
        }
      ],
      "interactionInterruptions": {
        "wheelInterruptedInertia": true,
        "wheelZoomRatio": 1.6839073054545455,
        "wheelAnchorRotationApplied": true,
        "pointerStoppedInertia": true,
        "captureLossStoppedDrag": true,
        "wheelCoexistedWithFlyTo": true,
        "dragInterruptedFlyTo": true,
        "repeatedDoubleClickRestartedFlyTo": true,
        "flyToCompletedAndRested": true,
        "activeMotionCount": 0
      },
      "wheelTakeover": {
        "bodyPressStopsWheel": true,
        "skyPressStopsWheel": true,
        "resetStopsWheel": true,
        "heldWheelCancelsGrab": true
      },
      "releasePosition": {
        "nonLaunchingReleaseRetainsDragPose": true,
        "pausedReleaseCannotRestartMotion": true
      },
      "video": "comet-1p-dpr-2.webm"
    },
    {
      "id": "comet-1p",
      "viewport": "lens-race",
      "lens": "model",
      "slowDecodeCount": 1
    },
    {
      "id": "comet-1p",
      "viewport": "lens-reacquire",
      "lens": "giotto"
    },
    {
      "id": "comet-1p",
      "case": "lens-rejection",
      "skipped": true
    },
    {
      "id": "comet-1p",
      "case": "lens-destroy",
      "skipped": true
    }
  ]
}
