2023-11-15 17:18:15	INFO	pipeline::pipeline.infrastructure.jobrequest::casa	Executing flagdata(vis='uid___A002_X10ed869_X1ec34.ms', mode='list', inpfile=["spw='25' fieldcnt=True mode='summary' name='AntSpw025'", "spw='27' fieldcnt=True mode='summary' name='AntSpw027'", "spw='29' fieldcnt=True mode='summary' name='AntSpw029'", "spw='31' fieldcnt=True mode='summary' name='AntSpw031'"], flagbackup=False)
2023-11-15 17:20:28	INFO	Summary_0::getResult 	Field R_Dor breakdown
2023-11-15 17:20:28	INFO	Summary_0::getResult 	=====================
2023-11-15 17:20:28	INFO	Summary_0::getResult 	 observation 0 flagged: 3.35923e+07 total: 3.57074e+08 (9.41%)
2023-11-15 17:20:28	INFO	Summary_0::getResult 	 scan 37 flagged: 1.39968e+06 total: 1.48781e+07 (9.41%)
2023-11-15 17:20:28	INFO	Summary_0::getResult 	 scan 30 flagged: 4.19904e+06 total: 4.46342e+07 (9.41%)
2023-11-15 17:20:28	INFO	Summary_0::getResult 	 scan 11 flagged: 4.19904e+06 total: 4.46342e+07 (9.41%)
2023-11-15 17:20:28	INFO	Summary_0::getResult 	 scan 9 flagged: 4.19904e+06 total: 4.46342e+07 (9.41%)
2023-11-15 17:20:28	INFO	Summary_0::getResult 	 scan 33 flagged: 4.19904e+06 total: 4.46342e+07 (9.41%)
2023-11-15 17:20:28	INFO	Summary_0::getResult 	 scan 13 flagged: 4.19904e+06 total: 4.46342e+07 (9.41%)
2023-11-15 17:20:28	INFO	Summary_0::getResult 	 scan 15 flagged: 1.39968e+06 total: 1.48781e+07 (9.41%)
2023-11-15 17:20:28	INFO	Summary_0::getResult 	 scan 22 flagged: 4.19904e+06 total: 4.46342e+07 (9.41%)
2023-11-15 17:20:28	INFO	Summary_0::getResult 	 scan 26 flagged: 1.39968e+06 total: 1.48781e+07 (9.41%)
2023-11-15 17:20:28	INFO	Summary_0::getResult 	 scan 24 flagged: 4.19904e+06 total: 4.46342e+07 (9.41%)
2023-11-15 17:20:28	INFO	Summary_0::getResult 	 antenna DV25 flagged: 829440 total: 1.70035e+07 (4.88%)
2023-11-15 17:20:28	INFO	Summary_0::getResult 	 antenna DV24 flagged: 829440 total: 1.70035e+07 (4.88%)
2023-11-15 17:20:28	INFO	Summary_0::getResult 	 antenna DV21 flagged: 829440 total: 1.70035e+07 (4.88%)
2023-11-15 17:20:28	INFO	Summary_0::getResult 	 antenna DV20 flagged: 829440 total: 1.70035e+07 (4.88%)
2023-11-15 17:20:28	INFO	Summary_0::getResult 	 antenna DA51 flagged: 829440 total: 1.70035e+07 (4.88%)
2023-11-15 17:20:28	INFO	Summary_0::getResult 	 antenna DA54 flagged: 829440 total: 1.70035e+07 (4.88%)
2023-11-15 17:20:28	INFO	Summary_0::getResult 	 antenna DA46 flagged: 829440 total: 1.70035e+07 (4.88%)
2023-11-15 17:20:28	INFO	Summary_0::getResult 	 antenna DA47 flagged: 829440 total: 1.70035e+07 (4.88%)
2023-11-15 17:20:28	INFO	Summary_0::getResult 	 antenna DA64 flagged: 829440 total: 1.70035e+07 (4.88%)
2023-11-15 17:20:28	INFO	Summary_0::getResult 	 antenna DA60 flagged: 829440 total: 1.70035e+07 (4.88%)
2023-11-15 17:20:28	INFO	Summary_0::getResult 	 antenna DA52 flagged: 829440 total: 1.70035e+07 (4.88%)
2023-11-15 17:20:28	INFO	Summary_0::getResult 	 antenna DA42 flagged: 829440 total: 1.70035e+07 (4.88%)
2023-11-15 17:20:28	INFO	Summary_0::getResult 	 antenna DA61 flagged: 829440 total: 1.70035e+07 (4.88%)
2023-11-15 17:20:28	INFO	Summary_0::getResult 	 antenna DV14 flagged: 829440 total: 1.70035e+07 (4.88%)
2023-11-15 17:20:28	INFO	Summary_0::getResult 	 antenna DA43 flagged: 829440 total: 1.70035e+07 (4.88%)
2023-11-15 17:20:28	INFO	Summary_0::getResult 	 antenna DA58 flagged: 829440 total: 1.70035e+07 (4.88%)
2023-11-15 17:20:28	INFO	Summary_0::getResult 	 antenna DV09 flagged: 829440 total: 1.70035e+07 (4.88%)
2023-11-15 17:20:28	INFO	Summary_0::getResult 	 antenna DV11 flagged: 829440 total: 1.70035e+07 (4.88%)
2023-11-15 17:20:28	INFO	Summary_0::getResult 	 antenna DA48 flagged: 829440 total: 1.70035e+07 (4.88%)
2023-11-15 17:20:28	INFO	Summary_0::getResult 	 antenna DA55 flagged: 829440 total: 1.70035e+07 (4.88%)
2023-11-15 17:20:28	INFO	Summary_0::getResult 	 antenna DA44 flagged: 829440 total: 1.70035e+07 (4.88%)
2023-11-15 17:20:28	INFO	Summary_0::getResult 	 antenna DA56 flagged: 829440 total: 1.70035e+07 (4.88%)
2023-11-15 17:20:28	INFO	Summary_0::getResult 	 antenna DV06 flagged: 829440 total: 1.70035e+07 (4.88%)
2023-11-15 17:20:28	INFO	Summary_0::getResult 	 antenna DA62 flagged: 829440 total: 1.70035e+07 (4.88%)
2023-11-15 17:20:28	INFO	Summary_0::getResult 	 antenna DA63 flagged: 829440 total: 1.70035e+07 (4.88%)
2023-11-15 17:20:28	INFO	Summary_0::getResult 	 antenna DA65 flagged: 829440 total: 1.70035e+07 (4.88%)
2023-11-15 17:20:28	INFO	Summary_0::getResult 	 antenna DV02 flagged: 829440 total: 1.70035e+07 (4.88%)
2023-11-15 17:20:28	INFO	Summary_0::getResult 	 antenna DV03 flagged: 1.70035e+07 total: 1.70035e+07 (100%)
2023-11-15 17:20:28	INFO	Summary_0::getResult 	 antenna DA50 flagged: 829440 total: 1.70035e+07 (4.88%)
2023-11-15 17:20:28	INFO	Summary_0::getResult 	 antenna DV07 flagged: 829440 total: 1.70035e+07 (4.88%)
2023-11-15 17:20:28	INFO	Summary_0::getResult 	 antenna DA41 flagged: 829440 total: 1.70035e+07 (4.88%)
2023-11-15 17:20:28	INFO	Summary_0::getResult 	 antenna DV04 flagged: 829440 total: 1.70035e+07 (4.88%)
2023-11-15 17:20:28	INFO	Summary_0::getResult 	 antenna DV08 flagged: 829440 total: 1.70035e+07 (4.88%)
2023-11-15 17:20:28	INFO	Summary_0::getResult 	 antenna DV19 flagged: 829440 total: 1.70035e+07 (4.88%)
2023-11-15 17:20:28	INFO	Summary_0::getResult 	 antenna DV10 flagged: 829440 total: 1.70035e+07 (4.88%)
2023-11-15 17:20:28	INFO	Summary_0::getResult 	 antenna DV12 flagged: 829440 total: 1.70035e+07 (4.88%)
2023-11-15 17:20:28	INFO	Summary_0::getResult 	 antenna DV05 flagged: 829440 total: 1.70035e+07 (4.88%)
2023-11-15 17:20:28	INFO	Summary_0::getResult 	 antenna DV15 flagged: 829440 total: 1.70035e+07 (4.88%)
2023-11-15 17:20:28	INFO	Summary_0::getResult 	 antenna DV16 flagged: 829440 total: 1.70035e+07 (4.88%)
2023-11-15 17:20:28	INFO	Summary_0::getResult 	 antenna DV17 flagged: 829440 total: 1.70035e+07 (4.88%)
2023-11-15 17:20:28	INFO	Summary_0::getResult 	 antenna DV18 flagged: 829440 total: 1.70035e+07 (4.88%)
2023-11-15 17:20:28	INFO	Summary_0::getResult 	 field R_Dor flagged: 3.35923e+07 total: 3.57074e+08 (9.41%)
2023-11-15 17:20:28	INFO	Summary_0::getResult 	 spw 25 flagged: 3.35923e+07 total: 3.57074e+08 (9.41%)
2023-11-15 17:20:28	INFO	Summary_0::getResult 	 correlation YY flagged: 1.67962e+07 total: 1.78537e+08 (9.41%)
2023-11-15 17:20:28	INFO	Summary_0::getResult 	 correlation XX flagged: 1.67962e+07 total: 1.78537e+08 (9.41%)
2023-11-15 17:20:28	INFO	Summary_0::getResult 	 array 0 flagged: 3.35923e+07 total: 3.57074e+08 (9.41%)
2023-11-15 17:20:28	INFO	Summary_0::getResult 	 Total Flagged: 3.35923e+07 Total Counts: 3.57074e+08 (9.41%)
2023-11-15 17:20:28	INFO	Summary_0::getResult 	==========================
2023-11-15 17:20:28	INFO	Summary_0::getResult 	Field J0525-5725 breakdown
2023-11-15 17:20:28	INFO	Summary_0::getResult 	==========================
2023-11-15 17:20:28	INFO	Summary_0::getResult 	 observation 0 flagged: 1.1664e+07 total: 1.23984e+08 (9.41%)
2023-11-15 17:20:28	INFO	Summary_0::getResult 	 scan 7 flagged: 3.888e+06 total: 4.1328e+07 (9.41%)
2023-11-15 17:20:28	INFO	Summary_0::getResult 	 scan 28 flagged: 3.888e+06 total: 4.1328e+07 (9.41%)
2023-11-15 17:20:28	INFO	Summary_0::getResult 	 scan 17 flagged: 3.888e+06 total: 4.1328e+07 (9.41%)
2023-11-15 17:20:28	INFO	Summary_0::getResult 	 antenna DV25 flagged: 288000 total: 5.904e+06 (4.88%)
2023-11-15 17:20:28	INFO	Summary_0::getResult 	 antenna DV24 flagged: 288000 total: 5.904e+06 (4.88%)
2023-11-15 17:20:28	INFO	Summary_0::getResult 	 antenna DV21 flagged: 288000 total: 5.904e+06 (4.88%)
2023-11-15 17:20:28	INFO	Summary_0::getResult 	 antenna DV20 flagged: 288000 total: 5.904e+06 (4.88%)
2023-11-15 17:20:28	INFO	Summary_0::getResult 	 antenna DA51 flagged: 288000 total: 5.904e+06 (4.88%)
2023-11-15 17:20:28	INFO	Summary_0::getResult 	 antenna DA54 flagged: 288000 total: 5.904e+06 (4.88%)
2023-11-15 17:20:28	INFO	Summary_0::getResult 	 antenna DA46 flagged: 288000 total: 5.904e+06 (4.88%)
2023-11-15 17:20:28	INFO	Summary_0::getResult 	 antenna DA47 flagged: 288000 total: 5.904e+06 (4.88%)
2023-11-15 17:20:28	INFO	Summary_0::getResult 	 antenna DA64 flagged: 288000 total: 5.904e+06 (4.88%)
2023-11-15 17:20:28	INFO	Summary_0::getResult 	 antenna DA60 flagged: 288000 total: 5.904e+06 (4.88%)
2023-11-15 17:20:28	INFO	Summary_0::getResult 	 antenna DA52 flagged: 288000 total: 5.904e+06 (4.88%)
2023-11-15 17:20:28	INFO	Summary_0::getResult 	 antenna DA42 flagged: 288000 total: 5.904e+06 (4.88%)
2023-11-15 17:20:28	INFO	Summary_0::getResult 	 antenna DA61 flagged: 288000 total: 5.904e+06 (4.88%)
2023-11-15 17:20:28	INFO	Summary_0::getResult 	 antenna DV14 flagged: 288000 total: 5.904e+06 (4.88%)
2023-11-15 17:20:28	INFO	Summary_0::getResult 	 antenna DA43 flagged: 288000 total: 5.904e+06 (4.88%)
2023-11-15 17:20:28	INFO	Summary_0::getResult 	 antenna DA58 flagged: 288000 total: 5.904e+06 (4.88%)
2023-11-15 17:20:28	INFO	Summary_0::getResult 	 antenna DV09 flagged: 288000 total: 5.904e+06 (4.88%)
2023-11-15 17:20:28	INFO	Summary_0::getResult 	 antenna DV11 flagged: 288000 total: 5.904e+06 (4.88%)
2023-11-15 17:20:28	INFO	Summary_0::getResult 	 antenna DA48 flagged: 288000 total: 5.904e+06 (4.88%)
2023-11-15 17:20:28	INFO	Summary_0::getResult 	 antenna DA55 flagged: 288000 total: 5.904e+06 (4.88%)
2023-11-15 17:20:28	INFO	Summary_0::getResult 	 antenna DA44 flagged: 288000 total: 5.904e+06 (4.88%)
2023-11-15 17:20:28	INFO	Summary_0::getResult 	 antenna DA56 flagged: 288000 total: 5.904e+06 (4.88%)
2023-11-15 17:20:28	INFO	Summary_0::getResult 	 antenna DV06 flagged: 288000 total: 5.904e+06 (4.88%)
2023-11-15 17:20:28	INFO	Summary_0::getResult 	 antenna DA62 flagged: 288000 total: 5.904e+06 (4.88%)
2023-11-15 17:20:28	INFO	Summary_0::getResult 	 antenna DA63 flagged: 288000 total: 5.904e+06 (4.88%)
2023-11-15 17:20:28	INFO	Summary_0::getResult 	 antenna DA65 flagged: 288000 total: 5.904e+06 (4.88%)
2023-11-15 17:20:28	INFO	Summary_0::getResult 	 antenna DV02 flagged: 288000 total: 5.904e+06 (4.88%)
2023-11-15 17:20:28	INFO	Summary_0::getResult 	 antenna DV03 flagged: 5.904e+06 total: 5.904e+06 (100%)
2023-11-15 17:20:28	INFO	Summary_0::getResult 	 antenna DA50 flagged: 288000 total: 5.904e+06 (4.88%)
2023-11-15 17:20:28	INFO	Summary_0::getResult 	 antenna DV07 flagged: 288000 total: 5.904e+06 (4.88%)
2023-11-15 17:20:28	INFO	Summary_0::getResult 	 antenna DA41 flagged: 288000 total: 5.904e+06 (4.88%)
2023-11-15 17:20:28	INFO	Summary_0::getResult 	 antenna DV04 flagged: 288000 total: 5.904e+06 (4.88%)
2023-11-15 17:20:28	INFO	Summary_0::getResult 	 antenna DV08 flagged: 288000 total: 5.904e+06 (4.88%)
2023-11-15 17:20:28	INFO	Summary_0::getResult 	 antenna DV19 flagged: 288000 total: 5.904e+06 (4.88%)
2023-11-15 17:20:28	INFO	Summary_0::getResult 	 antenna DV10 flagged: 288000 total: 5.904e+06 (4.88%)
2023-11-15 17:20:28	INFO	Summary_0::getResult 	 antenna DV12 flagged: 288000 total: 5.904e+06 (4.88%)
2023-11-15 17:20:28	INFO	Summary_0::getResult 	 antenna DV05 flagged: 288000 total: 5.904e+06 (4.88%)
2023-11-15 17:20:28	INFO	Summary_0::getResult 	 antenna DV15 flagged: 288000 total: 5.904e+06 (4.88%)
2023-11-15 17:20:28	INFO	Summary_0::getResult 	 antenna DV16 flagged: 288000 total: 5.904e+06 (4.88%)
2023-11-15 17:20:28	INFO	Summary_0::getResult 	 antenna DV17 flagged: 288000 total: 5.904e+06 (4.88%)
2023-11-15 17:20:28	INFO	Summary_0::getResult 	 antenna DV18 flagged: 288000 total: 5.904e+06 (4.88%)
2023-11-15 17:20:28	INFO	Summary_0::getResult 	 field J0525-5725 flagged: 1.1664e+07 total: 1.23984e+08 (9.41%)
2023-11-15 17:20:28	INFO	Summary_0::getResult 	 spw 25 flagged: 1.1664e+07 total: 1.23984e+08 (9.41%)
2023-11-15 17:20:28	INFO	Summary_0::getResult 	 correlation YY flagged: 5.832e+06 total: 6.1992e+07 (9.41%)
2023-11-15 17:20:28	INFO	Summary_0::getResult 	 correlation XX flagged: 5.832e+06 total: 6.1992e+07 (9.41%)
2023-11-15 17:20:28	INFO	Summary_0::getResult 	 array 0 flagged: 1.1664e+07 total: 1.23984e+08 (9.41%)
2023-11-15 17:20:28	INFO	Summary_0::getResult 	 Total Flagged: 1.1664e+07 Total Counts: 1.23984e+08 (9.41%)
2023-11-15 17:20:28	INFO	Summary_0::getResult 	==========================
2023-11-15 17:20:28	INFO	Summary_1::getResult 	Field R_Dor breakdown
2023-11-15 17:20:28	INFO	Summary_1::getResult 	=====================
2023-11-15 17:20:28	INFO	Summary_1::getResult 	 observation 0 flagged: 3.35923e+07 total: 3.57074e+08 (9.41%)
2023-11-15 17:20:28	INFO	Summary_1::getResult 	 scan 37 flagged: 1.39968e+06 total: 1.48781e+07 (9.41%)
2023-11-15 17:20:28	INFO	Summary_1::getResult 	 scan 30 flagged: 4.19904e+06 total: 4.46342e+07 (9.41%)
2023-11-15 17:20:28	INFO	Summary_1::getResult 	 scan 11 flagged: 4.19904e+06 total: 4.46342e+07 (9.41%)
2023-11-15 17:20:28	INFO	Summary_1::getResult 	 scan 9 flagged: 4.19904e+06 total: 4.46342e+07 (9.41%)
2023-11-15 17:20:28	INFO	Summary_1::getResult 	 scan 33 flagged: 4.19904e+06 total: 4.46342e+07 (9.41%)
2023-11-15 17:20:28	INFO	Summary_1::getResult 	 scan 13 flagged: 4.19904e+06 total: 4.46342e+07 (9.41%)
2023-11-15 17:20:28	INFO	Summary_1::getResult 	 scan 15 flagged: 1.39968e+06 total: 1.48781e+07 (9.41%)
2023-11-15 17:20:28	INFO	Summary_1::getResult 	 scan 22 flagged: 4.19904e+06 total: 4.46342e+07 (9.41%)
2023-11-15 17:20:28	INFO	Summary_1::getResult 	 scan 26 flagged: 1.39968e+06 total: 1.48781e+07 (9.41%)
2023-11-15 17:20:28	INFO	Summary_1::getResult 	 scan 24 flagged: 4.19904e+06 total: 4.46342e+07 (9.41%)
2023-11-15 17:20:28	INFO	Summary_1::getResult 	 antenna DV25 flagged: 829440 total: 1.70035e+07 (4.88%)
2023-11-15 17:20:28	INFO	Summary_1::getResult 	 antenna DV24 flagged: 829440 total: 1.70035e+07 (4.88%)
2023-11-15 17:20:28	INFO	Summary_1::getResult 	 antenna DV21 flagged: 829440 total: 1.70035e+07 (4.88%)
2023-11-15 17:20:28	INFO	Summary_1::getResult 	 antenna DV20 flagged: 829440 total: 1.70035e+07 (4.88%)
2023-11-15 17:20:28	INFO	Summary_1::getResult 	 antenna DA51 flagged: 829440 total: 1.70035e+07 (4.88%)
2023-11-15 17:20:28	INFO	Summary_1::getResult 	 antenna DA54 flagged: 829440 total: 1.70035e+07 (4.88%)
2023-11-15 17:20:28	INFO	Summary_1::getResult 	 antenna DA46 flagged: 829440 total: 1.70035e+07 (4.88%)
2023-11-15 17:20:28	INFO	Summary_1::getResult 	 antenna DA47 flagged: 829440 total: 1.70035e+07 (4.88%)
2023-11-15 17:20:28	INFO	Summary_1::getResult 	 antenna DA64 flagged: 829440 total: 1.70035e+07 (4.88%)
2023-11-15 17:20:28	INFO	Summary_1::getResult 	 antenna DA60 flagged: 829440 total: 1.70035e+07 (4.88%)
2023-11-15 17:20:28	INFO	Summary_1::getResult 	 antenna DA52 flagged: 829440 total: 1.70035e+07 (4.88%)
2023-11-15 17:20:28	INFO	Summary_1::getResult 	 antenna DA42 flagged: 829440 total: 1.70035e+07 (4.88%)
2023-11-15 17:20:28	INFO	Summary_1::getResult 	 antenna DA61 flagged: 829440 total: 1.70035e+07 (4.88%)
2023-11-15 17:20:28	INFO	Summary_1::getResult 	 antenna DV14 flagged: 829440 total: 1.70035e+07 (4.88%)
2023-11-15 17:20:28	INFO	Summary_1::getResult 	 antenna DA43 flagged: 829440 total: 1.70035e+07 (4.88%)
2023-11-15 17:20:28	INFO	Summary_1::getResult 	 antenna DA58 flagged: 829440 total: 1.70035e+07 (4.88%)
2023-11-15 17:20:28	INFO	Summary_1::getResult 	 antenna DV09 flagged: 829440 total: 1.70035e+07 (4.88%)
2023-11-15 17:20:28	INFO	Summary_1::getResult 	 antenna DV11 flagged: 829440 total: 1.70035e+07 (4.88%)
2023-11-15 17:20:28	INFO	Summary_1::getResult 	 antenna DA48 flagged: 829440 total: 1.70035e+07 (4.88%)
2023-11-15 17:20:28	INFO	Summary_1::getResult 	 antenna DA55 flagged: 829440 total: 1.70035e+07 (4.88%)
2023-11-15 17:20:28	INFO	Summary_1::getResult 	 antenna DA44 flagged: 829440 total: 1.70035e+07 (4.88%)
2023-11-15 17:20:28	INFO	Summary_1::getResult 	 antenna DA56 flagged: 829440 total: 1.70035e+07 (4.88%)
2023-11-15 17:20:28	INFO	Summary_1::getResult 	 antenna DV06 flagged: 829440 total: 1.70035e+07 (4.88%)
2023-11-15 17:20:28	INFO	Summary_1::getResult 	 antenna DA62 flagged: 829440 total: 1.70035e+07 (4.88%)
2023-11-15 17:20:28	INFO	Summary_1::getResult 	 antenna DA63 flagged: 829440 total: 1.70035e+07 (4.88%)
2023-11-15 17:20:28	INFO	Summary_1::getResult 	 antenna DA65 flagged: 829440 total: 1.70035e+07 (4.88%)
2023-11-15 17:20:28	INFO	Summary_1::getResult 	 antenna DV02 flagged: 829440 total: 1.70035e+07 (4.88%)
2023-11-15 17:20:28	INFO	Summary_1::getResult 	 antenna DV03 flagged: 1.70035e+07 total: 1.70035e+07 (100%)
2023-11-15 17:20:28	INFO	Summary_1::getResult 	 antenna DA50 flagged: 829440 total: 1.70035e+07 (4.88%)
2023-11-15 17:20:28	INFO	Summary_1::getResult 	 antenna DV07 flagged: 829440 total: 1.70035e+07 (4.88%)
2023-11-15 17:20:28	INFO	Summary_1::getResult 	 antenna DA41 flagged: 829440 total: 1.70035e+07 (4.88%)
2023-11-15 17:20:28	INFO	Summary_1::getResult 	 antenna DV04 flagged: 829440 total: 1.70035e+07 (4.88%)
2023-11-15 17:20:28	INFO	Summary_1::getResult 	 antenna DV08 flagged: 829440 total: 1.70035e+07 (4.88%)
2023-11-15 17:20:28	INFO	Summary_1::getResult 	 antenna DV19 flagged: 829440 total: 1.70035e+07 (4.88%)
2023-11-15 17:20:28	INFO	Summary_1::getResult 	 antenna DV10 flagged: 829440 total: 1.70035e+07 (4.88%)
2023-11-15 17:20:28	INFO	Summary_1::getResult 	 antenna DV12 flagged: 829440 total: 1.70035e+07 (4.88%)
2023-11-15 17:20:28	INFO	Summary_1::getResult 	 antenna DV05 flagged: 829440 total: 1.70035e+07 (4.88%)
2023-11-15 17:20:28	INFO	Summary_1::getResult 	 antenna DV15 flagged: 829440 total: 1.70035e+07 (4.88%)
2023-11-15 17:20:28	INFO	Summary_1::getResult 	 antenna DV16 flagged: 829440 total: 1.70035e+07 (4.88%)
2023-11-15 17:20:28	INFO	Summary_1::getResult 	 antenna DV17 flagged: 829440 total: 1.70035e+07 (4.88%)
2023-11-15 17:20:28	INFO	Summary_1::getResult 	 antenna DV18 flagged: 829440 total: 1.70035e+07 (4.88%)
2023-11-15 17:20:28	INFO	Summary_1::getResult 	 field R_Dor flagged: 3.35923e+07 total: 3.57074e+08 (9.41%)
2023-11-15 17:20:28	INFO	Summary_1::getResult 	 spw 27 flagged: 3.35923e+07 total: 3.57074e+08 (9.41%)
2023-11-15 17:20:28	INFO	Summary_1::getResult 	 correlation YY flagged: 1.67962e+07 total: 1.78537e+08 (9.41%)
2023-11-15 17:20:28	INFO	Summary_1::getResult 	 correlation XX flagged: 1.67962e+07 total: 1.78537e+08 (9.41%)
2023-11-15 17:20:28	INFO	Summary_1::getResult 	 array 0 flagged: 3.35923e+07 total: 3.57074e+08 (9.41%)
2023-11-15 17:20:28	INFO	Summary_1::getResult 	 Total Flagged: 3.35923e+07 Total Counts: 3.57074e+08 (9.41%)
2023-11-15 17:20:28	INFO	Summary_1::getResult 	==========================
2023-11-15 17:20:28	INFO	Summary_2::getResult 	Field R_Dor breakdown
2023-11-15 17:20:28	INFO	Summary_2::getResult 	=====================
2023-11-15 17:20:28	INFO	Summary_2::getResult 	 observation 0 flagged: 3.35923e+07 total: 3.57074e+08 (9.41%)
2023-11-15 17:20:28	INFO	Summary_2::getResult 	 scan 37 flagged: 1.39968e+06 total: 1.48781e+07 (9.41%)
2023-11-15 17:20:28	INFO	Summary_2::getResult 	 scan 30 flagged: 4.19904e+06 total: 4.46342e+07 (9.41%)
2023-11-15 17:20:28	INFO	Summary_2::getResult 	 scan 11 flagged: 4.19904e+06 total: 4.46342e+07 (9.41%)
2023-11-15 17:20:28	INFO	Summary_2::getResult 	 scan 9 flagged: 4.19904e+06 total: 4.46342e+07 (9.41%)
2023-11-15 17:20:28	INFO	Summary_2::getResult 	 scan 33 flagged: 4.19904e+06 total: 4.46342e+07 (9.41%)
2023-11-15 17:20:28	INFO	Summary_2::getResult 	 scan 13 flagged: 4.19904e+06 total: 4.46342e+07 (9.41%)
2023-11-15 17:20:28	INFO	Summary_2::getResult 	 scan 15 flagged: 1.39968e+06 total: 1.48781e+07 (9.41%)
2023-11-15 17:20:28	INFO	Summary_2::getResult 	 scan 22 flagged: 4.19904e+06 total: 4.46342e+07 (9.41%)
2023-11-15 17:20:28	INFO	Summary_2::getResult 	 scan 26 flagged: 1.39968e+06 total: 1.48781e+07 (9.41%)
2023-11-15 17:20:28	INFO	Summary_2::getResult 	 scan 24 flagged: 4.19904e+06 total: 4.46342e+07 (9.41%)
2023-11-15 17:20:28	INFO	Summary_2::getResult 	 antenna DV25 flagged: 829440 total: 1.70035e+07 (4.88%)
2023-11-15 17:20:28	INFO	Summary_2::getResult 	 antenna DV24 flagged: 829440 total: 1.70035e+07 (4.88%)
2023-11-15 17:20:28	INFO	Summary_2::getResult 	 antenna DV21 flagged: 829440 total: 1.70035e+07 (4.88%)
2023-11-15 17:20:28	INFO	Summary_2::getResult 	 antenna DV20 flagged: 829440 total: 1.70035e+07 (4.88%)
2023-11-15 17:20:28	INFO	Summary_2::getResult 	 antenna DA51 flagged: 829440 total: 1.70035e+07 (4.88%)
2023-11-15 17:20:28	INFO	Summary_2::getResult 	 antenna DA54 flagged: 829440 total: 1.70035e+07 (4.88%)
2023-11-15 17:20:28	INFO	Summary_2::getResult 	 antenna DA46 flagged: 829440 total: 1.70035e+07 (4.88%)
2023-11-15 17:20:28	INFO	Summary_2::getResult 	 antenna DA47 flagged: 829440 total: 1.70035e+07 (4.88%)
2023-11-15 17:20:28	INFO	Summary_2::getResult 	 antenna DA64 flagged: 829440 total: 1.70035e+07 (4.88%)
2023-11-15 17:20:28	INFO	Summary_2::getResult 	 antenna DA60 flagged: 829440 total: 1.70035e+07 (4.88%)
2023-11-15 17:20:28	INFO	Summary_2::getResult 	 antenna DA52 flagged: 829440 total: 1.70035e+07 (4.88%)
2023-11-15 17:20:28	INFO	Summary_2::getResult 	 antenna DA42 flagged: 829440 total: 1.70035e+07 (4.88%)
2023-11-15 17:20:28	INFO	Summary_2::getResult 	 antenna DA61 flagged: 829440 total: 1.70035e+07 (4.88%)
2023-11-15 17:20:28	INFO	Summary_2::getResult 	 antenna DV14 flagged: 829440 total: 1.70035e+07 (4.88%)
2023-11-15 17:20:28	INFO	Summary_2::getResult 	 antenna DA43 flagged: 829440 total: 1.70035e+07 (4.88%)
2023-11-15 17:20:28	INFO	Summary_2::getResult 	 antenna DA58 flagged: 829440 total: 1.70035e+07 (4.88%)
2023-11-15 17:20:28	INFO	Summary_2::getResult 	 antenna DV09 flagged: 829440 total: 1.70035e+07 (4.88%)
2023-11-15 17:20:28	INFO	Summary_2::getResult 	 antenna DV11 flagged: 829440 total: 1.70035e+07 (4.88%)
2023-11-15 17:20:28	INFO	Summary_2::getResult 	 antenna DA48 flagged: 829440 total: 1.70035e+07 (4.88%)
2023-11-15 17:20:28	INFO	Summary_2::getResult 	 antenna DA55 flagged: 829440 total: 1.70035e+07 (4.88%)
2023-11-15 17:20:28	INFO	Summary_2::getResult 	 antenna DA44 flagged: 829440 total: 1.70035e+07 (4.88%)
2023-11-15 17:20:28	INFO	Summary_2::getResult 	 antenna DA56 flagged: 829440 total: 1.70035e+07 (4.88%)
2023-11-15 17:20:28	INFO	Summary_2::getResult 	 antenna DV06 flagged: 829440 total: 1.70035e+07 (4.88%)
2023-11-15 17:20:28	INFO	Summary_2::getResult 	 antenna DA62 flagged: 829440 total: 1.70035e+07 (4.88%)
2023-11-15 17:20:28	INFO	Summary_2::getResult 	 antenna DA63 flagged: 829440 total: 1.70035e+07 (4.88%)
2023-11-15 17:20:28	INFO	Summary_2::getResult 	 antenna DA65 flagged: 829440 total: 1.70035e+07 (4.88%)
2023-11-15 17:20:28	INFO	Summary_2::getResult 	 antenna DV02 flagged: 829440 total: 1.70035e+07 (4.88%)
2023-11-15 17:20:28	INFO	Summary_2::getResult 	 antenna DV03 flagged: 1.70035e+07 total: 1.70035e+07 (100%)
2023-11-15 17:20:28	INFO	Summary_2::getResult 	 antenna DA50 flagged: 829440 total: 1.70035e+07 (4.88%)
2023-11-15 17:20:28	INFO	Summary_2::getResult 	 antenna DV07 flagged: 829440 total: 1.70035e+07 (4.88%)
2023-11-15 17:20:28	INFO	Summary_2::getResult 	 antenna DA41 flagged: 829440 total: 1.70035e+07 (4.88%)
2023-11-15 17:20:28	INFO	Summary_2::getResult 	 antenna DV04 flagged: 829440 total: 1.70035e+07 (4.88%)
2023-11-15 17:20:28	INFO	Summary_2::getResult 	 antenna DV08 flagged: 829440 total: 1.70035e+07 (4.88%)
2023-11-15 17:20:28	INFO	Summary_2::getResult 	 antenna DV19 flagged: 829440 total: 1.70035e+07 (4.88%)
2023-11-15 17:20:28	INFO	Summary_2::getResult 	 antenna DV10 flagged: 829440 total: 1.70035e+07 (4.88%)
2023-11-15 17:20:28	INFO	Summary_2::getResult 	 antenna DV12 flagged: 829440 total: 1.70035e+07 (4.88%)
2023-11-15 17:20:28	INFO	Summary_2::getResult 	 antenna DV05 flagged: 829440 total: 1.70035e+07 (4.88%)
2023-11-15 17:20:28	INFO	Summary_2::getResult 	 antenna DV15 flagged: 829440 total: 1.70035e+07 (4.88%)
2023-11-15 17:20:28	INFO	Summary_2::getResult 	 antenna DV16 flagged: 829440 total: 1.70035e+07 (4.88%)
2023-11-15 17:20:28	INFO	Summary_2::getResult 	 antenna DV17 flagged: 829440 total: 1.70035e+07 (4.88%)
2023-11-15 17:20:28	INFO	Summary_2::getResult 	 antenna DV18 flagged: 829440 total: 1.70035e+07 (4.88%)
2023-11-15 17:20:28	INFO	Summary_2::getResult 	 field R_Dor flagged: 3.35923e+07 total: 3.57074e+08 (9.41%)
2023-11-15 17:20:28	INFO	Summary_2::getResult 	 spw 29 flagged: 3.35923e+07 total: 3.57074e+08 (9.41%)
2023-11-15 17:20:28	INFO	Summary_2::getResult 	 correlation YY flagged: 1.67962e+07 total: 1.78537e+08 (9.41%)
2023-11-15 17:20:28	INFO	Summary_2::getResult 	 correlation XX flagged: 1.67962e+07 total: 1.78537e+08 (9.41%)
2023-11-15 17:20:28	INFO	Summary_2::getResult 	 array 0 flagged: 3.35923e+07 total: 3.57074e+08 (9.41%)
2023-11-15 17:20:28	INFO	Summary_2::getResult 	 Total Flagged: 3.35923e+07 Total Counts: 3.57074e+08 (9.41%)
2023-11-15 17:20:28	INFO	Summary_2::getResult 	==========================
2023-11-15 17:20:28	INFO	Summary_3::getResult 	Field R_Dor breakdown
2023-11-15 17:20:28	INFO	Summary_3::getResult 	=====================
2023-11-15 17:20:28	INFO	Summary_3::getResult 	 observation 0 flagged: 3.35923e+07 total: 3.57074e+08 (9.41%)
2023-11-15 17:20:28	INFO	Summary_3::getResult 	 scan 37 flagged: 1.39968e+06 total: 1.48781e+07 (9.41%)
2023-11-15 17:20:28	INFO	Summary_3::getResult 	 scan 30 flagged: 4.19904e+06 total: 4.46342e+07 (9.41%)
2023-11-15 17:20:28	INFO	Summary_3::getResult 	 scan 11 flagged: 4.19904e+06 total: 4.46342e+07 (9.41%)
2023-11-15 17:20:28	INFO	Summary_3::getResult 	 scan 9 flagged: 4.19904e+06 total: 4.46342e+07 (9.41%)
2023-11-15 17:20:28	INFO	Summary_3::getResult 	 scan 33 flagged: 4.19904e+06 total: 4.46342e+07 (9.41%)
2023-11-15 17:20:28	INFO	Summary_3::getResult 	 scan 13 flagged: 4.19904e+06 total: 4.46342e+07 (9.41%)
2023-11-15 17:20:28	INFO	Summary_3::getResult 	 scan 15 flagged: 1.39968e+06 total: 1.48781e+07 (9.41%)
2023-11-15 17:20:28	INFO	Summary_3::getResult 	 scan 22 flagged: 4.19904e+06 total: 4.46342e+07 (9.41%)
2023-11-15 17:20:28	INFO	Summary_3::getResult 	 scan 26 flagged: 1.39968e+06 total: 1.48781e+07 (9.41%)
2023-11-15 17:20:28	INFO	Summary_3::getResult 	 scan 24 flagged: 4.19904e+06 total: 4.46342e+07 (9.41%)
2023-11-15 17:20:28	INFO	Summary_3::getResult 	 antenna DV25 flagged: 829440 total: 1.70035e+07 (4.88%)
2023-11-15 17:20:28	INFO	Summary_3::getResult 	 antenna DV24 flagged: 829440 total: 1.70035e+07 (4.88%)
2023-11-15 17:20:28	INFO	Summary_3::getResult 	 antenna DV21 flagged: 829440 total: 1.70035e+07 (4.88%)
2023-11-15 17:20:28	INFO	Summary_3::getResult 	 antenna DV20 flagged: 829440 total: 1.70035e+07 (4.88%)
2023-11-15 17:20:28	INFO	Summary_3::getResult 	 antenna DA51 flagged: 829440 total: 1.70035e+07 (4.88%)
2023-11-15 17:20:28	INFO	Summary_3::getResult 	 antenna DA54 flagged: 829440 total: 1.70035e+07 (4.88%)
2023-11-15 17:20:28	INFO	Summary_3::getResult 	 antenna DA46 flagged: 829440 total: 1.70035e+07 (4.88%)
2023-11-15 17:20:28	INFO	Summary_3::getResult 	 antenna DA47 flagged: 829440 total: 1.70035e+07 (4.88%)
2023-11-15 17:20:28	INFO	Summary_3::getResult 	 antenna DA64 flagged: 829440 total: 1.70035e+07 (4.88%)
2023-11-15 17:20:28	INFO	Summary_3::getResult 	 antenna DA60 flagged: 829440 total: 1.70035e+07 (4.88%)
2023-11-15 17:20:28	INFO	Summary_3::getResult 	 antenna DA52 flagged: 829440 total: 1.70035e+07 (4.88%)
2023-11-15 17:20:28	INFO	Summary_3::getResult 	 antenna DA42 flagged: 829440 total: 1.70035e+07 (4.88%)
2023-11-15 17:20:28	INFO	Summary_3::getResult 	 antenna DA61 flagged: 829440 total: 1.70035e+07 (4.88%)
2023-11-15 17:20:28	INFO	Summary_3::getResult 	 antenna DV14 flagged: 829440 total: 1.70035e+07 (4.88%)
2023-11-15 17:20:28	INFO	Summary_3::getResult 	 antenna DA43 flagged: 829440 total: 1.70035e+07 (4.88%)
2023-11-15 17:20:28	INFO	Summary_3::getResult 	 antenna DA58 flagged: 829440 total: 1.70035e+07 (4.88%)
2023-11-15 17:20:28	INFO	Summary_3::getResult 	 antenna DV09 flagged: 829440 total: 1.70035e+07 (4.88%)
2023-11-15 17:20:28	INFO	Summary_3::getResult 	 antenna DV11 flagged: 829440 total: 1.70035e+07 (4.88%)
2023-11-15 17:20:28	INFO	Summary_3::getResult 	 antenna DA48 flagged: 829440 total: 1.70035e+07 (4.88%)
2023-11-15 17:20:28	INFO	Summary_3::getResult 	 antenna DA55 flagged: 829440 total: 1.70035e+07 (4.88%)
2023-11-15 17:20:28	INFO	Summary_3::getResult 	 antenna DA44 flagged: 829440 total: 1.70035e+07 (4.88%)
2023-11-15 17:20:28	INFO	Summary_3::getResult 	 antenna DA56 flagged: 829440 total: 1.70035e+07 (4.88%)
2023-11-15 17:20:28	INFO	Summary_3::getResult 	 antenna DV06 flagged: 829440 total: 1.70035e+07 (4.88%)
2023-11-15 17:20:28	INFO	Summary_3::getResult 	 antenna DA62 flagged: 829440 total: 1.70035e+07 (4.88%)
2023-11-15 17:20:28	INFO	Summary_3::getResult 	 antenna DA63 flagged: 829440 total: 1.70035e+07 (4.88%)
2023-11-15 17:20:28	INFO	Summary_3::getResult 	 antenna DA65 flagged: 829440 total: 1.70035e+07 (4.88%)
2023-11-15 17:20:28	INFO	Summary_3::getResult 	 antenna DV02 flagged: 829440 total: 1.70035e+07 (4.88%)
2023-11-15 17:20:28	INFO	Summary_3::getResult 	 antenna DV03 flagged: 1.70035e+07 total: 1.70035e+07 (100%)
2023-11-15 17:20:28	INFO	Summary_3::getResult 	 antenna DA50 flagged: 829440 total: 1.70035e+07 (4.88%)
2023-11-15 17:20:28	INFO	Summary_3::getResult 	 antenna DV07 flagged: 829440 total: 1.70035e+07 (4.88%)
2023-11-15 17:20:28	INFO	Summary_3::getResult 	 antenna DA41 flagged: 829440 total: 1.70035e+07 (4.88%)
2023-11-15 17:20:28	INFO	Summary_3::getResult 	 antenna DV04 flagged: 829440 total: 1.70035e+07 (4.88%)
2023-11-15 17:20:28	INFO	Summary_3::getResult 	 antenna DV08 flagged: 829440 total: 1.70035e+07 (4.88%)
2023-11-15 17:20:28	INFO	Summary_3::getResult 	 antenna DV19 flagged: 829440 total: 1.70035e+07 (4.88%)
2023-11-15 17:20:28	INFO	Summary_3::getResult 	 antenna DV10 flagged: 829440 total: 1.70035e+07 (4.88%)
2023-11-15 17:20:28	INFO	Summary_3::getResult 	 antenna DV12 flagged: 829440 total: 1.70035e+07 (4.88%)
2023-11-15 17:20:28	INFO	Summary_3::getResult 	 antenna DV05 flagged: 829440 total: 1.70035e+07 (4.88%)
2023-11-15 17:20:28	INFO	Summary_3::getResult 	 antenna DV15 flagged: 829440 total: 1.70035e+07 (4.88%)
2023-11-15 17:20:28	INFO	Summary_3::getResult 	 antenna DV16 flagged: 829440 total: 1.70035e+07 (4.88%)
2023-11-15 17:20:28	INFO	Summary_3::getResult 	 antenna DV17 flagged: 829440 total: 1.70035e+07 (4.88%)
2023-11-15 17:20:28	INFO	Summary_3::getResult 	 antenna DV18 flagged: 829440 total: 1.70035e+07 (4.88%)
2023-11-15 17:20:28	INFO	Summary_3::getResult 	 field R_Dor flagged: 3.35923e+07 total: 3.57074e+08 (9.41%)
2023-11-15 17:20:28	INFO	Summary_3::getResult 	 spw 31 flagged: 3.35923e+07 total: 3.57074e+08 (9.41%)
2023-11-15 17:20:28	INFO	Summary_3::getResult 	 correlation YY flagged: 1.67962e+07 total: 1.78537e+08 (9.41%)
2023-11-15 17:20:28	INFO	Summary_3::getResult 	 correlation XX flagged: 1.67962e+07 total: 1.78537e+08 (9.41%)
2023-11-15 17:20:28	INFO	Summary_3::getResult 	 array 0 flagged: 3.35923e+07 total: 3.57074e+08 (9.41%)
2023-11-15 17:20:28	INFO	Summary_3::getResult 	 Total Flagged: 3.35923e+07 Total Counts: 3.57074e+08 (9.41%)
2023-11-15 17:20:28	INFO	Summary_3::getResult 	==========================
2023-11-15 17:18:15	INFO	pipeline::casa	Executing next task
