17:05:25 [vite] connected.
17:05:26 [types] Generated 0ms
17:05:26 [vite] connected.
17:05:26 [vite] Re-optimizing dependencies because vite config has changed
 astro  v7.2.9 ready in 931 ms
┃ Local    http://127.0.0.1:4291/
17:05:26 watching for file changes...
17:05:32 [200] /titan/ 2034ms
17:05:33 [404] /shell/icon-facts.svg/ 8ms
17:05:33 [404] /shell/agency-logos/nasa.png/ 4ms
17:05:33 [404] /shell/agency-logos/esa.svg/ 3ms
17:05:33 [404] /shell/agency-logos/asi.png/ 3ms
17:05:33 [ERROR] [vite] Internal server error: Failed to resolve import "../src/objects/milky-way/object.json" from "site/system-framing.mjs". Does the file exist?
  Plugin: vite:import-analysis
  File: /Users/ekrof/fed/cssEarth-moons-cassini-atlas/site/system-framing.mjs:2:20
  1  |  import context from '../src/planets/sun/prepared/world-context.json' with { type: 'json' };
  2  |  import galaxy from '../src/objects/milky-way/object.json' with { type: 'json' };
     |                      ^
  3  |  import { SYSTEM_FRAMING_MIN_MOON_RADIUS_SHARE, SYSTEM_FRAMING_PADDING_PIXELS } from './runtime-policy.mjs';
  4  |  import { rotateWorldPosition, worldRotationFromQuaternion } from '../src/renderers/css/dist/navigation.js';
      at TransformPluginContext._formatLog (file:///Users/ekrof/fed/cssEarth-moons-mapped-science/node_modules/.pnpm/vite@8.2.2_@types+node@26.4.0_esbuild@0.28.2/node_modules/vite/dist/node/chunks/node.js:31147:39)
      at TransformPluginContext.error (file:///Users/ekrof/fed/cssEarth-moons-mapped-science/node_modules/.pnpm/vite@8.2.2_@types+node@26.4.0_esbuild@0.28.2/node_modules/vite/dist/node/chunks/node.js:31144:14)
      at normalizeUrl (file:///Users/ekrof/fed/cssEarth-moons-mapped-science/node_modules/.pnpm/vite@8.2.2_@types+node@26.4.0_esbuild@0.28.2/node_modules/vite/dist/node/chunks/node.js:28083:18)
      at async file:///Users/ekrof/fed/cssEarth-moons-mapped-science/node_modules/.pnpm/vite@8.2.2_@types+node@26.4.0_esbuild@0.28.2/node_modules/vite/dist/node/chunks/node.js:28153:30
      at async Promise.all (index 1)
      at async TransformPluginContext.transform (file:///Users/ekrof/fed/cssEarth-moons-mapped-science/node_modules/.pnpm/vite@8.2.2_@types+node@26.4.0_esbuild@0.28.2/node_modules/vite/dist/node/chunks/node.js:28119:4)
      at async EnvironmentPluginContainer.transform (file:///Users/ekrof/fed/cssEarth-moons-mapped-science/node_modules/.pnpm/vite@8.2.2_@types+node@26.4.0_esbuild@0.28.2/node_modules/vite/dist/node/chunks/node.js:30932:14)
      at async loadAndTransform (file:///Users/ekrof/fed/cssEarth-moons-mapped-science/node_modules/.pnpm/vite@8.2.2_@types+node@26.4.0_esbuild@0.28.2/node_modules/vite/dist/node/chunks/node.js:20671:26)
17:05:34 [200] /titan/ 127ms
17:05:34 [404] /shell/icon-facts.svg/ 0ms
17:05:34 [404] /shell/agency-logos/nasa.png/ 0ms
17:05:34 [404] /shell/agency-logos/esa.svg/ 0ms
17:05:34 [404] /shell/agency-logos/asi.png/ 0ms
17:05:34 [vite] dependencies optimized: @cesium/engine/Source/Core/Cartesian2.js, @cesium/engine/Source/Core/Cartesian3.js, @cesium/engine/Source/Core/Cartesian4.js, @cesium/engine/Source/Core/Cartographic.js, @cesium/engine/Source/Core/Check.js, @cesium/engine/Source/Core/CullingVolume.js, @cesium/engine/Source/Core/Ellipsoid.js, @cesium/engine/Source/Core/Intersect.js, @cesium/engine/Source/Core/IntersectionTests.js, @cesium/engine/Source/Core/Math.js, @cesium/engine/Source/Core/Ray.js, @cesium/engine/Source/Core/defined.js
17:05:34 [vite] optimized dependencies changed. reloading
17:05:34 [200] /titan/ 202ms
17:05:35 [404] /shell/icon-facts.svg/ 0ms
17:05:35 [404] /shell/agency-logos/nasa.png/ 0ms
17:05:35 [404] /shell/agency-logos/esa.svg/ 0ms
17:05:35 [404] /shell/agency-logos/asi.png/ 0ms
17:05:35 [ERROR] [vite] Internal server error: Failed to resolve import "../src/objects/milky-way/object.json" from "site/system-framing.mjs". Does the file exist?
  Plugin: vite:import-analysis
  File: /Users/ekrof/fed/cssEarth-moons-cassini-atlas/site/system-framing.mjs:2:20
  1  |  import context from '../src/planets/sun/prepared/world-context.json' with { type: 'json' };
  2  |  import galaxy from '../src/objects/milky-way/object.json' with { type: 'json' };
     |                      ^
  3  |  import { SYSTEM_FRAMING_MIN_MOON_RADIUS_SHARE, SYSTEM_FRAMING_PADDING_PIXELS } from './runtime-policy.mjs';
  4  |  import { rotateWorldPosition, worldRotationFromQuaternion } from '../src/renderers/css/dist/navigation.js';
      at TransformPluginContext._formatLog (file:///Users/ekrof/fed/cssEarth-moons-mapped-science/node_modules/.pnpm/vite@8.2.2_@types+node@26.4.0_esbuild@0.28.2/node_modules/vite/dist/node/chunks/node.js:31147:39)
      at TransformPluginContext.error (file:///Users/ekrof/fed/cssEarth-moons-mapped-science/node_modules/.pnpm/vite@8.2.2_@types+node@26.4.0_esbuild@0.28.2/node_modules/vite/dist/node/chunks/node.js:31144:14)
      at normalizeUrl (file:///Users/ekrof/fed/cssEarth-moons-mapped-science/node_modules/.pnpm/vite@8.2.2_@types+node@26.4.0_esbuild@0.28.2/node_modules/vite/dist/node/chunks/node.js:28083:18)
      at async file:///Users/ekrof/fed/cssEarth-moons-mapped-science/node_modules/.pnpm/vite@8.2.2_@types+node@26.4.0_esbuild@0.28.2/node_modules/vite/dist/node/chunks/node.js:28153:30
      at async Promise.all (index 1)
      at async TransformPluginContext.transform (file:///Users/ekrof/fed/cssEarth-moons-mapped-science/node_modules/.pnpm/vite@8.2.2_@types+node@26.4.0_esbuild@0.28.2/node_modules/vite/dist/node/chunks/node.js:28119:4)
      at async EnvironmentPluginContainer.transform (file:///Users/ekrof/fed/cssEarth-moons-mapped-science/node_modules/.pnpm/vite@8.2.2_@types+node@26.4.0_esbuild@0.28.2/node_modules/vite/dist/node/chunks/node.js:30932:14)
      at async loadAndTransform (file:///Users/ekrof/fed/cssEarth-moons-mapped-science/node_modules/.pnpm/vite@8.2.2_@types+node@26.4.0_esbuild@0.28.2/node_modules/vite/dist/node/chunks/node.js:20671:26)
      at async viteTransformMiddleware (file:///Users/ekrof/fed/cssEarth-moons-mapped-science/node_modules/.pnpm/vite@8.2.2_@types+node@26.4.0_esbuild@0.28.2/node_modules/vite/dist/node/chunks/node.js:25205:20)
17:05:35 [404] /favicon.ico/ 0ms
17:05:58 [watch] src/objects/heliosphere/README.md
17:05:58 [watch] src/objects/heliosphere/object.json
17:05:58 [200] /titan/ 42ms
17:05:59 [watch] src/objects/milky-way/object.json
17:05:59 [watch] src/objects/stellar-neighbourhood/object.json
17:05:59 [404] /shell/icon-facts.svg/ 0ms
17:05:59 [404] /shell/agency-logos/nasa.png/ 0ms
17:05:59 [404] /shell/agency-logos/esa.svg/ 0ms
17:05:59 [404] /shell/agency-logos/asi.png/ 0ms
17:06:01 [200] /objects/titan/3b5794d48e0691e802fdb4c847b355a2de37e930d56697f39b6308929b373eb4.json 25ms
17:06:01 [vite] dependency optimized: @layoutit/polycss
/Users/ekrof/fed/cssEarth-moons-cassini-atlas/output/playwright/b7-surfaces/integrated-2026-09-09T20-05-26.474Z/report.json
node:internal/modules/run_main:107
    triggerUncaughtException(
    ^

AssertionError [ERR_ASSERTION]: titan: runtime/network errors
+ actual - expected

+ [
+   {
+     kind: 'http',
+     status: 404,
+     url: 'http://127.0.0.1:4291/shell/icon-facts.svg'
+   },
+   {
+     kind: 'console',
+     message: 'Failed to load resource: the server responded with a status of 404 (Not Found)'
+   },
+   {
+     kind: 'http',
+     status: 404,
+     url: 'http://127.0.0.1:4291/shell/agency-logos/nasa.png'
+   },
+   {
+     kind: 'console',
+     message: 'Failed to load resource: the server responded with a status of 404 (Not Found)'
+   },
+   {
+     kind: 'http',
+     status: 404,
+     url: 'http://127.0.0.1:4291/shell/agency-logos/esa.svg'
+   },
+   {
+     kind: 'console',
+     message: 'Failed to load resource: the server responded with a status of 404 (Not Found)'
+   },
+   {
+     kind: 'http',
+     status: 404,
+     url: 'http://127.0.0.1:4291/shell/agency-logos/asi.png'
+   },
+   {
+     kind: 'console',
+     message: 'Failed to load resource: the server responded with a status of 404 (Not Found)'
+   },
+   {
+     kind: 'http',
+     status: 500,
+     url: 'http://127.0.0.1:4291/site/system-framing.mjs'
+   },
+   {
+     kind: 'console',
+     message: 'Failed to load resource: the server responded with a status of 500 (Internal Server Error)'
+   },
+   {
+     kind: 'http',
+     status: 404,
+     url: 'http://127.0.0.1:4291/shell/icon-facts.svg'
+   },
+   {
+     kind: 'console',
+     message: 'Failed to load resource: the server responded with a status of 404 (Not Found)'
+   },
+   {
+     kind: 'http',
+     status: 404,
+     url: 'http://127.0.0.1:4291/shell/agency-logos/nasa.png'
+   },
+   {
+     kind: 'console',
+     message: 'Failed to load resource: the server responded with a status of 404 (Not Found)'
+   },
+   {
+     kind: 'http',
+     status: 404,
+     url: 'http://127.0.0.1:4291/shell/agency-logos/esa.svg'
+   },
+   {
+     kind: 'console',
+     message: 'Failed to load resource: the server responded with a status of 404 (Not Found)'
+   },
+   {
+     kind: 'http',
+     status: 404,
+     url: 'http://127.0.0.1:4291/shell/agency-logos/asi.png'
+   },
+   {
+     kind: 'console',
+     message: 'Failed to load resource: the server responded with a status of 404 (Not Found)'
+   },
+   {
+     kind: 'http',
+     status: 404,
+     url: 'http://127.0.0.1:4291/shell/icon-facts.svg'
+   },
+   {
+     kind: 'console',
+     message: 'Failed to load resource: the server responded with a status of 404 (Not Found)'
+   },
+   {
+     kind: 'http',
+     status: 404,
+     url: 'http://127.0.0.1:4291/shell/agency-logos/nasa.png'
+   },
+   {
+     kind: 'console',
+     message: 'Failed to load resource: the server responded with a status of 404 (Not Found)'
+   },
+   {
+     kind: 'http',
+     status: 404,
+     url: 'http://127.0.0.1:4291/shell/agency-logos/esa.svg'
+   },
+   {
+     kind: 'console',
+     message: 'Failed to load resource: the server responded with a status of 404 (Not Found)'
+   },
+   {
+     kind: 'http',
+     status: 404,
+     url: 'http://127.0.0.1:4291/shell/agency-logos/asi.png'
+   },
+   {
+     kind: 'console',
+     message: 'Failed to load resource: the server responded with a status of 404 (Not Found)'
+   },
+   {
+     kind: 'http',
+     status: 500,
+     url: 'http://127.0.0.1:4291/site/system-framing.mjs'
+   },
+   {
+     kind: 'console',
+     message: 'Failed to load resource: the server responded with a status of 500 (Internal Server Error)'
+   },
+   {
+     kind: 'console',
+     message: 'Failed to load resource: the server responded with a status of 404 (Not Found)'
+   },
+   {
+     kind: 'http',
+     status: 404,
+     url: 'http://127.0.0.1:4291/shell/icon-facts.svg'
+   },
+   {
+     kind: 'console',
+     message: 'Failed to load resource: the server responded with a status of 404 (Not Found)'
+   },
+   {
+     kind: 'http',
+     status: 404,
+     url: 'http://127.0.0.1:4291/shell/agency-logos/nasa.png'
+   },
+   {
+     kind: 'console',
+     message: 'Failed to load resource: the server responded with a status of 404 (Not Found)'
+   },
+   {
+     kind: 'http',
+     status: 404,
+     url: 'http://127.0.0.1:4291/shell/agency-logos/esa.svg'
+   },
+   {
+     kind: 'console',
+     message: 'Failed to load resource: the server responded with a status of 404 (Not Found)'
+   },
+   {
+     kind: 'http',
+     status: 404,
+     url: 'http://127.0.0.1:4291/shell/agency-logos/asi.png'
+   },
+   {
+     kind: 'console',
+     message: 'Failed to load resource: the server responded with a status of 404 (Not Found)'
+   }
+ ]
- []

    at captureBody (file:///Users/ekrof/fed/cssEarth-moons-cassini-atlas/docs/moons/b7-cassini-atlas/capture-integrated.mjs:204:16)
    at async file:///Users/ekrof/fed/cssEarth-moons-cassini-atlas/docs/moons/b7-cassini-atlas/capture-integrated.mjs:91:49 {
  generatedMessage: false,
  code: 'ERR_ASSERTION',
  actual: [
    {
      kind: 'http',
      url: 'http://127.0.0.1:4291/shell/icon-facts.svg',
      status: 404
    },
    {
      kind: 'console',
      message: 'Failed to load resource: the server responded with a status of 404 (Not Found)'
    },
    {
      kind: 'http',
      url: 'http://127.0.0.1:4291/shell/agency-logos/nasa.png',
      status: 404
    },
    {
      kind: 'console',
      message: 'Failed to load resource: the server responded with a status of 404 (Not Found)'
    },
    {
      kind: 'http',
      url: 'http://127.0.0.1:4291/shell/agency-logos/esa.svg',
      status: 404
    },
    {
      kind: 'console',
      message: 'Failed to load resource: the server responded with a status of 404 (Not Found)'
    },
    {
      kind: 'http',
      url: 'http://127.0.0.1:4291/shell/agency-logos/asi.png',
      status: 404
    },
    {
      kind: 'console',
      message: 'Failed to load resource: the server responded with a status of 404 (Not Found)'
    },
    {
      kind: 'http',
      url: 'http://127.0.0.1:4291/site/system-framing.mjs',
      status: 500
    },
    {
      kind: 'console',
      message: 'Failed to load resource: the server responded with a status of 500 (Internal Server Error)'
    },
    {
      kind: 'http',
      url: 'http://127.0.0.1:4291/shell/icon-facts.svg',
      status: 404
    },
    {
      kind: 'console',
      message: 'Failed to load resource: the server responded with a status of 404 (Not Found)'
    },
    {
      kind: 'http',
      url: 'http://127.0.0.1:4291/shell/agency-logos/nasa.png',
      status: 404
    },
    {
      kind: 'console',
      message: 'Failed to load resource: the server responded with a status of 404 (Not Found)'
    },
    {
      kind: 'http',
      url: 'http://127.0.0.1:4291/shell/agency-logos/esa.svg',
      status: 404
    },
    {
      kind: 'console',
      message: 'Failed to load resource: the server responded with a status of 404 (Not Found)'
    },
    {
      kind: 'http',
      url: 'http://127.0.0.1:4291/shell/agency-logos/asi.png',
      status: 404
    },
    {
      kind: 'console',
      message: 'Failed to load resource: the server responded with a status of 404 (Not Found)'
    },
    {
      kind: 'http',
      url: 'http://127.0.0.1:4291/shell/icon-facts.svg',
      status: 404
    },
    {
      kind: 'console',
      message: 'Failed to load resource: the server responded with a status of 404 (Not Found)'
    },
    {
      kind: 'http',
      url: 'http://127.0.0.1:4291/shell/agency-logos/nasa.png',
      status: 404
    },
    {
      kind: 'console',
      message: 'Failed to load resource: the server responded with a status of 404 (Not Found)'
    },
    {
      kind: 'http',
      url: 'http://127.0.0.1:4291/shell/agency-logos/esa.svg',
      status: 404
    },
    {
      kind: 'console',
      message: 'Failed to load resource: the server responded with a status of 404 (Not Found)'
    },
    {
      kind: 'http',
      url: 'http://127.0.0.1:4291/shell/agency-logos/asi.png',
      status: 404
    },
    {
      kind: 'console',
      message: 'Failed to load resource: the server responded with a status of 404 (Not Found)'
    },
    {
      kind: 'http',
      url: 'http://127.0.0.1:4291/site/system-framing.mjs',
      status: 500
    },
    {
      kind: 'console',
      message: 'Failed to load resource: the server responded with a status of 500 (Internal Server Error)'
    },
    {
      kind: 'console',
      message: 'Failed to load resource: the server responded with a status of 404 (Not Found)'
    },
    {
      kind: 'http',
      url: 'http://127.0.0.1:4291/shell/icon-facts.svg',
      status: 404
    },
    {
      kind: 'console',
      message: 'Failed to load resource: the server responded with a status of 404 (Not Found)'
    },
    {
      kind: 'http',
      url: 'http://127.0.0.1:4291/shell/agency-logos/nasa.png',
      status: 404
    },
    {
      kind: 'console',
      message: 'Failed to load resource: the server responded with a status of 404 (Not Found)'
    },
    {
      kind: 'http',
      url: 'http://127.0.0.1:4291/shell/agency-logos/esa.svg',
      status: 404
    },
    {
      kind: 'console',
      message: 'Failed to load resource: the server responded with a status of 404 (Not Found)'
    },
    {
      kind: 'http',
      url: 'http://127.0.0.1:4291/shell/agency-logos/asi.png',
      status: 404
    },
    {
      kind: 'console',
      message: 'Failed to load resource: the server responded with a status of 404 (Not Found)'
    }
  ],
  expected: [],
  operator: 'deepStrictEqual',
  diff: 'simple'
}

Node.js v24.19.0
