node:internal/modules/run_main:107
    triggerUncaughtException(
    ^

AssertionError [ERR_ASSERTION]: New shared runtime ownership violation
+ actual - expected

+ [
+   {
+     file: 'site/system-framing.mjs',
+     line: 1,
+     reason: "ENOENT: no such file or directory, open '/Users/ekrof/fed/cssEarth-moons-cassini-atlas/src/objects/milky-way/object.json'"
+   },
+   {
+     file: 'site/application-world-context.mjs',
+     line: 1,
+     reason: 'Prepared context point field is invalid: descriptor cannot be read.'
+   }
+ ]
- []

    at file:///Users/ekrof/fed/cssEarth-moons-cassini-atlas/docs/moons/b7-cassini-atlas/verify-packages.mjs:43:9 {
  generatedMessage: false,
  code: 'ERR_ASSERTION',
  actual: [
    {
      file: 'site/system-framing.mjs',
      line: 1,
      reason: "ENOENT: no such file or directory, open '/Users/ekrof/fed/cssEarth-moons-cassini-atlas/src/objects/milky-way/object.json'"
    },
    {
      file: 'site/application-world-context.mjs',
      line: 1,
      reason: 'Prepared context point field is invalid: descriptor cannot be read.'
    }
  ],
  expected: [],
  operator: 'deepStrictEqual',
  diff: 'simple'
}

Node.js v24.19.0
