18:48:32 [vite] connected.
18:48:33 [types] Generated 0ms
18:48:33 [vite] connected.
 astro  v7.2.9 ready in 928 ms
┃ Local    http://127.0.0.1:4291/
18:48:33 watching for file changes...
(node:10007) ExperimentalWarning: stripTypeScriptTypes is an experimental feature and might change at any time
(Use `node --trace-warnings ...` to show where the warning was created)
[conformance] START ganymede/mobile
18:48:38 [200] /ganymede/ 2068ms
18:48:43 [200] /objects/ganymede/cfa3c6808ec7b26f86d2e3276c5760f75e7c2610a9f5f726ae3dbd8e1872b68f.json 6ms
[conformance] PASS ganymede/mobile (10291ms)
[conformance] START ganymede/dataset-interactions
18:48:44 [200] /ganymede/ 52ms
18:48:47 [200] /objects/ganymede/cfa3c6808ec7b26f86d2e3276c5760f75e7c2610a9f5f726ae3dbd8e1872b68f.json 10ms
[conformance] PASS ganymede/dataset-interactions (12726ms)
[conformance] START ganymede/dataset-interactions-dpr-2
18:48:57 [200] /ganymede/ 49ms
18:48:59 [200] /objects/ganymede/cfa3c6808ec7b26f86d2e3276c5760f75e7c2610a9f5f726ae3dbd8e1872b68f.json 6ms
[conformance] PASS ganymede/dataset-interactions-dpr-2 (13644ms)
[conformance] START ganymede/lens-race
18:49:10 [200] /ganymede/ 42ms
18:49:13 [200] /objects/ganymede/cfa3c6808ec7b26f86d2e3276c5760f75e7c2610a9f5f726ae3dbd8e1872b68f.json 7ms
[conformance] PASS ganymede/lens-race (4104ms)
[conformance] START ganymede/lens-reacquire
18:49:14 [200] /ganymede/ 44ms
18:49:17 [200] /objects/ganymede/cfa3c6808ec7b26f86d2e3276c5760f75e7c2610a9f5f726ae3dbd8e1872b68f.json 6ms
[conformance] PASS ganymede/lens-reacquire (4019ms)
[conformance] START ganymede/lens-rejection
18:49:18 [200] /ganymede/ 45ms
18:49:21 [200] /objects/ganymede/cfa3c6808ec7b26f86d2e3276c5760f75e7c2610a9f5f726ae3dbd8e1872b68f.json 6ms
[conformance] PASS ganymede/lens-rejection (4255ms)
[conformance] START ganymede/lens-destroy
18:49:23 [200] /ganymede/ 39ms
18:49:25 [200] /objects/ganymede/cfa3c6808ec7b26f86d2e3276c5760f75e7c2610a9f5f726ae3dbd8e1872b68f.json 8ms
[conformance] PASS ganymede/lens-destroy (4253ms)
{
  "ok": true,
  "reports": [
    {
      "id": "ganymede",
      "case": "initial-shell",
      "skipped": true
    },
    {
      "id": "ganymede",
      "case": "desktop",
      "skipped": true
    },
    {
      "id": "ganymede",
      "viewport": "mobile",
      "mountedPlanets": 1,
      "stageCount": 1,
      "cameraCount": 1,
      "canvasCount": 0,
      "sceneSvgCount": 0,
      "stageChildren": 6,
      "stageElements": 109467,
      "stable": true
    },
    {
      "id": "ganymede",
      "case": "dataset-interactions",
      "deviceScaleFactor": 1,
      "datasets": [
        {
          "id": "normal",
          "interior": false,
          "geometryDisplacement": 122.55434110621117,
          "shadowPixels": null
        },
        {
          "id": "enhanced",
          "interior": false,
          "geometryDisplacement": 122.66198553330892,
          "shadowPixels": null
        },
        {
          "id": "geology",
          "interior": false,
          "geometryDisplacement": 122.12823326009908,
          "shadowPixels": null
        },
        {
          "id": "oxygen-signature",
          "interior": false,
          "geometryDisplacement": 122.22288036798702,
          "shadowPixels": null
        }
      ]
    },
    {
      "id": "ganymede",
      "case": "dataset-interactions",
      "deviceScaleFactor": 2,
      "datasets": [
        {
          "id": "normal",
          "interior": false,
          "geometryDisplacement": 122.55434110621117,
          "shadowPixels": null
        },
        {
          "id": "enhanced",
          "interior": false,
          "geometryDisplacement": 122.66198553330892,
          "shadowPixels": null
        },
        {
          "id": "geology",
          "interior": false,
          "geometryDisplacement": 122.12823326009908,
          "shadowPixels": null
        },
        {
          "id": "oxygen-signature",
          "interior": false,
          "geometryDisplacement": 111.69951845909024,
          "shadowPixels": null
        }
      ]
    },
    {
      "id": "ganymede",
      "case": "pre-ready-hidden-motion-off",
      "skipped": true
    },
    {
      "id": "ganymede",
      "case": "pre-ready-visible-motion-off",
      "skipped": true
    },
    {
      "id": "ganymede",
      "case": "pre-ready-hidden-motion-on",
      "skipped": true
    },
    {
      "id": "ganymede",
      "case": "pre-ready-visible-motion-on",
      "skipped": true
    },
    {
      "id": "ganymede",
      "case": "dpr-1",
      "skipped": true
    },
    {
      "id": "ganymede",
      "case": "dpr-2",
      "skipped": true
    },
    {
      "id": "ganymede",
      "viewport": "lens-race",
      "lens": "normal",
      "slowDecodeCount": 1
    },
    {
      "id": "ganymede",
      "viewport": "lens-reacquire",
      "lens": "enhanced"
    },
    {
      "id": "ganymede",
      "viewport": "lens-rejection-retry",
      "lens": "enhanced"
    },
    {
      "id": "ganymede",
      "viewport": "lens-destroy"
    }
  ]
}
