18:47:17 [vite] connected.
18:47:18 [types] Generated 0ms
18:47:18 [vite] connected.
 astro  v7.2.9 ready in 1015 ms
┃ Local    http://127.0.0.1:4291/
18:47:18 watching for file changes...
(node:1006) ExperimentalWarning: stripTypeScriptTypes is an experimental feature and might change at any time
(Use `node --trace-warnings ...` to show where the warning was created)
[conformance] START io/mobile
18:47:23 [200] /io/ 1921ms
18:47:27 [200] /objects/io/91ae3d8a4e3399be7766420ec92c6d3f43c519f83cddac9e030f43061edd0f69.json 7ms
[conformance] PASS io/mobile (9341ms)
[conformance] START io/dataset-interactions
18:47:28 [200] /io/ 45ms
18:47:31 [200] /objects/io/91ae3d8a4e3399be7766420ec92c6d3f43c519f83cddac9e030f43061edd0f69.json 6ms
[conformance] PASS io/dataset-interactions (13823ms)
[conformance] START io/dataset-interactions-dpr-2
18:47:42 [200] /io/ 42ms
18:47:44 [200] /objects/io/91ae3d8a4e3399be7766420ec92c6d3f43c519f83cddac9e030f43061edd0f69.json 9ms
[conformance] PASS io/dataset-interactions-dpr-2 (15182ms)
[conformance] START io/lens-race
18:47:57 [200] /io/ 107ms
18:48:00 [200] /objects/io/91ae3d8a4e3399be7766420ec92c6d3f43c519f83cddac9e030f43061edd0f69.json 9ms
[conformance] PASS io/lens-race (3518ms)
[conformance] START io/lens-reacquire
18:48:01 [200] /io/ 49ms
18:48:03 [200] /objects/io/91ae3d8a4e3399be7766420ec92c6d3f43c519f83cddac9e030f43061edd0f69.json 7ms
[conformance] PASS io/lens-reacquire (3457ms)
[conformance] START io/lens-rejection
18:48:04 [200] /io/ 49ms
18:48:07 [200] /objects/io/91ae3d8a4e3399be7766420ec92c6d3f43c519f83cddac9e030f43061edd0f69.json 7ms
[conformance] PASS io/lens-rejection (3647ms)
[conformance] START io/lens-destroy
18:48:08 [200] /io/ 40ms
18:48:10 [200] /objects/io/91ae3d8a4e3399be7766420ec92c6d3f43c519f83cddac9e030f43061edd0f69.json 6ms
[conformance] PASS io/lens-destroy (3341ms)
{
  "ok": true,
  "reports": [
    {
      "id": "io",
      "case": "initial-shell",
      "skipped": true
    },
    {
      "id": "io",
      "case": "desktop",
      "skipped": true
    },
    {
      "id": "io",
      "viewport": "mobile",
      "mountedPlanets": 1,
      "stageCount": 1,
      "cameraCount": 1,
      "canvasCount": 0,
      "sceneSvgCount": 0,
      "stageChildren": 6,
      "stageElements": 109467,
      "stable": true
    },
    {
      "id": "io",
      "case": "dataset-interactions",
      "deviceScaleFactor": 1,
      "datasets": [
        {
          "id": "normal",
          "interior": false,
          "geometryDisplacement": 122.76932410490376,
          "shadowPixels": null
        },
        {
          "id": "enhanced",
          "interior": false,
          "geometryDisplacement": 122.37472365406153,
          "shadowPixels": null
        },
        {
          "id": "geology",
          "interior": false,
          "geometryDisplacement": 122.09286992064357,
          "shadowPixels": null
        },
        {
          "id": "spectral-slope",
          "interior": false,
          "geometryDisplacement": 125.10003493396728,
          "shadowPixels": null
        },
        {
          "id": "visible-absorption",
          "interior": false,
          "geometryDisplacement": 124.84667602985984,
          "shadowPixels": null
        }
      ]
    },
    {
      "id": "io",
      "case": "dataset-interactions",
      "deviceScaleFactor": 2,
      "datasets": [
        {
          "id": "normal",
          "interior": false,
          "geometryDisplacement": 122.76932410490376,
          "shadowPixels": null
        },
        {
          "id": "enhanced",
          "interior": false,
          "geometryDisplacement": 122.37472365406153,
          "shadowPixels": null
        },
        {
          "id": "geology",
          "interior": false,
          "geometryDisplacement": 122.09286992064357,
          "shadowPixels": null
        },
        {
          "id": "spectral-slope",
          "interior": false,
          "geometryDisplacement": 134.20161611582344,
          "shadowPixels": null
        },
        {
          "id": "visible-absorption",
          "interior": false,
          "geometryDisplacement": 129.42920918864715,
          "shadowPixels": null
        }
      ]
    },
    {
      "id": "io",
      "case": "pre-ready-hidden-motion-off",
      "skipped": true
    },
    {
      "id": "io",
      "case": "pre-ready-visible-motion-off",
      "skipped": true
    },
    {
      "id": "io",
      "case": "pre-ready-hidden-motion-on",
      "skipped": true
    },
    {
      "id": "io",
      "case": "pre-ready-visible-motion-on",
      "skipped": true
    },
    {
      "id": "io",
      "case": "dpr-1",
      "skipped": true
    },
    {
      "id": "io",
      "case": "dpr-2",
      "skipped": true
    },
    {
      "id": "io",
      "viewport": "lens-race",
      "lens": "normal",
      "slowDecodeCount": 1
    },
    {
      "id": "io",
      "viewport": "lens-reacquire",
      "lens": "enhanced"
    },
    {
      "id": "io",
      "viewport": "lens-rejection-retry",
      "lens": "enhanced"
    },
    {
      "id": "io",
      "viewport": "lens-destroy"
    }
  ]
}
