/Users/ekrof/fed/cssEarth-moons-cassini-atlas/docs/moons/b8-surface-chemistry/evidence/sources/muse/render-source-panels.py:135: DeprecationWarning: Setting the shape on a NumPy array has been deprecated in NumPy 2.5.
As an alternative, you can create a new view using np.reshape (with copy=False if needed).
  output = raster.read(1)
{
  "panels": [
    "io-spectral-slope-source-panel.png",
    "io-visible-absorption-source-panel.png",
    "ganymede-oxygen-signature-source-panel.png"
  ],
  "bodies": {
    "io": {
      "manifestEntriesVerified": 12,
      "conversionPinsVerified": 7,
      "sourceManifestSha256": "8fcf2b685e212acdb95fd16368a8f51817b3f21da16de5aeaef329d8f2c625b6",
      "contentSha256": "84b59a67cc9970f2728c781d8d7a4254d9ac39f96273a3b8598f46171689ade4",
      "preparationSha256": "a2ca8a5abc1cbb507b93a10f8898661c5ce400ddacdb8687b083b47565c1152a",
      "recipeSha256": "a0dce284117c01ed762a05ab1a2f25af626bd9e73733daaddb4f327749073d81",
      "receiptSha256": "9640accaa31acef0af9cb9008cb914815d86f47db2f219163d2c0c32a7d1a231"
    },
    "ganymede": {
      "manifestEntriesVerified": 6,
      "conversionPinsVerified": 4,
      "sourceManifestSha256": "4b1a55dc054828c9d764c093e35aad58d41bdebb166c0a7f49282e7defba0bb5",
      "contentSha256": "0a453be4ee04370d6d36f3a7dc6f0e0dc0b9a9564f79268fb9c0d285dc50764a",
      "preparationSha256": "b23900c986d151dd5656d7dbe781c189d9ad25c3fe4398462a72b6746fa821b9",
      "recipeSha256": "c2dc147d0db95b7284949ce31b664374f652eadab4b9b4b3d48b5b12e5f15968",
      "receiptSha256": "fa2dd36f754ea0d2c1b39011236daa09d5ca08cd00652c9f7c040dc2d0f9e84a"
    }
  },
  "elapsedSeconds": 0.2793924170000537,
  "processPeakResidentBytesMacOS": 93519872
}
