✔ reduced science textures preserve every normalized band and gutter address (1.005375ms)
✔ authored scientific body profiles dispatch without body-named executable recipes (6.526791ms)
✔ observation recipes reject ambiguous masks and fallback ordering (1.718792ms)
✔ disk normalization rejects unsupported physical or display assumptions (1.729166ms)
✔ a shape display requires a source mesh and consumer for the shared no-imagery grid (0.527625ms)
✔ georeferenced photographs bind quality, physical distances and bounded disk normalization (1.778791ms)
✔ native radial fallback preserves numeric/missing cells through actual lossless flood and shadow encoding (15.71475ms)
✔ a smaller baked atlas preserves original face plans and normalized CSS addresses (4.774459ms)
✔ Agenor focus transforms actual solid leaf coordinates to the camera centre (22.275708ms)
✔ scientific quality masks intersect measured support without erasing valid zero or blending across boundaries (5.7265ms)
✔ source-surface relief uses the actual local facet normal without radial finite differences (0.526375ms)
✔ polar stereographic grids preserve cardinal orientation in both hemispheres (0.455542ms)
✔ scientific interpolation converts radius to height without extending source coverage (0.168042ms)
✔ relief preserves height units, latitude spacing, wrapping and coverage boundaries (0.184458ms)
✔ numeric color scale clamps endpoints and interpolates authored colors (0.10775ms)
✔ kilometre DEMs produce the same relief as their metre equivalents (0.080042ms)
✔ float sampling uses pixel centers and excludes special values without masking black observations (0.098292ms)
✔ observed color retains dark valid pixels and rejects incomplete footprints (0.070917ms)
✔ channel composition uses all three bands from one observation and source density precedence (0.617375ms)
✔ Lambert atlas is transparent outside the body and carries distinct full-phase shading (0.253334ms)
✔ capability selection and validity policy are independent of body names (3.693667ms)
✔ a measured elevation lens can be the only surface capability (1.041125ms)
✔ a declared output meridian shifts presentation without changing source coordinates (1.372458ms)
ℹ tests 23
ℹ suites 0
ℹ pass 23
ℹ fail 0
ℹ cancelled 0
ℹ skipped 0
ℹ todo 0
ℹ duration_ms 1010.944375
