22:09:16 [types] Generated 0ms
 astro  v7.2.9 ready in 770 ms
┃ Local    http://127.0.0.1:4292/
22:09:16 watching for file changes...
(node:99178) ExperimentalWarning: stripTypeScriptTypes is an experimental feature and might change at any time
(Use `node --trace-warnings ...` to show where the warning was created)
[conformance] START tethys/mobile
22:09:22 [200] /tethys/ 1681ms
22:09:26 [200] /objects/tethys/fbc8e2a19392940b44333668c3ebe2ea88031b4b78d2cac9295efecb9fd63932.json 7ms
[conformance] PASS tethys/mobile (10184ms)
[conformance] START tethys/dataset-interactions
22:09:28 [200] /tethys/ 10ms
22:09:31 [200] /objects/tethys/fbc8e2a19392940b44333668c3ebe2ea88031b4b78d2cac9295efecb9fd63932.json 7ms
[conformance] PASS tethys/dataset-interactions (33398ms)
[conformance] START tethys/dataset-interactions-dpr-2
22:10:01 [200] /tethys/ 9ms
22:10:04 [200] /objects/tethys/fbc8e2a19392940b44333668c3ebe2ea88031b4b78d2cac9295efecb9fd63932.json 16ms
[conformance] PASS tethys/dataset-interactions-dpr-2 (34248ms)
[conformance] START tethys/lens-race
22:10:36 [200] /tethys/ 9ms
22:10:38 [200] /objects/tethys/fbc8e2a19392940b44333668c3ebe2ea88031b4b78d2cac9295efecb9fd63932.json 9ms
[conformance] PASS tethys/lens-race (4361ms)
[conformance] START tethys/lens-reacquire
22:10:40 [200] /tethys/ 10ms
22:10:43 [200] /objects/tethys/fbc8e2a19392940b44333668c3ebe2ea88031b4b78d2cac9295efecb9fd63932.json 14ms
[conformance] PASS tethys/lens-reacquire (5442ms)
[conformance] START tethys/lens-rejection
22:10:46 [200] /tethys/ 10ms
22:10:49 [200] /objects/tethys/fbc8e2a19392940b44333668c3ebe2ea88031b4b78d2cac9295efecb9fd63932.json 8ms
[conformance] PASS tethys/lens-rejection (5252ms)
[conformance] START tethys/lens-destroy
22:10:51 [200] /tethys/ 9ms
22:10:54 [200] /objects/tethys/fbc8e2a19392940b44333668c3ebe2ea88031b4b78d2cac9295efecb9fd63932.json 8ms
[conformance] PASS tethys/lens-destroy (4682ms)
{
  "ok": true,
  "reports": [
    {
      "id": "tethys",
      "case": "initial-shell",
      "skipped": true
    },
    {
      "id": "tethys",
      "case": "desktop",
      "skipped": true
    },
    {
      "id": "tethys",
      "viewport": "mobile",
      "mountedPlanets": 1,
      "stageCount": 1,
      "cameraCount": 1,
      "canvasCount": 0,
      "sceneSvgCount": 0,
      "stageChildren": 6,
      "stageElements": 117251,
      "stable": true
    },
    {
      "id": "tethys",
      "case": "dataset-interactions",
      "deviceScaleFactor": 1,
      "datasets": [
        {
          "id": "normal",
          "interior": false,
          "geometryDisplacement": 123.29214118424102,
          "shadowPixels": null
        },
        {
          "id": "enhanced",
          "interior": false,
          "geometryDisplacement": 124.2994865908578,
          "shadowPixels": null
        },
        {
          "id": "elevation",
          "interior": false,
          "geometryDisplacement": 124.1387795258464,
          "shadowPixels": null
        },
        {
          "id": "relative-albedo",
          "interior": false,
          "geometryDisplacement": 123.25282002532859,
          "shadowPixels": null
        },
        {
          "id": "shape",
          "interior": false,
          "geometryDisplacement": 122.56112030840404,
          "shadowPixels": null
        },
        {
          "id": "infrared",
          "interior": false,
          "geometryDisplacement": 104.56383367183922,
          "shadowPixels": null
        },
        {
          "id": "ice-absorption",
          "interior": false,
          "geometryDisplacement": 105.02874975423305,
          "shadowPixels": null
        }
      ]
    },
    {
      "id": "tethys",
      "case": "dataset-interactions",
      "deviceScaleFactor": 2,
      "datasets": [
        {
          "id": "normal",
          "interior": false,
          "geometryDisplacement": 123.29214118424102,
          "shadowPixels": null
        },
        {
          "id": "enhanced",
          "interior": false,
          "geometryDisplacement": 124.2994865908578,
          "shadowPixels": null
        },
        {
          "id": "elevation",
          "interior": false,
          "geometryDisplacement": 124.1387795258464,
          "shadowPixels": null
        },
        {
          "id": "relative-albedo",
          "interior": false,
          "geometryDisplacement": 123.25282002532859,
          "shadowPixels": null
        },
        {
          "id": "shape",
          "interior": false,
          "geometryDisplacement": 122.56112030840404,
          "shadowPixels": null
        },
        {
          "id": "infrared",
          "interior": false,
          "geometryDisplacement": 99.58158158524112,
          "shadowPixels": null
        },
        {
          "id": "ice-absorption",
          "interior": false,
          "geometryDisplacement": 104.73173977182086,
          "shadowPixels": null
        }
      ]
    },
    {
      "id": "tethys",
      "case": "pre-ready-hidden-motion-off",
      "skipped": true
    },
    {
      "id": "tethys",
      "case": "pre-ready-visible-motion-off",
      "skipped": true
    },
    {
      "id": "tethys",
      "case": "pre-ready-hidden-motion-on",
      "skipped": true
    },
    {
      "id": "tethys",
      "case": "pre-ready-visible-motion-on",
      "skipped": true
    },
    {
      "id": "tethys",
      "case": "dpr-1",
      "skipped": true
    },
    {
      "id": "tethys",
      "case": "dpr-2",
      "skipped": true
    },
    {
      "id": "tethys",
      "viewport": "lens-race",
      "lens": "normal",
      "slowDecodeCount": 1
    },
    {
      "id": "tethys",
      "viewport": "lens-reacquire",
      "lens": "enhanced"
    },
    {
      "id": "tethys",
      "viewport": "lens-rejection-retry",
      "lens": "enhanced"
    },
    {
      "id": "tethys",
      "viewport": "lens-destroy"
    }
  ]
}
