Scope: 4 of 5 workspace projects

> @cssearth/astronomy@0.0.0 build /Users/ekrof/fed/cssEarth-moons-cassini-atlas/packages/astronomy
> tsup

CLI Building entry: src/index.ts
CLI Using tsconfig: tsconfig.json
CLI tsup v8.5.1
CLI Using tsup config: /Users/ekrof/fed/cssEarth-moons-cassini-atlas/packages/astronomy/tsup.config.ts
CLI Target: es2022
CLI Cleaning output folder
ESM Build start
CJS Build start
ESM dist/index.js 1.62 MB
ESM ⚡️ Build success in 72ms
CJS dist/index.cjs 1.63 MB
CJS ⚡️ Build success in 72ms
DTS Build start
DTS ⚡️ Build success in 848ms
DTS dist/index.d.ts  64.36 KB
DTS dist/index.d.cts 64.36 KB

> @cssearth/catalog@0.0.0 build /Users/ekrof/fed/cssEarth-moons-cassini-atlas/packages/catalog
> tsup

CLI Building entry: src/index.ts
CLI Using tsconfig: tsconfig.json
CLI tsup v8.5.1
CLI Using tsup config: /Users/ekrof/fed/cssEarth-moons-cassini-atlas/packages/catalog/tsup.config.ts
CLI Target: es2022
CLI Cleaning output folder
ESM Build start
CJS Build start
CJS dist/index.cjs 7.02 KB
CJS ⚡️ Build success in 10ms
ESM dist/index.js 5.78 KB
ESM ⚡️ Build success in 11ms
DTS Build start
DTS ⚡️ Build success in 316ms
DTS dist/index.d.ts  3.95 KB
DTS dist/index.d.cts 3.95 KB

> @cssearth/objects@0.0.0 build /Users/ekrof/fed/cssEarth-moons-cassini-atlas/packages/objects
> tsup

CLI Building entry: src/index.ts
CLI Using tsconfig: tsconfig.json
CLI tsup v8.5.1
CLI Using tsup config: /Users/ekrof/fed/cssEarth-moons-cassini-atlas/packages/objects/tsup.config.ts
CLI Target: es2022
CLI Cleaning output folder
ESM Build start
CJS Build start
ESM dist/index.js 62.80 KB
ESM ⚡️ Build success in 14ms
CJS dist/index.cjs 65.15 KB
CJS ⚡️ Build success in 14ms
DTS Build start
DTS ⚡️ Build success in 355ms
DTS dist/index.d.ts  15.41 KB
DTS dist/index.d.cts 15.41 KB

> @cssearth/engine@0.0.0 build /Users/ekrof/fed/cssEarth-moons-cassini-atlas/packages/engine
> tsup

CLI Building entry: src/index.ts
CLI Using tsconfig: tsconfig.json
CLI tsup v8.5.1
CLI Using tsup config: /Users/ekrof/fed/cssEarth-moons-cassini-atlas/packages/engine/tsup.config.ts
CLI Target: es2022
CLI Cleaning output folder
ESM Build start
CJS Build start
CJS dist/index.cjs 65.29 KB
CJS ⚡️ Build success in 13ms
ESM dist/index.js 60.45 KB
ESM ⚡️ Build success in 13ms
DTS Build start
DTS ⚡️ Build success in 350ms
DTS dist/index.d.ts  24.62 KB
DTS dist/index.d.cts 24.62 KB
