{"inputCount":11,"generatedIntermediateCount":0,"documentCount":15,"verifiedCount":26}
✔ publishes one prepared retained Moon scene (0.37675ms)
✔ prepares sourced surface, numeric LOLA, preserved GRAIL, and Diviner lenses (12.482042ms)
✔ keeps the Moon cubic sky and directional Sun fully prepared (0.155042ms)
✔ binds the checked Moon sources and runtime asset closure (118.315292ms)
✔ keeps runtime scene work retained and CSS-only (2064.36575ms)
✔ moon: the actual definition satisfies the common contract (8.47575ms)
✔ moon: cancellation releases actual startup assets without decode settlement (2.032625ms)
✔ moon: startup rejection releases native siblings and rejects readiness once (0.640167ms)
✔ moon: one native release failure does not retain other startup owners (0.376375ms)
✔ Moon keeps finite retained bands across every sourced lens (8.491667ms)
✔ Moon partial retained construction leaves an existing presentation untouched (0.210084ms)
✔ Moon presentation disposal preserves a replacement and continues through native metadata failure (12.976333ms)
✔ Moon topography matches independent original-DN anchors and source coverage (116.137708ms)
✔ Moon rock-abundance matches independent original-DN anchors and source coverage (399.598791ms)
ℹ tests 14
ℹ suites 0
ℹ pass 14
ℹ fail 0
ℹ cancelled 0
ℹ skipped 0
ℹ todo 0
ℹ duration_ms 3000.924666
{"inputCount":5,"generatedIntermediateCount":1,"documentCount":12,"verifiedCount":18}
✔ phobos published mesh preserves axes, units, seam and polar samples (2441.473125ms)
ℹ tests 1
ℹ suites 0
ℹ pass 1
ℹ fail 0
ℹ cancelled 0
ℹ skipped 0
ℹ todo 0
ℹ duration_ms 2518.26225
{"inputCount":5,"generatedIntermediateCount":1,"documentCount":12,"verifiedCount":18}
✔ deimos published mesh preserves axes, units, seam and polar samples (2814.58325ms)
ℹ tests 1
ℹ suites 0
ℹ pass 1
ℹ fail 0
ℹ cancelled 0
ℹ skipped 0
ℹ todo 0
ℹ duration_ms 2897.093792
{"inputCount":6,"generatedIntermediateCount":1,"documentCount":16,"verifiedCount":23}
✔ Dimorphos albedo matches independent source centroids despite the archived triangle permutation (1576.836708ms)
✔ centroid correspondence rejects duplicate, ambiguous and displaced records instead of guessing (322.738875ms)
✔ Dimorphos retains source-shape, relative-albedo and gravity-slope views, native raster triangles and physical context (79.5845ms)
✔ Dimorphos restores all required source inputs from pinned acquisition operations (35.896209ms)
✔ Dimorphos retains the published DART kilometer coordinates, closed volume and original topology (1054.498875ms)
✔ Dimorphos produces a closed retained native raster mesh within its authored budget (932.292125ms)
ℹ tests 6
ℹ suites 0
ℹ pass 6
ℹ fail 0
ℹ cancelled 0
ℹ skipped 0
ℹ todo 0
ℹ duration_ms 5124.563083
{"inputCount":9,"generatedIntermediateCount":0,"documentCount":29,"verifiedCount":38}
✔ Io mounts through the shared prepared object contract (176.896208ms)
✔ io's orbit surrounds jupiter, while the Sun keeps its separate position (135.071083ms)
✔ Io binds its independent source and prepared runtime closure (183.708292ms)
✔ Io withholds interpolated polar color and retains observed monochrome (247.434583ms)
✔ Pele is south of the equator at the independently published positive-west longitude (10.510541ms)
ℹ tests 5
ℹ suites 0
ℹ pass 5
ℹ fail 0
ℹ cancelled 0
ℹ skipped 0
ℹ todo 0
ℹ duration_ms 907.573959
{"inputCount":46,"generatedIntermediateCount":0,"documentCount":26,"verifiedCount":72}
✔ Europa mounts through the shared prepared object contract (176.448792ms)
✔ europa's orbit surrounds jupiter, while the Sun keeps its separate position (138.559583ms)
✔ moon's orbit surrounds earth, while the Sun keeps its separate position (108.87625ms)
✔ observed terrain survives preparation and explicit polar no-data stays marked (522.157542ms)
✔ disk normalization preserves its reference and withholds oblique or unlit observations (0.731542ms)
✔ capture vectors match the source geometry in the controlled east-positive frame (6.509583ms)
✔ color sampling withholds incomplete footprints without erasing observed dark terrain (2.722791ms)
✔ level matching preserves color ratios, dark detail and gaps without clipping (0.7875ms)
ℹ tests 8
ℹ suites 0
ℹ pass 8
ℹ fail 0
ℹ cancelled 0
ℹ skipped 0
ℹ todo 0
ℹ duration_ms 1126.261375
{"inputCount":9,"generatedIntermediateCount":0,"documentCount":26,"verifiedCount":35}
✔ Ganymede mounts through the shared prepared object contract (168.4595ms)
✔ ganymede's orbit surrounds jupiter, while the Sun keeps its separate position (134.90125ms)
✔ moon's orbit surrounds earth, while the Sun keeps its separate position (110.098667ms)
✔ source maps retain georeference and valid observed terrain (1282.828417ms)
✔ enhanced color preserves monochrome across synthesized and missing source coverage (70.163875ms)
ℹ tests 5
ℹ suites 0
ℹ pass 5
ℹ fail 0
ℹ cancelled 0
ℹ skipped 0
ℹ todo 0
ℹ duration_ms 1948.765167
{"inputCount":6,"generatedIntermediateCount":0,"documentCount":20,"verifiedCount":26}
✔ prepared Enceladus imagery keeps source terrain at its geographic coordinates (4511.121583ms)
ℹ tests 1
ℹ suites 0
ℹ pass 1
ℹ fail 0
ℹ cancelled 0
ℹ skipped 0
ℹ todo 0
ℹ duration_ms 4651.332
{"inputCount":11,"generatedIntermediateCount":0,"documentCount":28,"verifiedCount":39}
✔ Tethys B2 scalar coordinates retain independent source values and exact missing cells (88.590709ms)
✔ Tethys relative albedo retains narrow source projection join gaps (72.300625ms)
✔ Tethys elevation preserves source radius values and hemisphere orientation across three projections (85.973875ms)
✔ Tethys photographic maps retain their different source longitude origins and native pixels (9560.020041ms)
ℹ tests 4
ℹ suites 0
ℹ pass 4
ℹ fail 0
ℹ cancelled 0
ℹ skipped 0
ℹ todo 0
ℹ duration_ms 10032.518083
{"inputCount":11,"generatedIntermediateCount":0,"documentCount":28,"verifiedCount":39}
✔ Dione B2 scalar coordinates retain independent source values and exact missing cells (85.407375ms)
✔ Dione relative albedo retains narrow source projection join gaps (76.864542ms)
✔ Dione elevation preserves source radius values and hemisphere orientation across three projections (82.055166ms)
✔ Dione photographic maps retain their different source longitude origins and native pixels (16261.581625ms)
ℹ tests 4
ℹ suites 0
ℹ pass 4
ℹ fail 0
ℹ cancelled 0
ℹ skipped 0
ℹ todo 0
ℹ duration_ms 16784.585834
{"inputCount":7,"generatedIntermediateCount":0,"documentCount":25,"verifiedCount":32}
✔ Rhea B2 scalar coordinates retain independent source values and exact missing cells (136.402708ms)
✔ Rhea relative albedo retains the exact delivered footprint (166.234791ms)
✔ Rhea elevation uses measured radii, actual geotransform and source bounds (171.619333ms)
✔ GeoTIFF surface alignment follows Rhea origin easting rather than projection center alone (3580.621458ms)
✔ Rhea prepared photographic maps retain observed geography and color (8390.740292ms)
ℹ tests 5
ℹ suites 0
ℹ pass 5
ℹ fail 0
ℹ cancelled 0
ℹ skipped 0
ℹ todo 0
ℹ duration_ms 12758.590875
{"inputCount":11,"generatedIntermediateCount":0,"documentCount":27,"verifiedCount":38}
✔ Titan B2 scalar coordinates retain independent source values and exact missing cells (201.481375ms)
✔ Titan scalar views preserve observed-versus-interpolated support (110.018542ms)
✔ Titan keeps the dark northern seas at their independently mapped east longitudes (16995.451458ms)
ℹ tests 3
ℹ suites 0
ℹ pass 3
ℹ fail 0
ℹ cancelled 0
ℹ skipped 0
ℹ todo 0
ℹ duration_ms 17510.482916
{"inputCount":5,"generatedIntermediateCount":0,"documentCount":15,"verifiedCount":20}
✔ Charon MVIC bands and missing masks match independent NumPy source anchors (198.986ms)
✔ Charon maps source longitude correctly and preserves observation and elevation gaps (2445.667958ms)
ℹ tests 2
ℹ suites 0
ℹ pass 2
ℹ fail 0
ℹ cancelled 0
ℹ skipped 0
ℹ todo 0
ℹ duration_ms 2836.206542
