✔ polygon sampling preserves holes, seam-split regions and categorical overlaps (0.926ms)
✔ discrete colors reject fractional and unknown category indices (0.538917ms)
✔ io archived geography, attribute identity and source pins remain intact (47.554209ms)
✔ ganymede archived geography, attribute identity and source pins remain intact (34.566583ms)
✔ Io label-point longitude is west while the same archived SHP coordinate is east (17.117209ms)
✔ Ganymede excludes only the declared zero-area ring, retaining its valid multipart polygon (68.448958ms)
✔ category nearest is explicit while default solid and pole sampling stays bilinear (5.344125ms)
✔ actual category pack, encoded atlases, poles, legend and thumbnail retain only source palette colors (30.901416ms)
✔ explicit nearest numeric display preserves missing-cell colors through encoded globe and poles (21.99425ms)
✔ facet previews alone can opt into smaller band-compatible dimensions; defaults remain global (3.647083ms)
✔ 640x320 facet preview bounds exact ray queries and cannot alter native atlas dimensions or original rows (303.92925ms)
✔ facet CSV validates the complete source face correspondence and preserves valid zero values (1.019959ms)
✔ source support and nearest 3D facet are retained through a concave radial overlap (0.382916ms)
✔ PDS FITS joins by explicit zero-based facet IDs, verifies label/geometry and retains sigma without treating it as coverage (1.355208ms)
✔ facet recipe binds its source mesh and transfer distance to the actual retained simplification (0.17175ms)
✔ explicit centroid bijection reconciles exporter order and retains the original scalar row index (0.613208ms)
✔ fractional source origin maps canonical centres through native coordinates across the meridian (0.899542ms)
✔ every nonzero interpolation contributor must be valid; no-data cannot bleed into supported terrain (0.136ms)
✔ an exact source centre preserves valid dark values and ignores zero-weight invalid neighbours (0.113667ms)
✔ partial latitude footprint remains missing near both poles and source synthetic sectors stay withheld (0.076042ms)
✔ a shorter longitude footprint is not stretched or cyclically filled to cover the globe (0.085875ms)
✔ actual masked and legacy monochrome dispatch preserve the same nonintegral GeoTIFF grid (10.865083ms)
✔ io independently archived label points anchor both hemispheres of the geology view (41.247458ms)
✔ ganymede independently archived label points anchor both hemispheres of the geology view (17.865792ms)
✔ Agenor preserves independently decoded source heights and withholds incomplete interpolation footprints (68.532917ms)
✔ duplicated Europa confidence assets remain excluded from the scientific source recipe (2.207542ms)
✔ 16-bit color bands preserve RGB identity, alpha validity, dark samples and map registration (8.980291ms)
✔ geographic 64-bit reflectance respects longitude, latitude, zero and missing values (2.8905ms)
✔ explicit source no-data distinguishes any-channel and complete-pixel masks (0.246542ms)
✔ documented polar and synthetic-channel exclusions operate in source geographic coordinates (0.078583ms)
✔ PDS RGB planes retain channel order, projected crop and valid single-channel black (12.560708ms)
✔ pinned label independently establishes dimensions, wavelengths, metric coordinates and finite missing bits (1.803333ms)
✔ little-endian BSQ channels and north-up east-positive longitudes map without a latitude flip (0.624583ms)
✔ finite PDS sentinel and nonfinite values invalidate the entire selected RGB footprint before interpolation (0.359042ms)
✔ negative observations remain valid and unused-band missing values do not erase selected RGB (0.193291ms)
✔ rounded extent retains the source metric origin instead of assigning an exact 360-degree array roll (0.644125ms)
✔ unsupported identities, orders, projection conventions, units, scales and unsafe policies fail closed (1.0595ms)
✔ PDS floats preserve endian encoding and exact missing bits with the west-positive hemisphere placement (2.445375ms)
✔ PDS sample support does not fill missing cells, cross hemispheres, or extrapolate past the pole (3.019125ms)
✔ LOLA heights retain signed half-metre values without the radius offset (2.703125ms)
✔ Diviner converts fraction to percent, preserves zero and rejects missing/physical outliers (0.332125ms)
✔ nearest cells wrap longitude and preserve north-down registration and exact coverage (0.172625ms)
✔ identity, numeric units, reference frame and registration fail closed (0.669166ms)
✔ self-contained policy requires nearest sampling and valid full-longitude grid (0.146458ms)
✔ all-missing grids remain missing and never report infinite extrema (0.542875ms)
✔ nearest scientific snapshots preserve adjacent valid/missing facet colors through PNG and final thumbnail WebP (7.375542ms)
✔ scientific snapshot interpolation requires the explicit nearest policy (2.613291ms)
✔ Agenor focus transforms actual solid leaf coordinates to the camera centre (21.759041ms)
✔ source-surface relief uses the actual local facet normal without radial finite differences (0.571958ms)
✔ polar stereographic grids preserve cardinal orientation in both hemispheres (0.473209ms)
✔ scientific interpolation converts radius to height without extending source coverage (0.179334ms)
✔ relief preserves height units, latitude spacing, wrapping and coverage boundaries (0.182375ms)
✔ numeric color scale clamps endpoints and interpolates authored colors (0.11325ms)
✔ kilometre DEMs produce the same relief as their metre equivalents (0.081042ms)
✔ float sampling uses pixel centers and excludes special values without masking black observations (0.099375ms)
✔ observed color retains dark valid pixels and rejects incomplete footprints (0.06575ms)
✔ channel composition uses all three bands from one observation and source density precedence (0.453125ms)
✔ Lambert atlas is transparent outside the body and carries distinct full-phase shading (0.228833ms)
✔ capability selection and validity policy are independent of body names (4.684666ms)
✔ a measured elevation lens can be the only surface capability (0.987333ms)
✔ a declared output meridian shifts presentation without changing source coordinates (1.317167ms)
✔ itokawa: full-source regression coordinates keep height on the corresponding surface (2.892125ms)
✔ ryugu: full-source regression coordinates keep height on the corresponding surface (0.901583ms)
✔ eros: full-source regression coordinates keep height on the corresponding surface (1.159042ms)
✔ bennu: full-source regression coordinates keep height on the corresponding surface (0.60325ms)
✔ the delivered scientific atlas samples source geometry, not the lossy flat preview (6.442625ms)
ℹ tests 66
ℹ suites 0
ℹ pass 66
ℹ fail 0
ℹ cancelled 0
ℹ skipped 0
ℹ todo 0
ℹ duration_ms 2146.43025
