(node:49176) ExperimentalWarning: stripTypeScriptTypes is an experimental feature and might change at any time
(Use `node --trace-warnings ...` to show where the warning was created)
[conformance] START phobos/desktop
[conformance] PASS phobos/desktop (13860ms)
[conformance] START phobos/dpr-1
[conformance] FAIL phobos/dpr-1: page.evaluate: TypeError: Cannot read properties of undefined (reading 'camera')
    at eval (eval at evaluate (:302:30), <anonymous>:2:19)
    at UtilityScript.evaluate (<anonymous>:304:16)
    at UtilityScript.<anonymous> (<anonymous>:1:44)
node:internal/modules/run_main:107
    triggerUncaughtException(
    ^

page.evaluate: TypeError: Cannot read properties of undefined (reading 'camera')
    at eval (eval at evaluate (:302:30), <anonymous>:2:19)
    at UtilityScript.evaluate (<anonymous>:304:16)
    at UtilityScript.<anonymous> (<anonymous>:1:44)
    at Object.setCamera (/Users/ekrof/fed/cssEarth-pluto-small-moons/site/test/object-browser-profile.mjs:39:82)
    at proveWheelDollyDistance (/Users/ekrof/fed/cssEarth-pluto-small-moons/site/test/wheel-zoom-distance.mjs:114:19)
    at async provePreparedDensity (/Users/ekrof/fed/cssEarth-pluto-small-moons/site/test/planet-browser-conformance.mjs:915:41)
    at async within (/Users/ekrof/fed/cssEarth-pluto-small-moons/site/test/planet-browser-conformance.mjs:100:12)
    at async runCase (/Users/ekrof/fed/cssEarth-pluto-small-moons/site/test/planet-browser-conformance.mjs:88:20)
    at async file:///Users/ekrof/fed/cssEarth-pluto-small-moons/site/test/planet-browser-conformance.mjs:69:18

Node.js v24.19.0
