Preparing 6 objects with 1 parallel workers.
[prepare enceladus] started (1/6).
Prepared 24 Enceladus starfield cubemap images.
{"id":"enceladus","runtime":true}
[prepare enceladus] succeeded in 229.4s.
[prepare tethys] started (2/6).
Prepared 24 Tethys starfield cubemap images.
{"id":"tethys","runtime":true}
[prepare tethys] succeeded in 363.0s.
[prepare dione] started (3/6).
Prepared 24 Dione starfield cubemap images.
{"id":"dione","runtime":true}
[prepare dione] succeeded in 371.9s.
[prepare rhea] started (4/6).
Prepared 24 Rhea starfield cubemap images.
{"id":"rhea","runtime":true}
[prepare rhea] succeeded in 354.6s.
[prepare titan] started (5/6).
Prepared 24 Titan starfield cubemap images.
{"id":"titan","runtime":true}
[prepare titan] succeeded in 252.9s.
[prepare charon] started (6/6).
Prepared 24 Charon starfield cubemap images.
{"id":"charon","runtime":true}
[prepare charon] succeeded in 269.5s.
Preparation finished in 1841.2s: 6 succeeded, 0 failed, 0 not started.
