✔ proteus: authored object directory contains data and pinned sources only (8.473625ms)
✔ proteus: every pinned source is declared and byte-verified (115.3565ms)
✔ proteus: compiled runtime asset manifest equals the canonical public closure (18.170792ms)
✔ callisto: authored object directory contains data and pinned sources only (2.653666ms)
✔ callisto: every pinned source is declared and byte-verified (104.731583ms)
✔ callisto: compiled runtime asset manifest equals the canonical public closure (22.355958ms)
✔ hyperion: authored object directory contains data and pinned sources only (2.16325ms)
✔ hyperion: every pinned source is declared and byte-verified (68.468375ms)
✔ hyperion: compiled runtime asset manifest equals the canonical public closure (19.112416ms)
✔ phoebe: authored object directory contains data and pinned sources only (1.693708ms)
✔ phoebe: every pinned source is declared and byte-verified (68.541834ms)
✔ phoebe: compiled runtime asset manifest equals the canonical public closure (61.327708ms)
✔ miranda: authored object directory contains data and pinned sources only (2.085417ms)
✔ miranda: every pinned source is declared and byte-verified (73.964791ms)
✔ miranda: compiled runtime asset manifest equals the canonical public closure (22.53825ms)
✔ titania: authored object directory contains data and pinned sources only (1.459417ms)
✔ titania: every pinned source is declared and byte-verified (32.871959ms)
✔ titania: compiled runtime asset manifest equals the canonical public closure (20.564792ms)
ℹ tests 18
ℹ suites 0
ℹ pass 18
ℹ fail 0
ℹ cancelled 0
ℹ skipped 0
ℹ todo 0
ℹ duration_ms 773.767166
