
> @cssearth/astronomy@0.0.0 test /Users/ekrof/fed/cssEarth-moons-cassini-atlas/packages/astronomy
> vitest run --maxWorkers=1 --no-file-parallelism


 RUN  v3.2.7 /Users/ekrof/fed/cssEarth-moons-cassini-atlas/packages/astronomy

 ✓ src/solarSystem.test.ts (24 tests) 5011ms
   ✓ the solar-system frame tree > declares maxOffsetInParent that really bounds the origin, sampled over full orbits  2383ms
   ✓ the bounds the builder declares > bounds each planet's offset from its barycentre by the moons' mass-weighted apoapses  796ms
   ✓ the bounds the builder declares > bounds the Moon by MOON_MAX_GEOCENTRIC_KM with the margin it claims  1540ms
 ✓ src/satellites.test.ts (365 tests) 1245ms
 ✓ tools/lib/fit-harmonics.test.mjs (2 tests) 657ms
   ✓ preparation harmonic fit > keeps a finite fit when a refinement crosses a forbidden frequency interval  614ms
 ✓ src/elp2000.test.ts (6 tests) 37ms
 ✓ src/bodies.test.ts (9 tests) 20ms
 ✓ src/dwarfPlanets.test.ts (22 tests) 28ms
 ✓ src/frames.test.ts (21 tests) 17ms
 ✓ src/rotation.test.ts (50 tests) 13ms
 ✓ src/modelAccuracy.test.ts (112 tests) 13ms
 ✓ src/kepler.test.ts (9 tests) 10ms
 ✓ src/asteroids.test.ts (2 tests) 8ms
 ✓ src/vsop87.test.ts (22 tests) 8ms
 ✓ src/sceneSatellites.test.ts (6 tests) 3ms
 ✓ src/angles.test.ts (8 tests) 2ms
 ✓ tools/lib/fit-cosine-series.test.mjs (2 tests) 2ms
 ✓ src/comets.test.ts (2 tests) 2ms
 ✓ src/periodicCorrection.test.ts (2 tests) 2ms
 ✓ src/time.test.ts (6 tests) 1ms

 Test Files  18 passed (18)
      Tests  670 passed (670)
   Start at  00:44:18
   Duration  9.87s (transform 482ms, setup 0ms, collect 975ms, tests 7.08s, environment 1ms, prepare 462ms)
