(node:34042) ExperimentalWarning: stripTypeScriptTypes is an experimental feature and might change at any time
(Use `node --trace-warnings ...` to show where the warning was created)
[conformance] START sn263-beta/initial-shell
[conformance] PASS sn263-beta/initial-shell (362ms)
[conformance] START sn263-beta/desktop
[conformance] PASS sn263-beta/desktop (10396ms)
[conformance] START sn263-beta/mobile
[conformance] PASS sn263-beta/mobile (3445ms)
[conformance] START sn263-beta/dataset-interactions
[conformance] PASS sn263-beta/dataset-interactions (4852ms)
[conformance] START sn263-beta/dataset-interactions-dpr-2
[conformance] PASS sn263-beta/dataset-interactions-dpr-2 (5064ms)
[conformance] START sn263-beta/pre-ready-hidden-motion-off
[conformance] PASS sn263-beta/pre-ready-hidden-motion-off (3321ms)
[conformance] START sn263-beta/pre-ready-visible-motion-off
[conformance] PASS sn263-beta/pre-ready-visible-motion-off (3286ms)
[conformance] START sn263-beta/pre-ready-hidden-motion-on
[conformance] PASS sn263-beta/pre-ready-hidden-motion-on (3308ms)
[conformance] START sn263-beta/pre-ready-visible-motion-on
[conformance] PASS sn263-beta/pre-ready-visible-motion-on (3301ms)
[conformance] START sn263-beta/dpr-1
sn263-beta DPR 1: interactions passed
[conformance] PASS sn263-beta/dpr-1 (18970ms)
[conformance] START sn263-beta/dpr-2
sn263-beta DPR 2: interactions passed
[conformance] PASS sn263-beta/dpr-2 (18871ms)
{
  "ok": true,
  "reports": [
    {
      "id": "sn263-beta",
      "viewport": "initial-shell",
      "speedDisabled": false
    },
    {
      "id": "sn263-beta",
      "viewport": "desktop",
      "motionActivation": "retained-input",
      "surfaceFlyTo": {
        "pitchDelta": -20.548700785370173,
        "zoomRatio": 2.8110312530420885
      },
      "zoomPublication": {
        "skyCube": 0,
        "skyOrientation": 0
      },
      "projectiveTextureReport": {
        "texturedLeafCount": 800,
        "nestedProjectiveTextureCount": 0,
        "finiteTextureBounds": true
      },
      "mountedPlanets": 1,
      "stageCount": 1,
      "cameraCount": 1,
      "canvasCount": 0,
      "sceneSvgCount": 0,
      "stageChildren": 6,
      "stageElements": 116801,
      "stable": true,
      "retainedProof": {
        "initialNodeCount": 116801,
        "currentNodeCount": 116801,
        "maximumNodeCount": 116801,
        "initialNodesIntact": true,
        "shellTextNodesIntact": true,
        "undeclaredAddedRoots": [],
        "undeclaredRemovedRoots": [],
        "allowedMounts": []
      }
    },
    {
      "id": "sn263-beta",
      "viewport": "mobile",
      "mountedPlanets": 1,
      "stageCount": 1,
      "cameraCount": 1,
      "canvasCount": 0,
      "sceneSvgCount": 0,
      "stageChildren": 6,
      "stageElements": 116801,
      "stable": true
    },
    {
      "id": "sn263-beta",
      "case": "dataset-interactions",
      "deviceScaleFactor": 1,
      "datasets": [
        {
          "id": "shape",
          "interior": false,
          "geometryDisplacement": 121.83429673251361,
          "shadowPixels": null
        }
      ]
    },
    {
      "id": "sn263-beta",
      "case": "dataset-interactions",
      "deviceScaleFactor": 2,
      "datasets": [
        {
          "id": "shape",
          "interior": false,
          "geometryDisplacement": 121.83429673251361,
          "shadowPixels": null
        }
      ]
    },
    {
      "id": "sn263-beta",
      "viewport": "pre-ready-hidden-motion-off",
      "animationCount": 0
    },
    {
      "id": "sn263-beta",
      "viewport": "pre-ready-visible-motion-off",
      "animationCount": 0
    },
    {
      "id": "sn263-beta",
      "viewport": "pre-ready-hidden-motion-on",
      "animationCount": 0
    },
    {
      "id": "sn263-beta",
      "viewport": "pre-ready-visible-motion-on",
      "animationCount": 0
    },
    {
      "id": "sn263-beta",
      "viewport": "dpr-1",
      "selectedDensity": 2,
      "requestedCanonicalAssets": [
        "/scenes/sn263-beta/sn263-beta-shape-surface@2x.webp"
      ],
      "skyboxPointerBoundary": [
        {
          "zoom": 0.7288150769089249,
          "sky": {
            "x": 1168,
            "y": 96
          },
          "clickSky": {
            "x": 1168,
            "y": 96
          },
          "body": {
            "x": 600,
            "y": 400
          },
          "passed": true
        },
        {
          "zoom": 0.47372979999080117,
          "sky": {
            "x": 1168,
            "y": 96
          },
          "clickSky": {
            "x": 1168,
            "y": 96
          },
          "body": {
            "x": 600,
            "y": 400
          },
          "passed": true
        }
      ],
      "interactionInterruptions": {
        "wheelInterruptedInertia": true,
        "wheelZoomRatio": 1.2908752418181817,
        "wheelAnchorRotationApplied": true,
        "pointerStoppedInertia": true,
        "captureLossStoppedDrag": true,
        "wheelCoexistedWithFlyTo": true,
        "dragInterruptedFlyTo": true,
        "repeatedDoubleClickRestartedFlyTo": true,
        "flyToCompletedAndRested": true,
        "activeMotionCount": 0
      },
      "wheelTakeover": {
        "bodyPressStopsWheel": true,
        "skyPressStopsWheel": true,
        "resetStopsWheel": true,
        "heldWheelCancelsGrab": true
      },
      "releasePosition": {
        "nonLaunchingReleaseRetainsDragPose": true,
        "pausedReleaseCannotRestartMotion": true
      },
      "video": "sn263-beta-dpr-1.webm"
    },
    {
      "id": "sn263-beta",
      "viewport": "dpr-2",
      "selectedDensity": 2,
      "requestedCanonicalAssets": [
        "/scenes/sn263-beta/sn263-beta-shape-surface@2x.webp"
      ],
      "skyboxPointerBoundary": [
        {
          "zoom": 0.7288150769089249,
          "sky": {
            "x": 1168,
            "y": 96
          },
          "clickSky": {
            "x": 1168,
            "y": 96
          },
          "body": {
            "x": 600,
            "y": 400
          },
          "passed": true
        },
        {
          "zoom": 0.47372979999080117,
          "sky": {
            "x": 1168,
            "y": 96
          },
          "clickSky": {
            "x": 1168,
            "y": 96
          },
          "body": {
            "x": 600,
            "y": 400
          },
          "passed": true
        }
      ],
      "interactionInterruptions": {
        "wheelInterruptedInertia": true,
        "wheelZoomRatio": 1.6839073054545455,
        "wheelAnchorRotationApplied": true,
        "pointerStoppedInertia": true,
        "captureLossStoppedDrag": true,
        "wheelCoexistedWithFlyTo": true,
        "dragInterruptedFlyTo": true,
        "repeatedDoubleClickRestartedFlyTo": true,
        "flyToCompletedAndRested": true,
        "activeMotionCount": 0
      },
      "wheelTakeover": {
        "bodyPressStopsWheel": true,
        "skyPressStopsWheel": true,
        "resetStopsWheel": true,
        "heldWheelCancelsGrab": true
      },
      "releasePosition": {
        "nonLaunchingReleaseRetainsDragPose": true,
        "pausedReleaseCannotRestartMotion": true
      },
      "video": "sn263-beta-dpr-2.webm"
    }
  ]
}
