(node:28911) ExperimentalWarning: stripTypeScriptTypes is an experimental feature and might change at any time
(Use `node --trace-warnings ...` to show where the warning was created)
[conformance] START asteroid-2001-sn263/initial-shell
[conformance] PASS asteroid-2001-sn263/initial-shell (356ms)
[conformance] START asteroid-2001-sn263/desktop
[conformance] PASS asteroid-2001-sn263/desktop (10249ms)
[conformance] START asteroid-2001-sn263/mobile
[conformance] PASS asteroid-2001-sn263/mobile (3438ms)
[conformance] START asteroid-2001-sn263/dataset-interactions
[conformance] PASS asteroid-2001-sn263/dataset-interactions (4934ms)
[conformance] START asteroid-2001-sn263/dataset-interactions-dpr-2
[conformance] PASS asteroid-2001-sn263/dataset-interactions-dpr-2 (4973ms)
[conformance] START asteroid-2001-sn263/pre-ready-hidden-motion-off
[conformance] PASS asteroid-2001-sn263/pre-ready-hidden-motion-off (3453ms)
[conformance] START asteroid-2001-sn263/pre-ready-visible-motion-off
[conformance] PASS asteroid-2001-sn263/pre-ready-visible-motion-off (3481ms)
[conformance] START asteroid-2001-sn263/pre-ready-hidden-motion-on
[conformance] PASS asteroid-2001-sn263/pre-ready-hidden-motion-on (3466ms)
[conformance] START asteroid-2001-sn263/pre-ready-visible-motion-on
[conformance] PASS asteroid-2001-sn263/pre-ready-visible-motion-on (3521ms)
[conformance] START asteroid-2001-sn263/dpr-1
asteroid-2001-sn263 DPR 1: interactions passed
[conformance] PASS asteroid-2001-sn263/dpr-1 (19746ms)
[conformance] START asteroid-2001-sn263/dpr-2
asteroid-2001-sn263 DPR 2: interactions passed
[conformance] PASS asteroid-2001-sn263/dpr-2 (19579ms)
{
  "ok": true,
  "reports": [
    {
      "id": "asteroid-2001-sn263",
      "viewport": "initial-shell",
      "speedDisabled": false
    },
    {
      "id": "asteroid-2001-sn263",
      "viewport": "desktop",
      "motionActivation": "retained-input",
      "surfaceFlyTo": {
        "pitchDelta": -20.548701335993165,
        "zoomRatio": 2.8110312571027865
      },
      "zoomPublication": {
        "skyCube": 0,
        "skyOrientation": 0
      },
      "projectiveTextureReport": {
        "texturedLeafCount": 798,
        "nestedProjectiveTextureCount": 0,
        "finiteTextureBounds": true
      },
      "mountedPlanets": 1,
      "stageCount": 1,
      "cameraCount": 1,
      "canvasCount": 0,
      "sceneSvgCount": 0,
      "stageChildren": 6,
      "stageElements": 116811,
      "stable": true,
      "retainedProof": {
        "initialNodeCount": 116811,
        "currentNodeCount": 116811,
        "maximumNodeCount": 116811,
        "initialNodesIntact": true,
        "shellTextNodesIntact": true,
        "undeclaredAddedRoots": [],
        "undeclaredRemovedRoots": [],
        "allowedMounts": []
      }
    },
    {
      "id": "asteroid-2001-sn263",
      "viewport": "mobile",
      "mountedPlanets": 1,
      "stageCount": 1,
      "cameraCount": 1,
      "canvasCount": 0,
      "sceneSvgCount": 0,
      "stageChildren": 6,
      "stageElements": 116811,
      "stable": true
    },
    {
      "id": "asteroid-2001-sn263",
      "case": "dataset-interactions",
      "deviceScaleFactor": 1,
      "datasets": [
        {
          "id": "shape",
          "interior": false,
          "geometryDisplacement": 141.91163566328808,
          "shadowPixels": null
        }
      ]
    },
    {
      "id": "asteroid-2001-sn263",
      "case": "dataset-interactions",
      "deviceScaleFactor": 2,
      "datasets": [
        {
          "id": "shape",
          "interior": false,
          "geometryDisplacement": 141.91163566328808,
          "shadowPixels": null
        }
      ]
    },
    {
      "id": "asteroid-2001-sn263",
      "viewport": "pre-ready-hidden-motion-off",
      "animationCount": 0
    },
    {
      "id": "asteroid-2001-sn263",
      "viewport": "pre-ready-visible-motion-off",
      "animationCount": 0
    },
    {
      "id": "asteroid-2001-sn263",
      "viewport": "pre-ready-hidden-motion-on",
      "animationCount": 0
    },
    {
      "id": "asteroid-2001-sn263",
      "viewport": "pre-ready-visible-motion-on",
      "animationCount": 0
    },
    {
      "id": "asteroid-2001-sn263",
      "viewport": "dpr-1",
      "selectedDensity": 2,
      "requestedCanonicalAssets": [
        "/scenes/asteroid-2001-sn263/asteroid-2001-sn263-shape-surface@2x.webp"
      ],
      "skyboxPointerBoundary": [
        {
          "zoom": 0.8569408317559929,
          "sky": {
            "x": 1168,
            "y": 96
          },
          "clickSky": {
            "x": 1168,
            "y": 96
          },
          "body": {
            "x": 600,
            "y": 400
          },
          "passed": true
        },
        {
          "zoom": 0.5570115406413954,
          "sky": {
            "x": 1168,
            "y": 96
          },
          "clickSky": {
            "x": 1168,
            "y": 96
          },
          "body": {
            "x": 600,
            "y": 400
          },
          "passed": true
        }
      ],
      "interactionInterruptions": {
        "wheelInterruptedInertia": true,
        "wheelZoomRatio": 1.2908752418181817,
        "wheelAnchorRotationApplied": true,
        "pointerStoppedInertia": true,
        "captureLossStoppedDrag": true,
        "wheelCoexistedWithFlyTo": true,
        "dragInterruptedFlyTo": true,
        "repeatedDoubleClickRestartedFlyTo": true,
        "flyToCompletedAndRested": true,
        "activeMotionCount": 0
      },
      "wheelTakeover": {
        "bodyPressStopsWheel": true,
        "skyPressStopsWheel": true,
        "resetStopsWheel": true,
        "heldWheelCancelsGrab": true
      },
      "releasePosition": {
        "nonLaunchingReleaseRetainsDragPose": true,
        "pausedReleaseCannotRestartMotion": true
      },
      "video": "asteroid-2001-sn263-dpr-1.webm"
    },
    {
      "id": "asteroid-2001-sn263",
      "viewport": "dpr-2",
      "selectedDensity": 2,
      "requestedCanonicalAssets": [
        "/scenes/asteroid-2001-sn263/asteroid-2001-sn263-shape-surface@2x.webp"
      ],
      "skyboxPointerBoundary": [
        {
          "zoom": 0.8569408317559929,
          "sky": {
            "x": 1168,
            "y": 96
          },
          "clickSky": {
            "x": 1168,
            "y": 96
          },
          "body": {
            "x": 600,
            "y": 400
          },
          "passed": true
        },
        {
          "zoom": 0.5570115406413954,
          "sky": {
            "x": 1168,
            "y": 96
          },
          "clickSky": {
            "x": 1168,
            "y": 96
          },
          "body": {
            "x": 600,
            "y": 400
          },
          "passed": true
        }
      ],
      "interactionInterruptions": {
        "wheelInterruptedInertia": true,
        "wheelZoomRatio": 1.6839073054545455,
        "wheelAnchorRotationApplied": true,
        "pointerStoppedInertia": true,
        "captureLossStoppedDrag": true,
        "wheelCoexistedWithFlyTo": true,
        "dragInterruptedFlyTo": true,
        "repeatedDoubleClickRestartedFlyTo": true,
        "flyToCompletedAndRested": true,
        "activeMotionCount": 0
      },
      "wheelTakeover": {
        "bodyPressStopsWheel": true,
        "skyPressStopsWheel": true,
        "resetStopsWheel": true,
        "heldWheelCancelsGrab": true
      },
      "releasePosition": {
        "nonLaunchingReleaseRetainsDragPose": true,
        "pausedReleaseCannotRestartMotion": true
      },
      "video": "asteroid-2001-sn263-dpr-2.webm"
    }
  ]
}
