(node:38420) ExperimentalWarning: stripTypeScriptTypes is an experimental feature and might change at any time
(Use `node --trace-warnings ...` to show where the warning was created)
[conformance] START sn263-gamma/initial-shell
[conformance] PASS sn263-gamma/initial-shell (354ms)
[conformance] START sn263-gamma/desktop
[conformance] PASS sn263-gamma/desktop (10271ms)
[conformance] START sn263-gamma/mobile
[conformance] PASS sn263-gamma/mobile (3410ms)
[conformance] START sn263-gamma/dataset-interactions
[conformance] PASS sn263-gamma/dataset-interactions (4900ms)
[conformance] START sn263-gamma/dataset-interactions-dpr-2
[conformance] PASS sn263-gamma/dataset-interactions-dpr-2 (5074ms)
[conformance] START sn263-gamma/pre-ready-hidden-motion-off
[conformance] PASS sn263-gamma/pre-ready-hidden-motion-off (3385ms)
[conformance] START sn263-gamma/pre-ready-visible-motion-off
[conformance] PASS sn263-gamma/pre-ready-visible-motion-off (3271ms)
[conformance] START sn263-gamma/pre-ready-hidden-motion-on
[conformance] PASS sn263-gamma/pre-ready-hidden-motion-on (3324ms)
[conformance] START sn263-gamma/pre-ready-visible-motion-on
[conformance] PASS sn263-gamma/pre-ready-visible-motion-on (3325ms)
[conformance] START sn263-gamma/dpr-1
sn263-gamma DPR 1: interactions passed
[conformance] PASS sn263-gamma/dpr-1 (19421ms)
[conformance] START sn263-gamma/dpr-2
sn263-gamma DPR 2: interactions passed
[conformance] PASS sn263-gamma/dpr-2 (19138ms)
{
  "ok": true,
  "reports": [
    {
      "id": "sn263-gamma",
      "viewport": "initial-shell",
      "speedDisabled": false
    },
    {
      "id": "sn263-gamma",
      "viewport": "desktop",
      "motionActivation": "retained-input",
      "surfaceFlyTo": {
        "pitchDelta": -20.5487003727428,
        "zoomRatio": 2.811031256869511
      },
      "zoomPublication": {
        "skyCube": 0,
        "skyOrientation": 0
      },
      "projectiveTextureReport": {
        "texturedLeafCount": 800,
        "nestedProjectiveTextureCount": 0,
        "finiteTextureBounds": true
      },
      "mountedPlanets": 1,
      "stageCount": 1,
      "cameraCount": 1,
      "canvasCount": 0,
      "sceneSvgCount": 0,
      "stageChildren": 6,
      "stageElements": 116801,
      "stable": true,
      "retainedProof": {
        "initialNodeCount": 116801,
        "currentNodeCount": 116801,
        "maximumNodeCount": 116801,
        "initialNodesIntact": true,
        "shellTextNodesIntact": true,
        "undeclaredAddedRoots": [],
        "undeclaredRemovedRoots": [],
        "allowedMounts": []
      }
    },
    {
      "id": "sn263-gamma",
      "viewport": "mobile",
      "mountedPlanets": 1,
      "stageCount": 1,
      "cameraCount": 1,
      "canvasCount": 0,
      "sceneSvgCount": 0,
      "stageChildren": 6,
      "stageElements": 116801,
      "stable": true
    },
    {
      "id": "sn263-gamma",
      "case": "dataset-interactions",
      "deviceScaleFactor": 1,
      "datasets": [
        {
          "id": "shape",
          "interior": false,
          "geometryDisplacement": 150.1377436357624,
          "shadowPixels": null
        }
      ]
    },
    {
      "id": "sn263-gamma",
      "case": "dataset-interactions",
      "deviceScaleFactor": 2,
      "datasets": [
        {
          "id": "shape",
          "interior": false,
          "geometryDisplacement": 150.1377436357624,
          "shadowPixels": null
        }
      ]
    },
    {
      "id": "sn263-gamma",
      "viewport": "pre-ready-hidden-motion-off",
      "animationCount": 0
    },
    {
      "id": "sn263-gamma",
      "viewport": "pre-ready-visible-motion-off",
      "animationCount": 0
    },
    {
      "id": "sn263-gamma",
      "viewport": "pre-ready-hidden-motion-on",
      "animationCount": 0
    },
    {
      "id": "sn263-gamma",
      "viewport": "pre-ready-visible-motion-on",
      "animationCount": 0
    },
    {
      "id": "sn263-gamma",
      "viewport": "dpr-1",
      "selectedDensity": 2,
      "requestedCanonicalAssets": [
        "/scenes/sn263-gamma/sn263-gamma-shape-surface@2x.webp"
      ],
      "skyboxPointerBoundary": [
        {
          "zoom": 0.8291621813274763,
          "sky": {
            "x": 1168,
            "y": 96
          },
          "clickSky": {
            "x": 1168,
            "y": 96
          },
          "body": {
            "x": 600,
            "y": 400
          },
          "passed": true
        },
        {
          "zoom": 0.5389554178628596,
          "sky": {
            "x": 1168,
            "y": 96
          },
          "clickSky": {
            "x": 1168,
            "y": 96
          },
          "body": {
            "x": 600,
            "y": 400
          },
          "passed": true
        }
      ],
      "interactionInterruptions": {
        "wheelInterruptedInertia": true,
        "wheelZoomRatio": 1.2908752418181817,
        "wheelAnchorRotationApplied": true,
        "pointerStoppedInertia": true,
        "captureLossStoppedDrag": true,
        "wheelCoexistedWithFlyTo": true,
        "dragInterruptedFlyTo": true,
        "repeatedDoubleClickRestartedFlyTo": true,
        "flyToCompletedAndRested": true,
        "activeMotionCount": 0
      },
      "wheelTakeover": {
        "bodyPressStopsWheel": true,
        "skyPressStopsWheel": true,
        "resetStopsWheel": true,
        "heldWheelCancelsGrab": true
      },
      "releasePosition": {
        "nonLaunchingReleaseRetainsDragPose": true,
        "pausedReleaseCannotRestartMotion": true
      },
      "video": "sn263-gamma-dpr-1.webm"
    },
    {
      "id": "sn263-gamma",
      "viewport": "dpr-2",
      "selectedDensity": 2,
      "requestedCanonicalAssets": [
        "/scenes/sn263-gamma/sn263-gamma-shape-surface@2x.webp"
      ],
      "skyboxPointerBoundary": [
        {
          "zoom": 0.8291621813274763,
          "sky": {
            "x": 1168,
            "y": 96
          },
          "clickSky": {
            "x": 1168,
            "y": 96
          },
          "body": {
            "x": 600,
            "y": 400
          },
          "passed": true
        },
        {
          "zoom": 0.5389554178628596,
          "sky": {
            "x": 1168,
            "y": 96
          },
          "clickSky": {
            "x": 1168,
            "y": 96
          },
          "body": {
            "x": 600,
            "y": 400
          },
          "passed": true
        }
      ],
      "interactionInterruptions": {
        "wheelInterruptedInertia": true,
        "wheelZoomRatio": 1.6839073054545455,
        "wheelAnchorRotationApplied": true,
        "pointerStoppedInertia": true,
        "captureLossStoppedDrag": true,
        "wheelCoexistedWithFlyTo": true,
        "dragInterruptedFlyTo": true,
        "repeatedDoubleClickRestartedFlyTo": true,
        "flyToCompletedAndRested": true,
        "activeMotionCount": 0
      },
      "wheelTakeover": {
        "bodyPressStopsWheel": true,
        "skyPressStopsWheel": true,
        "resetStopsWheel": true,
        "heldWheelCancelsGrab": true
      },
      "releasePosition": {
        "nonLaunchingReleaseRetainsDragPose": true,
        "pausedReleaseCannotRestartMotion": true
      },
      "video": "sn263-gamma-dpr-2.webm"
    }
  ]
}
