✔ persistent world context is mounted once and follows the active physical navigation (4.857ms)
✔ contrast intent reaches a loading world once and survives detail navigation (0.573916ms)
✔ flight state covers system framing and resets after success, failure, cancellation and preserved-view navigation (3.996583ms)
✔ the destination card stays held until arrival, including the new camera mount (0.671375ms)
✔ asteroid label and orbit settings default off and reach the retained context independently (0.507417ms)
✔ entering overview on the current object changes selection without invoking focus or restoring the camera (0.269375ms)
✔ flight retains the source and one shell; target readiness and handoff precede history commit (0.796541ms)
✔ rapid Mercury → Venus → Mercury cancels the stale factory without replacing shell or source (0.491167ms)
✔ history back restores the departed exact view after target handoff without another push (0.859833ms)
✔ saved-view anchors preserve query and hash across objects and on the already selected object (0.739417ms)
✔ reselecting the source cancels a running flight at its painted view without another restore or mount (0.565792ms)
✔ late rejected handoff is observed after replacement and cannot publish stale readiness (0.468083ms)
✔ navigation preserves requested playback and reduced-motion policy (0.291417ms)
✔ real input interruption preserves the last painted source view and flushes it without restoring the old URL (0.264167ms)
✔ a missing destination asset preserves the painted view and permits a fresh selection retry (0.371333ms)
✔ input after the detailed handoff keeps the incoming scene and its painted pose, including saved-view links (0.406417ms)
✔ navbar/search anchors and vault events share one route; modifier and unsupported links stay native (0.464208ms)
✔ a failed persistent context mount can retry when the document restores (0.290708ms)
✔ leaving the document releases its universe and a cached-page restore mounts one fresh owner (0.221583ms)
✔ selecting the current object flies the retained camera without preparing or replacing detail (0.864625ms)
✔ plain current-object anchors focus but saved-view links restore their specified view (0.344208ms)
✔ a first selection frames the object system and changes its card, then the next click focuses (0.300084ms)
✔ zooming out after first-click system framing restores the overview at the same camera pose (1.198ms)
✔ a first Sun click frames the Solar System card, and a repeat opens the Sun close-up (0.369083ms)
✔ clicking the Sun from the Solar System overview opens its body instead of refitting the outer planets (0.234291ms)
✔ clicking the Sun from a galactic overview still frames its Solar System first (0.244917ms)
✔ a second scene click can zoom while centering the current object is still in progress (0.209292ms)
✔ selection emphasis previews immediately before the next detailed owner is ready (0.218ms)
✔ empty-space clicks leave selection, camera and card unchanged (wide=false) (2.070958ms)
✔ empty-space clicks leave selection, camera and card unchanged (wide=true) (0.287042ms)
✔ overview breadcrumbs reframe, select the card, and retain separate history entries (0.656625ms)
✔ overview links preserve native modifier clicks and exact saved views (0.25625ms)
✔ a direct overview URL frames once, but a saved overview URL retains its camera (0.272084ms)
✔ selecting another list body during a flight still uses its system framing (0.303292ms)
✔ search contains every object, including the Sun; only planets enter the scale (0.771708ms)
✔ prepared marker identity, atlas order, and presentation follow packages (116.538666ms)
✔ an unknown object loads its own marker; missing packages fail without fallback (65.537209ms)
✔ scale overrides must form a complete presentation after inheritance (0.31325ms)
✔ accepts a complete non-NASA package and still rejects corrupt or undeclared bytes (13.157416ms)
✔ derives the complete owned file contract from planet identity (0.232125ms)
✖ requires every registered object package file (3.229209ms)
✔ validates local editorial identity and provenance (1.015125ms)
✔ validates runtime asset manifest entries (0.125292ms)
✔ defines one generic renderable-object contract (0.644416ms)
✔ world-frame capability is validated and copied at the registry boundary (2.720416ms)
✔ rejects invalid object definitions and renderer-specific fields (0.314375ms)
✔ keeps one open-ended object registry with unique ids and routes (0.395833ms)
✔ derives deterministic test discovery from an authored object id (6.99425ms)
✔ derives shared preparation and external browser scripts from the descriptor (2.82375ms)
✔ loading remembers latest intent but cannot resume; media events never rewrite intent (2.796625ms)
✔ playback reads cannot consume a pending media notification (0.37725ms)
✔ repeated restoration has bounded subscriptions; old callbacks cannot affect the replacement (0.875792ms)
✔ malformed mounts retain cleanup handles and failure cleanup survives a destructor error (0.251416ms)
✔ malformed mounts still observe their rejected readiness promise (0.933667ms)
✔ fatal pause failure cleans once and never publishes success (0.21725ms)
✔ fatal resume failure cleans once and never publishes success (0.120625ms)
✔ fatal report failure cleans once and never publishes success (0.074916ms)
✔ an object destination can pause shared motion, and a retired object cannot change intent (0.193916ms)
✔ normalizes only explicit safe local runtime URLs (6.675834ms)
✔ prepares and verifies the exact declared byte closure (5.60325ms)
✔ rejects undeclared public files and removes only undeclared production files (2.703625ms)
✔ validates and verifies every authoritative source entry class (7.840875ms)
✔ rejects a declared file missing from the source tree (0.550958ms)
✔ streamed verification detects late corruption and truncation across file chunks (2.6465ms)
✔ asteroid-2001-sn263: PDS component, units, input closure and shape agree (47.35625ms)
✔ asteroid-2001-sn263: prepared mesh preserves closed shape and bounded source fit (26.559583ms)
✔ sn263-beta: PDS component, units, input closure and shape agree (48.627ms)
✔ sn263-beta: prepared mesh preserves closed shape and bounded source fit (25.026584ms)
✔ sn263-beta: the parent context has source-backed point photometry (126.110084ms)
✔ sn263-gamma: PDS component, units, input closure and shape agree (45.791708ms)
✔ sn263-gamma: prepared mesh preserves closed shape and bounded source fit (23.818917ms)
✔ sn263-gamma: the parent context has source-backed point photometry (125.963666ms)
✔ retained companion states preserve primary centers, solution gravity and independent composition (6.232ms)
✔ source closure rejects wrong scale, gravity, frames, altered bytes and false center composition (7.839417ms)
✔ Squannit uses its published longitude, retrograde plane and quadratic drift with an analytic velocity (1.383167ms)
✔ Romulus retains its actual source projection disagreements and numbered-parent vector (17.157875ms)
✔ SN263 source snapshots retain the outer/inner identities and the independent epoch anchors (1.054167ms)
✔ scene-state generator rejects partial selection before replacing any output (31.845834ms)
✔ scene-state generator writes all six records only after every source validates (55.788834ms)
✔ primary-specific companion sources define one global parent origin and conic at the scene epoch (3.798875ms)
✔ phobos: the published position and orbit plane reproduce retained Horizons, not the displaced compact fit (0.328459ms)
✔ mimas: the published position and orbit plane reproduce retained Horizons, not the displaced compact fit (0.063833ms)
✔ janus: the published position and orbit plane reproduce retained Horizons, not the displaced compact fit (0.0525ms)
✔ epimetheus: the published position and orbit plane reproduce retained Horizons, not the displaced compact fit (0.053084ms)
✔ helene: the published position and orbit plane reproduce retained Horizons, not the displaced compact fit (0.058708ms)
✔ triton: the published position and orbit plane reproduce retained Horizons, not the displaced compact fit (0.054917ms)
✔ Earth is displaced from the EMB by the retained Earth-center vector and the Moon shares that same parent (0.317125ms)
✔ regeneration retains every current registry orbit, including moons and comets (0.124875ms)
✔ a frozen snapshot fails closed on stale epoch, corrupted bytes, wrong center and missing body (7.386167ms)
✔ epoch refresh updates the rendered carrier while preserving source geometry, texture addresses and lens bindings (475.552958ms)
✖ epoch refresh restores a compiled surface before updating its physical frame (40.666041ms)
ℹ tests 91
ℹ suites 0
ℹ pass 89
ℹ fail 2
ℹ cancelled 0
ℹ skipped 0
ℹ todo 0
ℹ duration_ms 2482.420291

✖ failing tests:

test at site/test/object-package-contract.test.mjs:70:1
✖ requires every registered object package file (3.229209ms)
  Error: Implemented object polymele is missing /Users/ekrof/fed/cssEarth-moons-cassini-atlas/src/planets/polymele/prepared/runtime.json.
      at validateObjectPackageFiles (file:///Users/ekrof/fed/cssEarth-moons-cassini-atlas/tools/object-package-contract.mjs:58:13)
      at async TestContext.<anonymous> (file:///Users/ekrof/fed/cssEarth-moons-cassini-atlas/site/test/object-package-contract.test.mjs:72:5)
      at async Test.run (node:internal/test_runner/test:1389:7)
      at async Test.processPendingSubtests (node:internal/test_runner/test:960:7) {
    [cause]: Error: ENOENT: no such file or directory, access '/Users/ekrof/fed/cssEarth-moons-cassini-atlas/src/planets/polymele/prepared/runtime.json'
        at async access (node:internal/fs/promises:664:10)
        at async validateObjectPackageFiles (file:///Users/ekrof/fed/cssEarth-moons-cassini-atlas/tools/object-package-contract.mjs:56:7)
        at async TestContext.<anonymous> (file:///Users/ekrof/fed/cssEarth-moons-cassini-atlas/site/test/object-package-contract.test.mjs:72:5)
        at async Test.run (node:internal/test_runner/test:1389:7)
        at async Test.processPendingSubtests (node:internal/test_runner/test:960:7) {
      errno: -2,
      code: 'ENOENT',
      syscall: 'access',
      path: '/Users/ekrof/fed/cssEarth-moons-cassini-atlas/src/planets/polymele/prepared/runtime.json'
    }
  }

test at tools/prepare-solar-geometry.test.mjs:116:1
✖ epoch refresh restores a compiled surface before updating its physical frame (40.666041ms)
  AssertionError [ERR_ASSERTION]: exercise actual compiled source carriers
      at TestContext.<anonymous> (file:///Users/ekrof/fed/cssEarth-moons-cassini-atlas/tools/prepare-solar-geometry.test.mjs:122:10)
      at async Test.run (node:internal/test_runner/test:1389:7)
      at async Test.processPendingSubtests (node:internal/test_runner/test:960:7) {
    generatedMessage: false,
    code: 'ERR_ASSERTION',
    actual: false,
    expected: true,
    operator: '==',
    diff: 'simple'
  }
