✔ source-surface relief uses the actual local facet normal without radial finite differences (0.474084ms)
✔ polar stereographic grids preserve cardinal orientation in both hemispheres (0.41275ms)
✔ scientific interpolation converts radius to height without extending source coverage (0.159417ms)
✔ relief preserves height units, latitude spacing, wrapping and coverage boundaries (0.167041ms)
✔ numeric color scale clamps endpoints and interpolates authored colors (0.101916ms)
✔ kilometre DEMs produce the same relief as their metre equivalents (0.074584ms)
✔ float sampling uses pixel centers and excludes special values without masking black observations (0.092583ms)
✔ observed color retains dark valid pixels and rejects incomplete footprints (0.067791ms)
✔ channel composition uses all three bands from one observation and source density precedence (0.428792ms)
✔ Lambert atlas is transparent outside the body and carries distinct full-phase shading (0.238666ms)
✔ capability selection and validity policy are independent of body names (4.172125ms)
✔ a measured elevation lens can be the only surface capability (0.58725ms)
✔ a declared output meridian shifts presentation without changing source coordinates (1.399834ms)
ℹ tests 13
ℹ suites 0
ℹ pass 13
ℹ fail 0
ℹ cancelled 0
ℹ skipped 0
ℹ todo 0
ℹ duration_ms 263.925083
