✔ the standard browser launch stays unchanged unless explicitly opted in (0.962375ms)
✔ the Chrome wrapper retains logs and arguments while preserving both CDP pipes (783.9625ms)
✔ rail switches the retained About panel without storing or mounting a scene (1.583291ms)
✔ Escape restores a visible keyboard focus target (0.248209ms)
✔ settings shares the panel slot and mobile navigation returns to the top (0.180875ms)
✔ settings stays selected on repeat clicks and closes through About, Solar System, or Escape (0.143334ms)
✔ search stays visible in About and Settings and typing returns to the results (0.142458ms)
✔ destroy resets retained markup and remount does not duplicate listeners (0.148667ms)
✔ an incomplete rail fails clearly (0.193917ms)
✔ objects without lenses or extra settings retain mandatory browser proof (0.890417ms)
✔ declared content requires exact lens and setting DOM before optional checks (1.373666ms)
✔ optional controls never excuse a missing shared panel or Motion (0.255875ms)
✔ declared lenses require matching race IDs, and complete retained coverage (0.215417ms)
✔ a single supplied lens keeps interaction proof without inventing a race (0.070375ms)
✖ all objects retain browser evidence for the controls they support (134.253084ms)
✖ every actual profile reads its recorded coordinates from the shared camera endpoint (95.500583ms)
✔ coordinate field selection is immutable reporting data, with no private camera implementation (0.756375ms)
✔ restoring a complete camera observation preserves yaw and the pitch alias (0.810292ms)
✔ camera reporting rejects missing, repeated and unsupported coordinates (0.22975ms)
✖ an already ready object does not depend on a redundant browser waiter (27.535208ms)
✔ a missing or loading object still requires successful readiness before returning (1.378583ms)
✔ the actual Saturn profile observes one exclusive lens and rejects the former dual selection (7.495333ms)
✔ keeps every implemented scene in one object registry (0.772625ms)
✔ loads every object through the single adapter (26.403875ms)
✔ rejects incomplete scene lifecycle wiring (0.120333ms)
✔ shared router owns minimal adapter shell lifecycle (1.005709ms)
✔ shared router publishes a minimal adapter error (0.212542ms)
✔ shared router contains synchronous shell bootstrap failure (0.10225ms)
✔ shared router cancels a pending adapter before publication (0.123666ms)
✔ keeps implemented routes backed by object-owned files (19.854208ms)
✔ keeps source-backed chart data in canonical order with Reflectance first (59.530834ms)
✔ keeps the shared shell planet-neutral (3.083916ms)
✔ keeps lens descriptions source-bound in the object model (4.61625ms)
✔ authored lens facts survive preparation and runtime publication without mutating the source (32.971875ms)
✔ lens facts reject malformed rows and duplicate ids before publication (22.129208ms)
✔ existing description-only lenses keep their original content contract (21.931666ms)
✔ names arbitrary lens IDs without changing source data or assuming a fixed set of concepts (0.80475ms)
✔ prepares a frozen, smoothly sampled scale legend (0.59875ms)
✔ prepares source-backed category legends from hex and RGB colors (0.42625ms)
✔ rejects invalid scale palettes (0.676ms)
✔ every object forwards its object-owned legend through the shared shell (5687.703333ms)
✔ automatic playback has one complete readiness, intent and environment policy (0.782208ms)
✔ keeps one shared orientation-aware responsive shell boundary (1.869625ms)
✔ uses one canonical high-density image bank for every mount (0.052333ms)
✔ skybox orbit dragging is enabled by the shared input policy (0.047458ms)
✔ discrete wheels and precision scroll gestures have separate shared gains (0.049458ms)
✔ scroll input classification preserves accelerated precision gestures and permits device changes (0.132125ms)
✔ updates wheel and touch policy without replacing controls (0.285792ms)
✔ initial responsive failure removes its subscription and preserves startup rejection (0.230541ms)
✔ live responsive failure retires the subscription before reporting fatal (0.115541ms)
✔ asteroid Shadows default off in authored content and prepared runtime (2934.233375ms)
✔ publishes one off-by-default Shadows control for every planet (48.672666ms)
✔ control content permits empty capabilities but rejects malformed or conflicting declarations (0.45975ms)
ℹ tests 53
ℹ suites 0
ℹ pass 50
ℹ fail 3
ℹ cancelled 0
ℹ skipped 0
ℹ todo 0
ℹ duration_ms 10810.246458

✖ failing tests:

test at site/test/load-browser-profile.test.mjs:96:1
✖ all objects retain browser evidence for the controls they support (134.253084ms)
  AssertionError [ERR_ASSERTION]: itokawa: browser profile must provide lens race evidence inputs
      at validatePlanetBrowserProfile (file:///Users/ekrof/fed/cssEarth-pluto-small-moons/site/test/load-browser-profile.mjs:41:34)
      at loadPlanetBrowserProfile (file:///Users/ekrof/fed/cssEarth-pluto-small-moons/site/test/load-browser-profile.mjs:11:12)
      at async TestContext.<anonymous> (file:///Users/ekrof/fed/cssEarth-pluto-small-moons/site/test/load-browser-profile.test.mjs:98:21)
      at async Test.run (node:internal/test_runner/test:1389:7)
      at async Test.processPendingSubtests (node:internal/test_runner/test:960:7) {
    generatedMessage: false,
    code: 'ERR_ASSERTION',
    actual: undefined,
    expected: true,
    operator: '==',
    diff: 'simple'
  }

test at site/test/object-browser-profile.test.mjs:19:1
✖ every actual profile reads its recorded coordinates from the shared camera endpoint (95.500583ms)
  AssertionError [ERR_ASSERTION]: itokawa: browser profile must provide lens race evidence inputs
      at validatePlanetBrowserProfile (file:///Users/ekrof/fed/cssEarth-pluto-small-moons/site/test/load-browser-profile.mjs:41:34)
      at loadPlanetBrowserProfile (file:///Users/ekrof/fed/cssEarth-pluto-small-moons/site/test/load-browser-profile.mjs:11:12)
      at async TestContext.<anonymous> (file:///Users/ekrof/fed/cssEarth-pluto-small-moons/site/test/object-browser-profile.test.mjs:21:21)
      at async Test.run (node:internal/test_runner/test:1389:7)
      at async startSubtestAfterBootstrap (node:internal/test_runner/harness:387:3) {
    generatedMessage: false,
    code: 'ERR_ASSERTION',
    actual: undefined,
    expected: true,
    operator: '==',
    diff: 'simple'
  }

test at site/test/object-browser-profile.test.mjs:52:1
✖ an already ready object does not depend on a redundant browser waiter (27.535208ms)
  AssertionError [ERR_ASSERTION]: itokawa: browser profile must provide lens race evidence inputs
      at validatePlanetBrowserProfile (file:///Users/ekrof/fed/cssEarth-pluto-small-moons/site/test/load-browser-profile.mjs:41:34)
      at loadPlanetBrowserProfile (file:///Users/ekrof/fed/cssEarth-pluto-small-moons/site/test/load-browser-profile.mjs:11:12)
      at async TestContext.<anonymous> (file:///Users/ekrof/fed/cssEarth-pluto-small-moons/site/test/object-browser-profile.test.mjs:54:21)
      at async Test.run (node:internal/test_runner/test:1389:7)
      at async Test.processPendingSubtests (node:internal/test_runner/test:960:7) {
    generatedMessage: false,
    code: 'ERR_ASSERTION',
    actual: undefined,
    expected: true,
    operator: '==',
    diff: 'simple'
  }
