
> cssearth@0.1.0 test:renderer /Users/ekrof/fed/cssEarth-pluto-small-moons
> pnpm --filter @cssearth/engine exec vitest run --root ../../src/renderers/css --exclude "**/preparation/**"


 RUN  v3.2.7 /Users/ekrof/fed/cssEarth-pluto-small-moons/src/renderers/css

 ❯ navigation/surface-target.test.ts (2 tests | 1 failed) 13ms
   ✓ surface correction is a finite proper rotation toward the real physical eye at every bearing 3ms
   × the actual prepared Buenos Aires destination reaches the physical content centre at city zoom 10ms
     → expected 2482.5232722739242 to be greater than 30000
 ❯ paging/capabilities.test.ts (2 tests | 2 failed) 9ms
   × actual paged surface and noise plans retain every prepared field, including metadata stubs 8ms
     → Expected values to be strictly equal:

0 !== 2

   × invalid page ownership, budgets, roots and matrix bindings fail before mount 0ms
     → Cannot read properties of undefined (reading 'plan')
 ❯ validation/paged-presentation.test.ts (3 tests | 3 failed) 36ms
   × the external runtime boundary preserves both actual Earth page plans and metadata stubs 29ms
     → Expected values to be strictly equal:

0 !== 2

   × malformed page budgets, roots and matrices fail at the external runtime boundary 4ms
     → Prepared presentation: test page layer must be a plain record.
   × internal page lens overrides cannot silently disagree with the validated binding 3ms
     → Prepared presentation: test page layer must be a plain record.
 ✓ volume/prepared-volume-runtime.test.ts (6 tests) 503ms
   ✓ the active band has enough retained copies and remains continuous across gain and direction boundaries  406ms
 ✓ runtime/deferred-object-mount.test.ts (9 tests) 252ms
 ✓ stars/prepared-point-field-runtime.test.ts (12 tests) 635ms
   ✓ canonical catalogue mounts only its fixed pool and preserves its full coverage during navigation  618ms
stdout | shell/loader.test.ts > loads the pinned surface shell and its prepared material without reading source geometry
Prepared shell image bank integrity: {"images":1,"bytes":1111055,"decodedRgbaBytes":8290304}

 ✓ shell/loader.test.ts (2 tests) 201ms
 ❯ validation/depth-partitions.test.ts (3 tests | 3 failed) 703ms
   × the actual grouped surface keeps one object camera and validates before DOM construction 569ms
     → actual value must be number or bigint, received "undefined"
   × transport rejects missing or duplicated depth ownership and invalid separating planes 101ms
     → Cannot read properties of undefined (reading 'groups')
   × fixed visibility sequences cover the actual retained carriers 31ms
     → Cannot read properties of undefined (reading 'groups')
 ✓ solar-system/prepared-ring-projection.test.ts (4 tests) 133ms
stdout | volume/loader.test.ts > loads the checked-in density artifact with its complete fixed asset bank
Prepared image bank integrity: {"volume":{"images":544,"bytes":14960360,"decodedRgbaBytes":137418464},"sky":{"images":6,"bytes":318044,"decodedRgbaBytes":56623104}}

 ✓ volume/loader.test.ts (2 tests) 1195ms
   ✓ loads the checked-in density artifact with its complete fixed asset bank  1181ms
 ✓ navigation/view-url.test.ts (6 tests) 55ms
 ✓ runtime/prepared-resource-lease.test.ts (7 tests) 170ms
 ✓ runtime/navigable-object-mount.test.ts (1 test) 794ms
   ✓ preflight and native mount share one authenticated definition and transfer its resource ownership once  793ms
 ✓ prepared-object-worker-client.test.ts (3 tests) 4ms
stdout | stars/point-field-selection.integration.test.ts > selects the real 109389-star hierarchy at four observer distances
{"elapsedMs":172.17,"views":[{"representatives":2048,"maxProjectedErrorPx":518.8894391008761,"budgetLimited":true},{"representatives":2048,"maxProjectedErrorPx":287.68944367690847,"budgetLimited":true},{"representatives":2048,"maxProjectedErrorPx":123.26065547435202,"budgetLimited":true},{"representatives":2048,"maxProjectedErrorPx":88.15350753182452,"budgetLimited":true}]}

 ✓ navigation/selection-target.test.ts (5 tests) 24ms
 ✓ shell/prepared-shell-runtime.test.ts (55 tests) 36ms
 ✓ universe/world-context-point-source.test.ts (5 tests) 89ms
 ✓ sky/prepared-sky-runtime.test.ts (8 tests) 1363ms
   ✓ shared universe crossfades NASA with the independently graded completed volume (sky=true, profile=true)  355ms
   ✓ shared universe crossfades NASA with the independently graded completed volume (sky=true, profile=false)  369ms
   ✓ shared universe crossfades NASA with the independently graded completed volume (sky=false, profile=true)  360ms
 ✓ stars/validation.test.ts (2 tests) 2263ms
   ✓ decodes the checked prepared point field and verifies its pinned transport once  425ms
   ✓ rejects a malformed hierarchy partition, resource metadata, and pinned bytes  1837ms
 ✓ solar-system/prepared-perspective-ellipsoid.test.ts (5 tests) 23ms
 ✓ solar-system/heliocentric-world-view.test.ts (6 tests) 24ms
 ✓ validation/activation-groups.test.ts (1 test) 8ms
 ✓ navigation/world-camera-picking.test.mjs (14 tests) 17ms
 ✓ rendering/prepared-material.test.ts (4 tests) 7ms
 ✓ navigation/perspective-dolly.test.ts (3 tests) 8ms
 ✓ rendering/prepared-ownership.test.ts (8 tests) 8ms
 ✓ solar-system/cubic-sky-runtime.test.ts (1 test) 18ms
 ✓ rendering/prepared-tree.test.ts (3 tests) 6ms
 ✓ rendering/prepared-projective-texture-leaf.test.ts (3 tests) 10ms
 ✓ solar-system/prepared-ellipsoid-projection.test.ts (5 tests) 13ms
 ✓ stars/opacity-fader.test.ts (6 tests) 7ms
 ✓ sky/parallax.test.ts (5 tests) 7ms
 ✓ universe/environment-labels.test.ts (2 tests) 13ms
 ✓ solar-system/heliocentric-navigation.test.ts (4 tests) 4ms
 ✓ stars/point-field-labels.test.ts (9 tests) 12ms
 ✓ navigation/world-camera.test.ts (5 tests) 7ms
 ✓ paging/city-page-projection.test.ts (5 tests) 5ms
 ✓ stars/point-field-selection.integration.test.ts (2 tests) 1784ms
   ✓ selects the real 109389-star hierarchy at four observer distances  352ms
   ✓ matches brute-force visible-brightness top-K across six directions and four observer distances  1429ms
 ✓ loader.test.ts (12 tests) 2757ms
   ✓ mercury loads its actual pinned prepared JSON through the shared decoder  703ms
   ✓ venus loads its actual pinned prepared JSON through the shared decoder  508ms
   ✓ an authenticated mismatched envelope id fails before mount  356ms
 ✓ stars/point-field-selection-client.test.ts (4 tests) 5ms
 ✓ navigation/camera-viewport.test.ts (2 tests) 8ms
 ✓ solar-system/heliocentric-geometry.test.ts (5 tests) 3ms
 ✓ validation/scientific-focus.test.ts (2 tests) 20ms
 ✓ rendering/prepared-activation.test.ts (3 tests) 5ms
 ✓ universe/context-label-layout.test.ts (2 tests) 4ms
 ✓ navigation/saved-world-camera.test.ts (2 tests) 12ms
 ✓ volume/validation.test.ts (3 tests) 21ms
 ✓ rendering/prepared-playback.test.ts (6 tests) 2ms
 ✓ rendering/prepared-facing.test.ts (3 tests) 2ms
 ✓ navigation/screen-picking.test.ts (2 tests) 1ms
 ✓ solar-system/heliocentric-sprites.test.ts (1 test) 2ms
 ✓ rendering/retained-leaf-pool.test.ts (1 test) 4ms
 ✓ navigation/world-camera-hit.test.ts (1 test) 2ms
 ✓ rendering/prepared-depth-partitions.test.ts (2 tests) 2ms
 ✓ labels/screen-label-layout.test.ts (1 test) 1ms
 ✓ navigation/prepared-surface-hit.test.ts (2 tests) 1ms
 ✓ stars/point-field-projection.test.ts (2 tests) 9ms
 ✓ runtime/world-navigation-publication.test.ts (4 tests) 4ms
 ✓ navigation/prepared-wheel-zoom.test.mjs (2 tests) 6ms
 ✓ navigation/camera-layout.test.mjs (3 tests) 1ms
 ✓ universe/prepared-world-context.test.ts (48 tests) 213ms
 ✓ validation/prepared-object.test.ts (9 tests) 10494ms
   ✓ external transport cannot silently omit prepared activation ownership  618ms
   ✓ actual prepared Mercury and Venus documents preserve every JSON value and reference  1941ms
   ✓ node parents, scene ancestry, property references and retained targets are validated  1764ms
   ✓ undeclared and duplicate resource references fail before acquisition  1396ms
   ✓ camera fields and crossfade bounds cannot carry malformed or missing values  1586ms
   ✓ prepared material ordering, variant coverage and animation ownership remain enforced  1242ms
   ✓ celestial direction, photometry samples and label identities are validated  934ms
   ✓ a body without lenses validates both fixed and toggle-selected presentations  984ms

⎯⎯⎯⎯⎯⎯⎯ Failed Tests 9 ⎯⎯⎯⎯⎯⎯⎯

 FAIL  navigation/surface-target.test.ts > the actual prepared Buenos Aires destination reaches the physical content centre at city zoom
AssertionError: expected 2482.5232722739242 to be greater than 30000
 ❯ navigation/surface-target.test.ts:61:32
     59|   const corrected = project(prepareSurfaceTargetRotation(centre));
     60|   expect(corrected[0]).toBeCloseTo(870, 8); expect(corrected[1]).toBeC…
     61|   expect(project(identity)[0]).toBeGreaterThan(30_000, 'deleting corre…
       |                                ^
     62|   expect(destination.zoom).toBe(2048);
     63| });

⎯⎯⎯⎯⎯⎯⎯⎯⎯⎯⎯⎯⎯⎯⎯⎯⎯⎯⎯⎯⎯⎯⎯⎯[1/9]⎯

 FAIL  paging/capabilities.test.ts > actual paged surface and noise plans retain every prepared field, including metadata stubs
AssertionError: Expected values to be strictly equal:

0 !== 2


- Expected
+ Received

- 2
+ 0

 ❯ paging/capabilities.test.ts:8:10
      6| const runtime = JSON.parse(await readFile(new URL('../../../planets/ea…
      7| test('actual paged surface and noise plans retain every prepared field…
      8|   assert.equal(runtime.pageLayers.length, 2);
       |          ^
      9|   for (const layer of runtime.pageLayers) assert.equal(parsePreparedPa…
     10|   assert.ok(runtime.pageLayers.some(layer => layer.plan.roots.some(roo…

⎯⎯⎯⎯⎯⎯⎯⎯⎯⎯⎯⎯⎯⎯⎯⎯⎯⎯⎯⎯⎯⎯⎯⎯[2/9]⎯

 FAIL  paging/capabilities.test.ts > invalid page ownership, budgets, roots and matrix bindings fail before mount
TypeError: Cannot read properties of undefined (reading 'plan')
 ❯ paging/capabilities.test.ts:13:38
     11| });
     12| test('invalid page ownership, budgets, roots and matrix bindings fail …
     13|   const plan = runtime.pageLayers[0].plan;
       |                                      ^
     14|   for (const mutate of [
     15|     value => { value.assetPath = '/'; },

⎯⎯⎯⎯⎯⎯⎯⎯⎯⎯⎯⎯⎯⎯⎯⎯⎯⎯⎯⎯⎯⎯⎯⎯[3/9]⎯

 FAIL  validation/depth-partitions.test.ts > the actual grouped surface keeps one object camera and validates before DOM construction
TypeError: actual value must be number or bigint, received "undefined"
 ❯ validation/depth-partitions.test.ts:9:47
      7| test('the actual grouped surface keeps one object camera and validates…
      8|   const plan = parsePreparedObjectRuntime(prepared);
      9|   expect(plan.depthPartitions?.groups.length).toBeGreaterThan(1);
       |                                               ^
     10|   expect(plan.facing?.length).toBe(plan.surfaceHit?.triangles.length);
     11| });

⎯⎯⎯⎯⎯⎯⎯⎯⎯⎯⎯⎯⎯⎯⎯⎯⎯⎯⎯⎯⎯⎯⎯⎯[4/9]⎯

 FAIL  validation/depth-partitions.test.ts > transport rejects missing or duplicated depth ownership and invalid separating planes
TypeError: Cannot read properties of undefined (reading 'groups')
 ❯ plan.depthPartitions.groups.<computed> validation/depth-partitions.test.ts:15:55
     13| test('transport rejects missing or duplicated depth ownership and inva…
     14|   for (const mutate of [
     15|     (plan: typeof prepared) => { plan.depthPartitions.groups[0].root =…
       |                                                       ^
     16|     (plan: typeof prepared) => { plan.depthPartitions.groups[1] = plan…
     17|     (plan: typeof prepared) => { plan.depthPartitions.order = { group:…
 ❯ validation/depth-partitions.test.ts:24:45

⎯⎯⎯⎯⎯⎯⎯⎯⎯⎯⎯⎯⎯⎯⎯⎯⎯⎯⎯⎯⎯⎯⎯⎯[5/9]⎯

 FAIL  validation/depth-partitions.test.ts > fixed visibility sequences cover the actual retained carriers
TypeError: Cannot read properties of undefined (reading 'groups')
 ❯ validation/depth-partitions.test.ts:31:65
     29| test('fixed visibility sequences cover the actual retained carriers', …
     30|   const plan = structuredClone(prepared);
     31|   plan.depthPartitions.order = { sequence: plan.depthPartitions.groups…
       |                                                                 ^
     32|   expect(parsePreparedObjectRuntime(plan).depthPartitions?.groups.leng…
     33| });

⎯⎯⎯⎯⎯⎯⎯⎯⎯⎯⎯⎯⎯⎯⎯⎯⎯⎯⎯⎯⎯⎯⎯⎯[6/9]⎯

 FAIL  validation/paged-presentation.test.ts > the external runtime boundary preserves both actual Earth page plans and metadata stubs
AssertionError: Expected values to be strictly equal:

0 !== 2


- Expected
+ Received

- 2
+ 0

 ❯ validation/paged-presentation.test.ts:17:10
     15|   const parsed = parsePreparedObjectRuntime(original);
     16|   assert.equal(parsed, original);
     17|   assert.equal(parsed.pageLayers?.length, 2);
       |          ^
     18|   for (const page of parsed.pageLayers ?? []) {
     19|     assert.equal(parsePreparedPagePlan(page.plan, { lensIds: page.lens…

⎯⎯⎯⎯⎯⎯⎯⎯⎯⎯⎯⎯⎯⎯⎯⎯⎯⎯⎯⎯⎯⎯⎯⎯[7/9]⎯

 FAIL  validation/paged-presentation.test.ts > malformed page budgets, roots and matrices fail at the external runtime boundary
TypeError: Prepared presentation: test page layer must be a plain record.
 ❯ fail validation/guards.ts:2:54
      1| export type RecordValue = Record<string, unknown>;
      2| export function fail(message: string): never { throw new TypeError(`Pr…
       |                                                      ^
      3| function plainRecord(value: unknown): value is RecordValue {
      4|   return value !== null && typeof value === 'object' && Object.getProt…
 ❯ record validation/guards.ts:7:28
 ❯ layer validation/paged-presentation.test.ts:11:62
 ❯ plan validation/paged-presentation.test.ts:12:68
 ❯ validation/paged-presentation.test.ts:42:34

⎯⎯⎯⎯⎯⎯⎯⎯⎯⎯⎯⎯⎯⎯⎯⎯⎯⎯⎯⎯⎯⎯⎯⎯[8/9]⎯

 FAIL  validation/paged-presentation.test.ts > internal page lens overrides cannot silently disagree with the validated binding
TypeError: Prepared presentation: test page layer must be a plain record.
 ❯ fail validation/guards.ts:2:54
      1| export type RecordValue = Record<string, unknown>;
      2| export function fail(message: string): never { throw new TypeError(`Pr…
       |                                                      ^
      3| function plainRecord(value: unknown): value is RecordValue {
      4|   return value !== null && typeof value === 'object' && Object.getProt…
 ❯ record validation/guards.ts:7:28
 ❯ layer validation/paged-presentation.test.ts:11:62
 ❯ plan validation/paged-presentation.test.ts:12:68
 ❯ validation/paged-presentation.test.ts:49:27

⎯⎯⎯⎯⎯⎯⎯⎯⎯⎯⎯⎯⎯⎯⎯⎯⎯⎯⎯⎯⎯⎯⎯⎯[9/9]⎯


 Test Files  4 failed | 58 passed (62)
      Tests  9 failed | 341 passed (350)
   Start at  01:58:10
   Duration  11.61s (transform 7.81s, setup 0ms, collect 20.76s, tests 24.04s, environment 11ms, prepare 4.57s)

undefined
/Users/ekrof/fed/cssEarth-pluto-small-moons/packages/engine:
 ERR_PNPM_RECURSIVE_EXEC_FIRST_FAIL  Command failed with exit code 1: vitest run --root ../../src/renderers/css --exclude **/preparation/**
 ELIFECYCLE  Command failed with exit code 1.
