23:15:25 [types] Generated 0ms
 astro  v7.2.9 ready in 838 ms
┃ Local    http://127.0.0.1:4292/
23:15:25 watching for file changes...
(node:63181) ExperimentalWarning: stripTypeScriptTypes is an experimental feature and might change at any time
(Use `node --trace-warnings ...` to show where the warning was created)
[conformance] START moon/mobile
23:15:31 [200] /moon/ 1769ms
23:15:35 [200] /objects/moon/eb5e099df1cdc80ee84fa3667b7073602702a70af9a9c3538885f508f147c4d6.json 1ms
[conformance] PASS moon/mobile (10038ms)
[conformance] START moon/dataset-interactions
23:15:36 [200] /moon/ 11ms
23:15:38 [200] /objects/moon/eb5e099df1cdc80ee84fa3667b7073602702a70af9a9c3538885f508f147c4d6.json 2ms
[conformance] PASS moon/dataset-interactions (17792ms)
[conformance] START moon/dataset-interactions-dpr-2
23:15:54 [200] /moon/ 16ms
23:15:56 [200] /objects/moon/eb5e099df1cdc80ee84fa3667b7073602702a70af9a9c3538885f508f147c4d6.json 3ms
[conformance] PASS moon/dataset-interactions-dpr-2 (19471ms)
{
  "ok": true,
  "reports": [
    {
      "id": "moon",
      "case": "initial-shell",
      "skipped": true
    },
    {
      "id": "moon",
      "case": "desktop",
      "skipped": true
    },
    {
      "id": "moon",
      "viewport": "mobile",
      "mountedPlanets": 1,
      "stageCount": 1,
      "cameraCount": 1,
      "canvasCount": 0,
      "sceneSvgCount": 0,
      "stageChildren": 6,
      "stageElements": 115717,
      "stable": true
    },
    {
      "id": "moon",
      "case": "dataset-interactions",
      "deviceScaleFactor": 1,
      "datasets": [
        {
          "id": "surface",
          "interior": false,
          "geometryDisplacement": 126.91393665992945,
          "shadowPixels": null
        },
        {
          "id": "midnight-temperature",
          "interior": false,
          "geometryDisplacement": 126.99161972818749,
          "shadowPixels": null
        },
        {
          "id": "heat-anomalies",
          "interior": false,
          "geometryDisplacement": 127.12971224416168,
          "shadowPixels": null
        },
        {
          "id": "rock-abundance",
          "interior": false,
          "geometryDisplacement": 127.11850383355006,
          "shadowPixels": null
        },
        {
          "id": "topography",
          "interior": false,
          "geometryDisplacement": 126.47395544862077,
          "shadowPixels": null
        },
        {
          "id": "crust",
          "interior": false,
          "geometryDisplacement": 126.78405426556557,
          "shadowPixels": null
        },
        {
          "id": "silicate-signature",
          "interior": false,
          "geometryDisplacement": 126.93768870440863,
          "shadowPixels": null
        },
        {
          "id": "geology",
          "interior": false,
          "geometryDisplacement": 127.1078481343631,
          "shadowPixels": null
        }
      ]
    },
    {
      "id": "moon",
      "case": "dataset-interactions",
      "deviceScaleFactor": 2,
      "datasets": [
        {
          "id": "surface",
          "interior": false,
          "geometryDisplacement": 126.91393665992945,
          "shadowPixels": null
        },
        {
          "id": "midnight-temperature",
          "interior": false,
          "geometryDisplacement": 126.99161972818749,
          "shadowPixels": null
        },
        {
          "id": "heat-anomalies",
          "interior": false,
          "geometryDisplacement": 127.12971224416168,
          "shadowPixels": null
        },
        {
          "id": "rock-abundance",
          "interior": false,
          "geometryDisplacement": 127.11850383355006,
          "shadowPixels": null
        },
        {
          "id": "topography",
          "interior": false,
          "geometryDisplacement": 126.47395544862077,
          "shadowPixels": null
        },
        {
          "id": "crust",
          "interior": false,
          "geometryDisplacement": 126.78405426556557,
          "shadowPixels": null
        },
        {
          "id": "silicate-signature",
          "interior": false,
          "geometryDisplacement": 126.93768870440863,
          "shadowPixels": null
        },
        {
          "id": "geology",
          "interior": false,
          "geometryDisplacement": 127.1078481343631,
          "shadowPixels": null
        }
      ]
    },
    {
      "id": "moon",
      "case": "pre-ready-hidden-motion-off",
      "skipped": true
    },
    {
      "id": "moon",
      "case": "pre-ready-visible-motion-off",
      "skipped": true
    },
    {
      "id": "moon",
      "case": "pre-ready-hidden-motion-on",
      "skipped": true
    },
    {
      "id": "moon",
      "case": "pre-ready-visible-motion-on",
      "skipped": true
    },
    {
      "id": "moon",
      "case": "dpr-1",
      "skipped": true
    },
    {
      "id": "moon",
      "case": "dpr-2",
      "skipped": true
    },
    {
      "id": "moon",
      "case": "lens-race",
      "skipped": true
    },
    {
      "id": "moon",
      "case": "lens-reacquire",
      "skipped": true
    },
    {
      "id": "moon",
      "case": "lens-rejection",
      "skipped": true
    },
    {
      "id": "moon",
      "case": "lens-destroy",
      "skipped": true
    }
  ]
}
