23:16:14 [types] Generated 0ms
 astro  v7.2.9 ready in 809 ms
┃ Local    http://127.0.0.1:4292/
23:16:14 watching for file changes...
(node:68237) ExperimentalWarning: stripTypeScriptTypes is an experimental feature and might change at any time
(Use `node --trace-warnings ...` to show where the warning was created)
[conformance] START moon/lens-race
23:16:20 [200] /moon/ 1798ms
23:16:25 [200] /objects/moon/eb5e099df1cdc80ee84fa3667b7073602702a70af9a9c3538885f508f147c4d6.json 2ms
[conformance] PASS moon/lens-race (9686ms)
[conformance] START moon/lens-reacquire
23:16:25 [200] /moon/ 11ms
23:16:28 [200] /objects/moon/eb5e099df1cdc80ee84fa3667b7073602702a70af9a9c3538885f508f147c4d6.json 1ms
[conformance] PASS moon/lens-reacquire (3592ms)
[conformance] START moon/lens-rejection
23:16:29 [200] /moon/ 13ms
23:16:32 [200] /objects/moon/eb5e099df1cdc80ee84fa3667b7073602702a70af9a9c3538885f508f147c4d6.json 3ms
[conformance] PASS moon/lens-rejection (4109ms)
[conformance] START moon/lens-destroy
23:16:33 [200] /moon/ 10ms
23:16:36 [200] /objects/moon/eb5e099df1cdc80ee84fa3667b7073602702a70af9a9c3538885f508f147c4d6.json 2ms
[conformance] PASS moon/lens-destroy (3588ms)
{
  "ok": true,
  "reports": [
    {
      "id": "moon",
      "case": "initial-shell",
      "skipped": true
    },
    {
      "id": "moon",
      "case": "desktop",
      "skipped": true
    },
    {
      "id": "moon",
      "case": "mobile",
      "skipped": true
    },
    {
      "id": "moon",
      "case": "dataset-interactions",
      "skipped": true
    },
    {
      "id": "moon",
      "case": "dataset-interactions-dpr-2",
      "skipped": true
    },
    {
      "id": "moon",
      "case": "pre-ready-hidden-motion-off",
      "skipped": true
    },
    {
      "id": "moon",
      "case": "pre-ready-visible-motion-off",
      "skipped": true
    },
    {
      "id": "moon",
      "case": "pre-ready-hidden-motion-on",
      "skipped": true
    },
    {
      "id": "moon",
      "case": "pre-ready-visible-motion-on",
      "skipped": true
    },
    {
      "id": "moon",
      "case": "dpr-1",
      "skipped": true
    },
    {
      "id": "moon",
      "case": "dpr-2",
      "skipped": true
    },
    {
      "id": "moon",
      "viewport": "lens-race",
      "lens": "crust",
      "slowDecodeCount": 1
    },
    {
      "id": "moon",
      "viewport": "lens-reacquire",
      "lens": "topography"
    },
    {
      "id": "moon",
      "viewport": "lens-rejection-retry",
      "lens": "topography"
    },
    {
      "id": "moon",
      "viewport": "lens-destroy"
    }
  ]
}
