
> cssearth@0.1.0 prebuild /Users/ekrof/fed/cssEarth-moons-cassini-atlas
> pnpm build:packages && pnpm build:renderer && pnpm build:preparation && pnpm prepare:object-json && pnpm prepare:minimap && pnpm prepare:provenance && pnpm prepare:spacecraft


> cssearth@0.1.0 build:packages /Users/ekrof/fed/cssEarth-moons-cassini-atlas
> pnpm -r --filter "./packages/**" build

Scope: 4 of 5 workspace projects
packages/astronomy build$ tsup
packages/catalog build$ tsup
packages/objects build$ tsup
packages/catalog build: CLI Building entry: src/index.ts
packages/catalog build: CLI Using tsconfig: tsconfig.json
packages/catalog build: CLI tsup v8.5.1
packages/catalog build: CLI Using tsup config: /Users/ekrof/fed/cssEarth-moons-cassini-atlas/packages/catalog/tsup.config.ts
packages/objects build: CLI Building entry: src/index.ts
packages/objects build: CLI Using tsconfig: tsconfig.json
packages/objects build: CLI tsup v8.5.1
packages/objects build: CLI Using tsup config: /Users/ekrof/fed/cssEarth-moons-cassini-atlas/packages/objects/tsup.config.ts
packages/astronomy build: CLI Building entry: src/index.ts
packages/astronomy build: CLI Using tsconfig: tsconfig.json
packages/astronomy build: CLI tsup v8.5.1
packages/astronomy build: CLI Using tsup config: /Users/ekrof/fed/cssEarth-moons-cassini-atlas/packages/astronomy/tsup.config.ts
packages/astronomy build: CLI Target: es2022
packages/objects build: CLI Target: es2022
packages/catalog build: CLI Target: es2022
packages/objects build: CLI Cleaning output folder
packages/catalog build: CLI Cleaning output folder
packages/astronomy build: CLI Cleaning output folder
packages/objects build: ESM Build start
packages/objects build: CJS Build start
packages/catalog build: ESM Build start
packages/catalog build: CJS Build start
packages/astronomy build: ESM Build start
packages/astronomy build: CJS Build start
packages/catalog build: ESM dist/index.js 5.78 KB
packages/catalog build: ESM ⚡️ Build success in 14ms
packages/catalog build: CJS dist/index.cjs 7.02 KB
packages/catalog build: CJS ⚡️ Build success in 14ms
packages/objects build: ESM dist/index.js 62.80 KB
packages/objects build: ESM ⚡️ Build success in 22ms
packages/objects build: CJS dist/index.cjs 65.15 KB
packages/objects build: CJS ⚡️ Build success in 23ms
packages/astronomy build: CJS dist/index.cjs 1.65 MB
packages/astronomy build: CJS ⚡️ Build success in 78ms
packages/astronomy build: ESM dist/index.js 1.64 MB
packages/astronomy build: ESM ⚡️ Build success in 87ms
packages/catalog build: DTS Build start
packages/astronomy build: DTS Build start
packages/objects build: DTS Build start
packages/objects build: DTS ⚡️ Build success in 468ms
packages/objects build: DTS dist/index.d.ts  15.41 KB
packages/objects build: DTS dist/index.d.cts 15.41 KB
packages/catalog build: DTS ⚡️ Build success in 472ms
packages/catalog build: DTS dist/index.d.ts  3.95 KB
packages/catalog build: DTS dist/index.d.cts 3.95 KB
packages/objects build: Done
packages/catalog build: Done
packages/astronomy build: DTS ⚡️ Build success in 1005ms
packages/astronomy build: DTS dist/index.d.ts  65.06 KB
packages/astronomy build: DTS dist/index.d.cts 65.06 KB
packages/astronomy build: Done
packages/engine build$ tsup
packages/engine build: CLI Building entry: src/index.ts
packages/engine build: CLI Using tsconfig: tsconfig.json
packages/engine build: CLI tsup v8.5.1
packages/engine build: CLI Using tsup config: /Users/ekrof/fed/cssEarth-moons-cassini-atlas/packages/engine/tsup.config.ts
packages/engine build: CLI Target: es2022
packages/engine build: CLI Cleaning output folder
packages/engine build: ESM Build start
packages/engine build: CJS Build start
packages/engine build: CJS dist/index.cjs 65.29 KB
packages/engine build: CJS ⚡️ Build success in 17ms
packages/engine build: ESM dist/index.js 60.45 KB
packages/engine build: ESM ⚡️ Build success in 17ms
packages/engine build: DTS Build start
packages/engine build: DTS ⚡️ Build success in 409ms
packages/engine build: DTS dist/index.d.ts  24.62 KB
packages/engine build: DTS dist/index.d.cts 24.62 KB
packages/engine build: Done

> cssearth@0.1.0 build:renderer /Users/ekrof/fed/cssEarth-moons-cassini-atlas
> pnpm --filter @cssearth/engine exec tsup --config ../../src/renderers/css/tsup.config.ts

CLI Building entry: {"index":"/Users/ekrof/fed/cssEarth-moons-cassini-atlas/src/renderers/css/index.ts","universe":"/Users/ekrof/fed/cssEarth-moons-cassini-atlas/src/renderers/css/universe/index.ts","navigation":"/Users/ekrof/fed/cssEarth-moons-cassini-atlas/src/renderers/css/navigation/index.ts","testing":"/Users/ekrof/fed/cssEarth-moons-cassini-atlas/src/renderers/css/testing.ts","point-field-selection-worker":"/Users/ekrof/fed/cssEarth-moons-cassini-atlas/src/renderers/css/stars/point-field-selection-worker.ts","world-context-planner-worker":"/Users/ekrof/fed/cssEarth-moons-cassini-atlas/src/renderers/css/universe/world-context-planner-worker.ts","prepared-object-worker":"/Users/ekrof/fed/cssEarth-moons-cassini-atlas/src/renderers/css/prepared-object-worker.ts"}
CLI Using tsconfig: ../../src/renderers/css/tsconfig.json
CLI tsup v8.5.1
CLI Using tsup config: /Users/ekrof/fed/cssEarth-moons-cassini-atlas/src/renderers/css/tsup.config.ts
CLI Target: es2022
CLI Cleaning output folder
ESM Build start
CJS Build start

 WARN  [33m▲ [43;33m[[43;30mWARNING[43;33m][0m [1m"import.meta" is not available with the "cjs" output format and will be empty[0m [empty-import-meta]

    ../../src/renderers/css/prepared-object-worker-client.ts:7:97:
[37m      7 │ ...w Worker(new URL('./prepared-object-worker.js', [32mimport.meta[37m.url), {
        ╵                                                    [32m~~~~~~~~~~~[0m

  You need to set the output format to "esm" for "import.meta" to work correctly.




 WARN  [33m▲ [43;33m[[43;30mWARNING[43;33m][0m [1m"import.meta" is not available with the "cjs" output format and will be empty[0m [empty-import-meta]

    ../../src/renderers/css/stars/point-field-selection-client.ts:22:103:
[37m      22 │ ...ker(new URL('./point-field-selection-worker.js', [32mimport.meta[37m.url),
         ╵                                                     [32m~~~~~~~~~~~[0m

  You need to set the output format to "esm" for "import.meta" to work correctly.




 WARN  [33m▲ [43;33m[[43;30mWARNING[43;33m][0m [1m"import.meta" is not available with the "cjs" output format and will be empty[0m [empty-import-meta]

    ../../src/renderers/css/universe/world-context-planner-client.ts:13:105:
[37m      13 │ ...ker(new URL('./world-context-planner-worker.js', [32mimport.meta[37m.url),
         ╵                                                     [32m~~~~~~~~~~~[0m

  You need to set the output format to "esm" for "import.meta" to work correctly.



ESM ../../src/renderers/css/dist/universe.js                     3.59 KB
ESM ../../src/renderers/css/dist/navigation.js                   3.99 KB
ESM ../../src/renderers/css/dist/testing.js                      3.08 KB
ESM ../../src/renderers/css/dist/chunk-LCUD5ZL2.js               132.70 KB
ESM ../../src/renderers/css/dist/point-field-selection-worker.js 901.00 B
ESM ../../src/renderers/css/dist/chunk-FYAUJ7OO.js               686.00 B
ESM ../../src/renderers/css/dist/index.js                        186.09 KB
ESM ../../src/renderers/css/dist/chunk-JAMP5PAP.js               54.25 KB
ESM ../../src/renderers/css/dist/chunk-7S73IRWW.js               21.66 KB
ESM ../../src/renderers/css/dist/chunk-4H6PHH2Y.js               4.15 KB
ESM ../../src/renderers/css/dist/chunk-LRMY537R.js               17.59 KB
ESM ../../src/renderers/css/dist/chunk-FSPWA4JU.js               72.27 KB
ESM ../../src/renderers/css/dist/chunk-VWSRVDGF.js               25.41 KB
ESM ../../src/renderers/css/dist/prepared-object-worker.js       648.00 B
ESM ../../src/renderers/css/dist/chunk-GELTBGHK.js               7.26 KB
ESM ../../src/renderers/css/dist/chunk-5RGGGQ64.js               57.89 KB
ESM ../../src/renderers/css/dist/chunk-ZQMQUVRT.js               3.55 KB
ESM ../../src/renderers/css/dist/world-context-planner-worker.js 681.00 B
ESM ../../src/renderers/css/dist/chunk-2D7ONUL4.js               21.94 KB
ESM ../../src/renderers/css/dist/chunk-TLSO4G42.js               6.94 KB
ESM ../../src/renderers/css/dist/chunk-L4DRWYW3.js               82.52 KB
ESM ⚡️ Build success in 69ms
CJS ../../src/renderers/css/dist/world-context-planner-worker.cjs 29.00 KB
CJS ../../src/renderers/css/dist/testing.cjs                      190.86 KB
CJS ../../src/renderers/css/dist/universe.cjs                     227.43 KB
CJS ../../src/renderers/css/dist/prepared-object-worker.cjs       130.60 KB
CJS ../../src/renderers/css/dist/navigation.cjs                   40.46 KB
CJS ../../src/renderers/css/dist/point-field-selection-worker.cjs 1.46 KB
CJS ../../src/renderers/css/dist/index.cjs                        690.63 KB
CJS ⚡️ Build success in 69ms
DTS Build start
DTS ⚡️ Build success in 5098ms
DTS ../../src/renderers/css/dist/prepared-object-worker.d.ts               13.00 B
DTS ../../src/renderers/css/dist/navigation.d.ts                           1.57 KB
DTS ../../src/renderers/css/dist/universe.d.ts                             1.47 KB
DTS ../../src/renderers/css/dist/index.d.ts                                11.36 KB
DTS ../../src/renderers/css/dist/testing.d.ts                              11.88 KB
DTS ../../src/renderers/css/dist/point-field-selection-worker.d.ts         13.00 B
DTS ../../src/renderers/css/dist/world-context-planner-worker.d.ts         13.00 B
DTS ../../src/renderers/css/dist/saved-world-camera-DF8Yauic.d.ts          841.00 B
DTS ../../src/renderers/css/dist/prepared-object-navigation-B0JC7ydq.d.ts  4.64 KB
DTS ../../src/renderers/css/dist/prepared-universe-runtime-D1bDAmnU.d.ts   15.80 KB
DTS ../../src/renderers/css/dist/view-url-oqpS1dlk.d.ts                    26.92 KB
DTS ../../src/renderers/css/dist/screen-label-layout-DgUdS722.d.ts         58.30 KB
DTS ../../src/renderers/css/dist/prepared-object-worker.d.cts              13.00 B
DTS ../../src/renderers/css/dist/navigation.d.cts                          1.57 KB
DTS ../../src/renderers/css/dist/universe.d.cts                            1.48 KB
DTS ../../src/renderers/css/dist/index.d.cts                               11.37 KB
DTS ../../src/renderers/css/dist/testing.d.cts                             11.88 KB
DTS ../../src/renderers/css/dist/point-field-selection-worker.d.cts        13.00 B
DTS ../../src/renderers/css/dist/world-context-planner-worker.d.cts        13.00 B
DTS ../../src/renderers/css/dist/saved-world-camera-Bh5X0qkX.d.cts         842.00 B
DTS ../../src/renderers/css/dist/prepared-object-navigation-DYCdWQR3.d.cts 4.64 KB
DTS ../../src/renderers/css/dist/prepared-universe-runtime-DZftBJXM.d.cts  15.80 KB
DTS ../../src/renderers/css/dist/view-url-oqpS1dlk.d.cts                   26.92 KB
DTS ../../src/renderers/css/dist/screen-label-layout-l3pnLnHu.d.cts        58.30 KB

> cssearth@0.1.0 build:preparation /Users/ekrof/fed/cssEarth-moons-cassini-atlas
> pnpm --filter @cssearth/engine exec tsup --config ../../tools/objects/tsup.config.ts

CLI Building entry: ../../tools/objects/operations.ts, ../../tools/objects/prepare-authored.ts, ../../tools/objects/prepare-shell.ts, ../../tools/objects/prepare-spatial-context.ts, ../../tools/objects/prepare-stars.ts, ../../tools/objects/prepare-volume.ts, ../../tools/objects/prepare-world-navigation.ts, ../../tools/objects/celestial/prepare.ts, ../../tools/objects/content/prepare.ts
CLI Using tsconfig: tsconfig.json
CLI tsup v8.5.1
CLI Using tsup config: /Users/ekrof/fed/cssEarth-moons-cassini-atlas/tools/objects/tsup.config.ts
CLI Target: node22
CLI Cleaning output folder
ESM Build start
ESM ../../tools/objects/dist/operations.js               50.32 KB
ESM ../../tools/objects/dist/prepare-stars.js            22.30 KB
ESM ../../tools/objects/dist/prepare-shell.js            25.54 KB
ESM ../../tools/objects/dist/prepare-spatial-context.js  37.82 KB
ESM ../../tools/objects/dist/prepare-volume.js           67.32 KB
ESM ../../tools/objects/dist/celestial/prepare.js        7.76 KB
ESM ../../tools/objects/dist/content/prepare.js          47.94 KB
ESM ../../tools/objects/dist/prepare-authored.js         371.92 KB
ESM ../../tools/objects/dist/prepare-world-navigation.js 39.65 KB
ESM ⚡️ Build success in 25ms

> cssearth@0.1.0 prepare:object-json /Users/ekrof/fed/cssEarth-moons-cassini-atlas
> node tools/prepare-object-json.mjs

node:internal/fs/promises:697
  return new FileHandle(await PromisePrototypeThen(
                        ^

Error: ENOENT: no such file or directory, open '/Users/ekrof/fed/cssEarth-moons-cassini-atlas/src/planets/polymele/prepared/runtime.json'
    at async open (node:internal/fs/promises:697:25)
    at async readFile (node:internal/fs/promises:1348:14)
    at async prepareObjectJson (file:///Users/ekrof/fed/cssEarth-moons-cassini-atlas/tools/prepare-object-json.mjs:72:20)
    at async file:///Users/ekrof/fed/cssEarth-moons-cassini-atlas/tools/prepare-object-json.mjs:94:24 {
  errno: -2,
  code: 'ENOENT',
  syscall: 'open',
  path: '/Users/ekrof/fed/cssEarth-moons-cassini-atlas/src/planets/polymele/prepared/runtime.json'
}

Node.js v24.19.0
 ELIFECYCLE  Command failed with exit code 1.
 ELIFECYCLE  Command failed with exit code 1.
